Component: ARM Compiler 5.06 update 7 (build 960) Tool: armlink [4d3601]

==============================================================================

Section Cross References

    startup_stm32f427xx.o(STACK) refers (Special) to heapauxi.o(.text) for __use_two_region_memory
    startup_stm32f427xx.o(HEAP) refers (Special) to heapauxi.o(.text) for __use_two_region_memory
    startup_stm32f427xx.o(RESET) refers (Special) to heapauxi.o(.text) for __use_two_region_memory
    startup_stm32f427xx.o(RESET) refers to startup_stm32f427xx.o(STACK) for __initial_sp
    startup_stm32f427xx.o(RESET) refers to startup_stm32f427xx.o(.text) for Reset_Handler
    startup_stm32f427xx.o(RESET) refers to stm32f4xx_it.o(i.NMI_Handler) for NMI_Handler
    startup_stm32f427xx.o(RESET) refers to stm32f4xx_it.o(i.HardFault_Handler) for HardFault_Handler
    startup_stm32f427xx.o(RESET) refers to stm32f4xx_it.o(i.MemManage_Handler) for MemManage_Handler
    startup_stm32f427xx.o(RESET) refers to stm32f4xx_it.o(i.BusFault_Handler) for BusFault_Handler
    startup_stm32f427xx.o(RESET) refers to stm32f4xx_it.o(i.UsageFault_Handler) for UsageFault_Handler
    startup_stm32f427xx.o(RESET) refers to port.o(.emb_text) for SVC_Handler
    startup_stm32f427xx.o(RESET) refers to stm32f4xx_it.o(i.DebugMon_Handler) for DebugMon_Handler
    startup_stm32f427xx.o(RESET) refers to port.o(i.SysTick_Handler) for SysTick_Handler
    startup_stm32f427xx.o(RESET) refers to stm32f4xx_it.o(i.DMA1_Stream3_IRQHandler) for DMA1_Stream3_IRQHandler
    startup_stm32f427xx.o(RESET) refers to stm32f4xx_it.o(i.DMA1_Stream6_IRQHandler) for DMA1_Stream6_IRQHandler
    startup_stm32f427xx.o(RESET) refers to stm32f4xx_it.o(i.CAN1_TX_IRQHandler) for CAN1_TX_IRQHandler
    startup_stm32f427xx.o(RESET) refers to stm32f4xx_it.o(i.CAN1_RX0_IRQHandler) for CAN1_RX0_IRQHandler
    startup_stm32f427xx.o(RESET) refers to stm32f4xx_it.o(i.TIM6_DAC_IRQHandler) for TIM6_DAC_IRQHandler
    startup_stm32f427xx.o(RESET) refers to stm32f4xx_it.o(i.CAN2_TX_IRQHandler) for CAN2_TX_IRQHandler
    startup_stm32f427xx.o(RESET) refers to stm32f4xx_it.o(i.CAN2_RX0_IRQHandler) for CAN2_RX0_IRQHandler
    startup_stm32f427xx.o(RESET) refers to stm32f4xx_it.o(i.DMA2_Stream6_IRQHandler) for DMA2_Stream6_IRQHandler
    startup_stm32f427xx.o(.text) refers (Special) to heapauxi.o(.text) for __use_two_region_memory
    startup_stm32f427xx.o(.text) refers to system_stm32f4xx.o(i.SystemInit) for SystemInit
    startup_stm32f427xx.o(.text) refers to __main.o(!!!main) for __main
    startup_stm32f427xx.o(.text) refers to startup_stm32f427xx.o(HEAP) for Heap_Mem
    startup_stm32f427xx.o(.text) refers to startup_stm32f427xx.o(STACK) for Stack_Mem
    adc_dc.o(i.AD_filter_1) refers to adc_dc.o(i.AD_median_filter) for AD_median_filter
    adc_dc.o(i.AD_filter_1) refers to f2d.o(x$fpl$f2d) for __aeabi_f2d
    adc_dc.o(i.AD_filter_1) refers to dmul.o(x$fpl$dmul) for __aeabi_dmul
    adc_dc.o(i.AD_filter_1) refers to daddsub_clz.o(x$fpl$dadd) for __aeabi_dadd
    adc_dc.o(i.AD_filter_1) refers to d2f.o(x$fpl$d2f) for __aeabi_d2f
    adc_dc.o(i.AD_filter_1) refers to adc_dc.o(.bss) for .bss
    adc_dc.o(i.AD_filter_1) refers to adc_dc.o(.data) for .data
    adc_dc.o(i.AD_filter_2) refers to adc_dc.o(i.AD_median_filter) for AD_median_filter
    adc_dc.o(i.AD_filter_2) refers to f2d.o(x$fpl$f2d) for __aeabi_f2d
    adc_dc.o(i.AD_filter_2) refers to dmul.o(x$fpl$dmul) for __aeabi_dmul
    adc_dc.o(i.AD_filter_2) refers to daddsub_clz.o(x$fpl$dadd) for __aeabi_dadd
    adc_dc.o(i.AD_filter_2) refers to d2f.o(x$fpl$d2f) for __aeabi_d2f
    adc_dc.o(i.AD_filter_2) refers to adc_dc.o(.bss) for .bss
    adc_dc.o(i.AD_filter_2) refers to adc_dc.o(.data) for .data
    adc_dc.o(i.AD_filter_3) refers to adc_dc.o(i.AD_median_filter) for AD_median_filter
    adc_dc.o(i.AD_filter_3) refers to f2d.o(x$fpl$f2d) for __aeabi_f2d
    adc_dc.o(i.AD_filter_3) refers to dmul.o(x$fpl$dmul) for __aeabi_dmul
    adc_dc.o(i.AD_filter_3) refers to daddsub_clz.o(x$fpl$dadd) for __aeabi_dadd
    adc_dc.o(i.AD_filter_3) refers to d2f.o(x$fpl$d2f) for __aeabi_d2f
    adc_dc.o(i.AD_filter_3) refers to adc_dc.o(.bss) for .bss
    adc_dc.o(i.AD_filter_3) refers to adc_dc.o(.data) for .data
    adc_dc.o(i.AD_filter_4) refers to adc_dc.o(i.AD_median_filter) for AD_median_filter
    adc_dc.o(i.AD_filter_4) refers to f2d.o(x$fpl$f2d) for __aeabi_f2d
    adc_dc.o(i.AD_filter_4) refers to dmul.o(x$fpl$dmul) for __aeabi_dmul
    adc_dc.o(i.AD_filter_4) refers to daddsub_clz.o(x$fpl$dadd) for __aeabi_dadd
    adc_dc.o(i.AD_filter_4) refers to d2f.o(x$fpl$d2f) for __aeabi_d2f
    adc_dc.o(i.AD_filter_4) refers to adc_dc.o(.bss) for .bss
    adc_dc.o(i.AD_filter_4) refers to adc_dc.o(.data) for .data
    adc_dc.o(i.AD_main_Filter) refers to adc_dc.o(i.AD_filter_1) for AD_filter_1
    adc_dc.o(i.AD_main_Filter) refers to adc_dc.o(i.AD_filter_2) for AD_filter_2
[...]
    i.HAL_GPIO_WritePin                      0x08001538   Section        0  stm32f4xx_hal_gpio.o(i.HAL_GPIO_WritePin)
    i.HAL_GetTick                            0x08001544   Section        0  stm32f4xx_hal.o(i.HAL_GetTick)
    i.HAL_IncTick                            0x08001550   Section        0  stm32f4xx_hal.o(i.HAL_IncTick)
    i.HAL_Init                               0x08001560   Section        0  stm32f4xx_hal.o(i.HAL_Init)
    i.HAL_InitTick                           0x08001594   Section        0  stm32f4xx_hal_timebase_tim.o(i.HAL_InitTick)
    i.HAL_MspInit                            0x0800162c   Section        0  stm32f4xx_hal_msp.o(i.HAL_MspInit)
    i.HAL_NVIC_EnableIRQ                     0x08001664   Section        0  stm32f4xx_hal_cortex.o(i.HAL_NVIC_EnableIRQ)
    i.HAL_NVIC_SetPriority                   0x08001680   Section        0  stm32f4xx_hal_cortex.o(i.HAL_NVIC_SetPriority)
    i.HAL_NVIC_SetPriorityGrouping           0x080016c0   Section        0  stm32f4xx_hal_cortex.o(i.HAL_NVIC_SetPriorityGrouping)
    i.HAL_PWREx_EnableOverDrive              0x080016e4   Section        0  stm32f4xx_hal_pwr_ex.o(i.HAL_PWREx_EnableOverDrive)
    i.HAL_RCC_ClockConfig                    0x08001754   Section        0  stm32f4xx_hal_rcc.o(i.HAL_RCC_ClockConfig)
    i.HAL_RCC_GetClockConfig                 0x08001888   Section        0  stm32f4xx_hal_rcc.o(i.HAL_RCC_GetClockConfig)
    i.HAL_RCC_GetPCLK1Freq                   0x080018c8   Section        0  stm32f4xx_hal_rcc.o(i.HAL_RCC_GetPCLK1Freq)
    i.HAL_RCC_GetPCLK2Freq                   0x080018e8   Section        0  stm32f4xx_hal_rcc.o(i.HAL_RCC_GetPCLK2Freq)
    i.HAL_RCC_GetSysClockFreq                0x08001908   Section        0  stm32f4xx_hal_rcc.o(i.HAL_RCC_GetSysClockFreq)
    i.HAL_RCC_OscConfig                      0x0800196c   Section        0  stm32f4xx_hal_rcc.o(i.HAL_RCC_OscConfig)
    i.HAL_TIMEx_BreakCallback                0x08001cd8   Section        0  stm32f4xx_hal_tim_ex.o(i.HAL_TIMEx_BreakCallback)
    i.HAL_TIMEx_CommutCallback               0x08001cda   Section        0  stm32f4xx_hal_tim_ex.o(i.HAL_TIMEx_CommutCallback)
    i.HAL_TIM_Base_Init                      0x08001cdc   Section        0  stm32f4xx_hal_tim.o(i.HAL_TIM_Base_Init)
    i.HAL_TIM_Base_MspInit                   0x08001d36   Section        0  stm32f4xx_hal_tim.o(i.HAL_TIM_Base_MspInit)
    i.HAL_TIM_Base_Start_IT                  0x08001d38   Section        0  stm32f4xx_hal_tim.o(i.HAL_TIM_Base_Start_IT)
    i.HAL_TIM_IC_CaptureCallback             0x08001db8   Section        0  stm32f4xx_hal_tim.o(i.HAL_TIM_IC_CaptureCallback)
    i.HAL_TIM_IRQHandler                     0x08001dba   Section        0  stm32f4xx_hal_tim.o(i.HAL_TIM_IRQHandler)
    i.HAL_TIM_OC_DelayElapsedCallback        0x08001eea   Section        0  stm32f4xx_hal_tim.o(i.HAL_TIM_OC_DelayElapsedCallback)
    i.HAL_TIM_PWM_PulseFinishedCallback      0x08001eec   Section        0  stm32f4xx_hal_tim.o(i.HAL_TIM_PWM_PulseFinishedCallback)
    i.HAL_TIM_PeriodElapsedCallback          0x08001ef0   Section        0  main.o(i.HAL_TIM_PeriodElapsedCallback)
    i.HAL_TIM_TriggerCallback                0x08001f04   Section        0  stm32f4xx_hal_tim.o(i.HAL_TIM_TriggerCallback)
    i.HAL_UARTEx_RxEventCallback             0x08001f06   Section        0  stm32f4xx_hal_uart.o(i.HAL_UARTEx_RxEventCallback)
    i.HAL_UART_ErrorCallback                 0x08001f08   Section        0  stm32f4xx_hal_uart.o(i.HAL_UART_ErrorCallback)
    i.HAL_UART_Init                          0x08001f0a   Section        0  stm32f4xx_hal_uart.o(i.HAL_UART_Init)
    i.HAL_UART_MspInit                       0x08001f70   Section        0  usart.o(i.HAL_UART_MspInit)
    i.HAL_UART_Receive_DMA                   0x08002144   Section        0  stm32f4xx_hal_uart.o(i.HAL_UART_Receive_DMA)
    i.HAL_UART_RxCpltCallback                0x08002160   Section        0  usart.o(i.HAL_UART_RxCpltCallback)
    i.HAL_UART_RxHalfCpltCallback            0x080021ac   Section        0  stm32f4xx_hal_uart.o(i.HAL_UART_RxHalfCpltCallback)
    i.HAL_UART_Transmit                      0x080021ae   Section        0  stm32f4xx_hal_uart.o(i.HAL_UART_Transmit)
    i.HardFault_Handler                      0x0800224e   Section        0  stm32f4xx_it.o(i.HardFault_Handler)
    i.MX_CAN1_Init                           0x08002250   Section        0  can.o(i.MX_CAN1_Init)
    i.MX_CAN2_Init                           0x08002294   Section        0  can.o(i.MX_CAN2_Init)
    i.MX_DMA_Init                            0x080022dc   Section        0  dma.o(i.MX_DMA_Init)
    i.MX_FREERTOS_Init                       0x08002338   Section        0  freertos.o(i.MX_FREERTOS_Init)
    i.MX_GPIO_Init                           0x08002360   Section        0  gpio.o(i.MX_GPIO_Init)
    i.MX_UART7_Init                          0x080023ec   Section        0  usart.o(i.MX_UART7_Init)
    i.MX_UART8_Init                          0x08002424   Section        0  usart.o(i.MX_UART8_Init)
    i.MX_USART6_UART_Init                    0x0800245c   Section        0  usart.o(i.MX_USART6_UART_Init)
    i.MemManage_Handler                      0x08002494   Section        0  stm32f4xx_it.o(i.MemManage_Handler)
    i.NMI_Handler                            0x08002496   Section        0  stm32f4xx_it.o(i.NMI_Handler)
    i.StartDefaultTask                       0x08002498   Section        0  freertos.o(i.StartDefaultTask)
    i.SysTick_Handler                        0x08002528   Section        0  port.o(i.SysTick_Handler)
    i.SystemClock_Config                     0x08002554   Section        0  main.o(i.SystemClock_Config)
    i.SystemInit                             0x080025f4   Section        0  system_stm32f4xx.o(i.SystemInit)
    i.TIM6_DAC_IRQHandler                    0x08002604   Section        0  stm32f4xx_it.o(i.TIM6_DAC_IRQHandler)
    i.TIM_Base_SetConfig                     0x08002610   Section        0  stm32f4xx_hal_tim.o(i.TIM_Base_SetConfig)
    i.TOF_read                               0x080026e8   Section        0  usart.o(i.TOF_read)
    i.UART_DMAError                          0x08002748   Section        0  stm32f4xx_hal_uart.o(i.UART_DMAError)
    UART_DMAError                            0x08002749   Thumb Code    74  stm32f4xx_hal_uart.o(i.UART_DMAError)
    i.UART_DMAReceiveCplt                    0x08002792   Section        0  stm32f4xx_hal_uart.o(i.UART_DMAReceiveCplt)
    UART_DMAReceiveCplt                      0x08002793   Thumb Code   134  stm32f4xx_hal_uart.o(i.UART_DMAReceiveCplt)
    i.UART_DMARxHalfCplt                     0x08002818   Section        0  stm32f4xx_hal_uart.o(i.UART_DMARxHalfCplt)
    UART_DMARxHalfCplt                       0x08002819   Thumb Code    30  stm32f4xx_hal_uart.o(i.UART_DMARxHalfCplt)
    i.UART_EndRxTransfer                     0x08002836   Section        0  stm32f4xx_hal_uart.o(i.UART_EndRxTransfer)
    UART_EndRxTransfer                       0x08002837   Thumb Code    78  stm32f4xx_hal_uart.o(i.UART_EndRxTransfer)
    i.UART_EndTxTransfer                     0x08002884   Section        0  stm32f4xx_hal_uart.o(i.UART_EndTxTransfer)
    UART_EndTxTransfer                       0x08002885   Thumb Code    28  stm32f4xx_hal_uart.o(i.UART_EndTxTransfer)
    i.UART_SetConfig                         0x080028a0   Section        0  stm32f4xx_hal_uart.o(i.UART_SetConfig)
    UART_SetConfig                           0x080028a1   Thumb Code   258  stm32f4xx_hal_uart.o(i.UART_SetConfig)
    i.UART_Start_Receive_DMA                 0x080029ac   Section        0  stm32f4xx_hal_uart.o(i.UART_Start_Receive_DMA)
    i.UART_WaitOnFlagUntilTimeout            0x08002a3c   Section        0  stm32f4xx_hal_uart.o(i.UART_WaitOnFlagUntilTimeout)
    UART_WaitOnFlagUntilTimeout              0x08002a3d   Thumb Code   114  stm32f4xx_hal_uart.o(i.UART_WaitOnFlagUntilTimeout)
    i.USR_UartInit                           0x08002ab0   Section        0  usart.o(i.USR_UartInit)
    i.UsageFault_Handler                     0x08002b0c   Section        0  stm32f4xx_it.o(i.UsageFault_Handler)
    i.__NVIC_SetPriority                     0x08002b0e   Section        0  stm32f4xx_hal_cortex.o(i.__NVIC_SetPriority)
    __NVIC_SetPriority                       0x08002b0f   Thumb Code    32  stm32f4xx_hal_cortex.o(i.__NVIC_SetPriority)
    i.can_filter_init                        0x08002b30   Section        0  bsp_can.o(i.can_filter_init)
    i.main                                   0x08002b88   Section        0  main.o(i.main)
    i.makeFreeRtosPriority                   0x08002bbe   Section        0  cmsis_os.o(i.makeFreeRtosPriority)
    makeFreeRtosPriority                     0x08002bbf   Thumb Code    12  cmsis_os.o(i.makeFreeRtosPriority)
    i.osDelay                                0x08002bca   Section        0  cmsis_os.o(i.osDelay)
    i.osKernelStart                          0x08002bda   Section        0  cmsis_os.o(i.osKernelStart)
    i.osThreadCreate                         0x08002be4   Section        0  cmsis_os.o(i.osThreadCreate)
    i.prvAddCurrentTaskToDelayedList         0x08002c40   Section        0  tasks.o(i.prvAddCurrentTaskToDelayedList)
    prvAddCurrentTaskToDelayedList           0x08002c41   Thumb Code   110  tasks.o(i.prvAddCurrentTaskToDelayedList)
    i.prvAddNewTaskToReadyList               0x08002cb8   Section        0  tasks.o(i.prvAddNewTaskToReadyList)
    prvAddNewTaskToReadyList                 0x08002cb9   Thumb Code   124  tasks.o(i.prvAddNewTaskToReadyList)
    i.prvCheckTasksWaitingTermination        0x08002d40   Section        0  tasks.o(i.prvCheckTasksWaitingTermination)
    prvCheckTasksWaitingTermination          0x08002d41   Thumb Code    56  tasks.o(i.prvCheckTasksWaitingTermination)
    i.prvDeleteTCB                           0x08002d80   Section        0  tasks.o(i.prvDeleteTCB)
    prvDeleteTCB                             0x08002d81   Thumb Code    64  tasks.o(i.prvDeleteTCB)
    i.prvHeapInit                            0x08002dc0   Section        0  heap_4.o(i.prvHeapInit)
    prvHeapInit                              0x08002dc1   Thumb Code    70  heap_4.o(i.prvHeapInit)
    i.prvIdleTask                            0x08002e10   Section        0  tasks.o(i.prvIdleTask)
    prvIdleTask                              0x08002e11   Thumb Code    30  tasks.o(i.prvIdleTask)
    i.prvInitialiseNewTask                   0x08002e38   Section        0  tasks.o(i.prvInitialiseNewTask)
    prvInitialiseNewTask                     0x08002e39   Thumb Code   126  tasks.o(i.prvInitialiseNewTask)
    i.prvInitialiseTaskLists                 0x08002eb8   Section        0  tasks.o(i.prvInitialiseTaskLists)
    prvInitialiseTaskLists                   0x08002eb9   Thumb Code    66  tasks.o(i.prvInitialiseTaskLists)
    i.prvInsertBlockIntoFreeList             0x08002f18   Section        0  heap_4.o(i.prvInsertBlockIntoFreeList)
    prvInsertBlockIntoFreeList               0x08002f19   Thumb Code    84  heap_4.o(i.prvInsertBlockIntoFreeList)
    i.prvResetNextTaskUnblockTime            0x08002f74   Section        0  tasks.o(i.prvResetNextTaskUnblockTime)
    prvResetNextTaskUnblockTime              0x08002f75   Thumb Code    30  tasks.o(i.prvResetNextTaskUnblockTime)
    i.prvTaskExitError                       0x08002f98   Section        0  port.o(i.prvTaskExitError)
    prvTaskExitError                         0x08002f99   Thumb Code    42  port.o(i.prvTaskExitError)
    i.pvPortMalloc                           0x08002fc8   Section        0  heap_4.o(i.pvPortMalloc)
    i.pxPortInitialiseStack                  0x080030b0   Section        0  port.o(i.pxPortInitialiseStack)
    i.uxListRemove                           0x080030dc   Section        0  list.o(i.uxListRemove)
    i.vApplicationGetIdleTaskMemory          0x08003104   Section        0  freertos.o(i.vApplicationGetIdleTaskMemory)
    i.vListInitialise                        0x08003118   Section        0  list.o(i.vListInitialise)
    i.vListInitialiseItem                    0x0800312e   Section        0  list.o(i.vListInitialiseItem)
    i.vListInsert                            0x08003134   Section        0  list.o(i.vListInsert)
    i.vListInsertEnd                         0x0800316a   Section        0  list.o(i.vListInsertEnd)
    i.vPortEnterCritical                     0x08003184   Section        0  port.o(i.vPortEnterCritical)
    i.vPortExitCritical                      0x080031c4   Section        0  port.o(i.vPortExitCritical)
    i.vPortFree                              0x080031f0   Section        0  heap_4.o(i.vPortFree)
    i.vPortSetupTimerInterrupt               0x08003254   Section        0  port.o(i.vPortSetupTimerInterrupt)
    i.vTaskDelay                             0x08003278   Section        0  tasks.o(i.vTaskDelay)
    i.vTaskStartScheduler                    0x080032c8   Section        0  tasks.o(i.vTaskStartScheduler)
    i.vTaskSuspendAll                        0x08003350   Section        0  tasks.o(i.vTaskSuspendAll)
    i.vTaskSwitchContext                     0x08003360   Section        0  tasks.o(i.vTaskSwitchContext)
    i.verifyCheckSum                         0x080033c0   Section        0  usart.o(i.verifyCheckSum)
    i.xPortStartScheduler                    0x080033f4   Section        0  port.o(i.xPortStartScheduler)
    i.xTaskCreate                            0x080034f8   Section        0  tasks.o(i.xTaskCreate)
    i.xTaskCreateStatic                      0x08003564   Section        0  tasks.o(i.xTaskCreateStatic)
    i.xTaskIncrementTick                     0x080035c4   Section        0  tasks.o(i.xTaskIncrementTick)
    i.xTaskResumeAll                         0x08003698   Section        0  tasks.o(i.xTaskResumeAll)
    x$fpl$fpinit                             0x08003764   Section       10  fpinit.o(x$fpl$fpinit)
    $v0                                      0x08003764   Number         0  fpinit.o(x$fpl$fpinit)
    .constdata                               0x08003770   Section       28  freertos.o(.constdata)
    .constdata                               0x0800378c   Section        8  stm32f4xx_hal_dma.o(.constdata)
    flagBitshiftOffset                       0x0800378c   Data           8  stm32f4xx_hal_dma.o(.constdata)
    .constdata                               0x08003794   Section       16  system_stm32f4xx.o(.constdata)
    .constdata                               0x080037a4   Section        8  system_stm32f4xx.o(.constdata)
    .conststring                             0x080037ac   Section       12  freertos.o(.conststring)
    .data                                    0x20000000   Section        4  freertos.o(.data)
    .data                                    0x20000004   Section        4  can.o(.data)
    HAL_RCC_CAN1_CLK_ENABLED                 0x20000004   Data           4  can.o(.data)
    .data                                    0x20000008   Section       20  usart.o(.data)
    .data                                    0x2000001c   Section       12  stm32f4xx_hal.o(.data)
    .data                                    0x20000028   Section        4  system_stm32f4xx.o(.data)
    .data                                    0x2000002c   Section       60  tasks.o(.data)
    uxDeletedTasksWaitingCleanUp             0x20000030   Data           4  tasks.o(.data)
    uxCurrentNumberOfTasks                   0x20000034   Data           4  tasks.o(.data)
    xTickCount                               0x20000038   Data           4  tasks.o(.data)
    uxTopReadyPriority                       0x2000003c   Data           4  tasks.o(.data)
    xSchedulerRunning                        0x20000040   Data           4  tasks.o(.data)
    xPendedTicks                             0x20000044   Data           4  tasks.o(.data)
    xYieldPending                            0x20000048   Data           4  tasks.o(.data)
    xNumOfOverflows                          0x2000004c   Data           4  tasks.o(.data)
    uxTaskNumber                             0x20000050   Data           4  tasks.o(.data)
    xNextTaskUnblockTime                     0x20000054   Data           4  tasks.o(.data)
    xIdleTaskHandle                          0x20000058   Data           4  tasks.o(.data)
    uxSchedulerSuspended                     0x2000005c   Data           4  tasks.o(.data)
    pxDelayedTaskList                        0x20000060   Data           4  tasks.o(.data)
    pxOverflowDelayedTaskList                0x20000064   Data           4  tasks.o(.data)
    .data                                    0x20000068   Section       32  heap_4.o(.data)
    pxEnd                                    0x20000068   Data           4  heap_4.o(.data)
    xFreeBytesRemaining                      0x2000006c   Data           4  heap_4.o(.data)
    xMinimumEverFreeBytesRemaining           0x20000070   Data           4  heap_4.o(.data)
    xNumberOfSuccessfulAllocations           0x20000074   Data           4  heap_4.o(.data)
    xNumberOfSuccessfulFrees                 0x20000078   Data           4  heap_4.o(.data)
    xBlockAllocatedBit                       0x2000007c   Data           4  heap_4.o(.data)
    xStart                                   0x20000080   Data           8  heap_4.o(.data)
    .data                                    0x20000088   Section       12  port.o(.data)
    ucMaxSysCallPriority                     0x20000088   Data           1  port.o(.data)
    uxCriticalNesting                        0x2000008c   Data           4  port.o(.data)
    ulMaxPRIGROUPValue                       0x20000090   Data           4  port.o(.data)
    .data                                    0x20000094   Section       17  can_receive.o(.data)
    i                                        0x20000094   Data           1  can_receive.o(.data)
    gimbal_can_send_data                     0x20000095   Data           8  can_receive.o(.data)
    chassis_can_send_data                    0x2000009d   Data           8  can_receive.o(.data)
    .bss                                     0x200000a8   Section      596  freertos.o(.bss)
    xIdleTaskTCBBuffer                       0x200000a8   Data          84  freertos.o(.bss)
    xIdleStack                               0x200000fc   Data         512  freertos.o(.bss)
    .bss                                     0x200002fc   Section       80  can.o(.bss)
    .bss                                     0x2000034c   Section      568  usart.o(.bss)
    .bss                                     0x20000584   Section       72  stm32f4xx_hal_timebase_tim.o(.bss)
    .bss                                     0x200005cc   Section      240  tasks.o(.bss)
    pxReadyTasksLists                        0x200005cc   Data         140  tasks.o(.bss)
    xDelayedTaskList1                        0x20000658   Data          20  tasks.o(.bss)
    xDelayedTaskList2                        0x2000066c   Data          20  tasks.o(.bss)
    xPendingReadyList                        0x20000680   Data          20  tasks.o(.bss)
    xTasksWaitingTermination                 0x20000694   Data          20  tasks.o(.bss)
    xSuspendedTaskList                       0x200006a8   Data          20  tasks.o(.bss)
    .bss                                     0x200006bc   Section    15360  heap_4.o(.bss)
    ucHeap                                   0x200006bc   Data       15360  heap_4.o(.bss)
    .bss                                     0x200042bc   Section      120  can_receive.o(.bss)
    gimbal_tx_message                        0x20004304   Data          24  can_receive.o(.bss)
    chassis_tx_message                       0x2000431c   Data          24  can_receive.o(.bss)
    .bss                                     0x20004334   Section       96  libspace.o(.bss)
    HEAP                                     0x20004398   Section      512  startup_stm32f427xx.o(HEAP)
    Heap_Mem                                 0x20004398   Data         512  startup_stm32f427xx.o(HEAP)
    STACK                                    0x20004598   Section     1024  startup_stm32f427xx.o(STACK)
    Stack_Mem                                0x20004598   Data        1024  startup_stm32f427xx.o(STACK)
    __initial_sp                             0x20004998   Data           0  startup_stm32f427xx.o(STACK)

    Global Symbols

    Symbol Name                              Value     Ov Type        Size  Object(Section)

    BuildAttributes$$THM_ISAv4$E$P$D$K$B$S$7EM$VFPi3$EXTD16$VFPS$VFMA$PE$A:L22UL41UL21$X:L11$S22US41US21$IEEE1$IW$USESV6$~STKCKD$USESV7$~SHL$OTIME$ROPI$EBA8$UX$STANDARDLIB$REQ8$PRES8$EABIv2 0x00000000   Number         0  anon$$obj.o ABSOLUTE
    __ARM_use_no_argv                        0x00000000   Number         0  main.o ABSOLUTE
    _printf_flags                            0x00000000   Number         0  printf_stubs.o ABSOLUTE
    _printf_return_value                     0x00000000   Number         0  printf_stubs.o ABSOLUTE
    _printf_sizespec                         0x00000000   Number         0  printf_stubs.o ABSOLUTE
    _printf_widthprec                        0x00000000   Number         0  printf_stubs.o ABSOLUTE
    __ARM_exceptions_init                     - Undefined Weak Reference
    __alloca_initialize                       - Undefined Weak Reference
    __arm_fini_                               - Undefined Weak Reference
    __arm_preinit_                            - Undefined Weak Reference
    __cpp_initialize__aeabi_                  - Undefined Weak Reference
    __cxa_finalize                            - Undefined Weak Reference
    __rt_locale                               - Undefined Weak Reference
    __sigvec_lookup                           - Undefined Weak Reference
    __user_heap_extent                        - Undefined Weak Reference
    _atexit_init                              - Undefined Weak Reference
    _call_atexit_fns                          - Undefined Weak Reference
    _clock_init                               - Undefined Weak Reference
    _fp_trap_init                             - Undefined Weak Reference
    _fp_trap_shutdown                         - Undefined Weak Reference
    _get_lc_collate                           - Undefined Weak Reference
    _get_lc_ctype                             - Undefined Weak Reference
    _get_lc_monetary                          - Undefined Weak Reference
    _get_lc_numeric                           - Undefined Weak Reference
    _get_lc_time                              - Undefined Weak Reference
    _getenv_init                              - Undefined Weak Reference
    _handle_redirection                       - Undefined Weak Reference
    _initio                                   - Undefined Weak Reference
    _mutex_acquire                            - Undefined Weak Reference
    _mutex_free                               - Undefined Weak Reference
    _mutex_release                            - Undefined Weak Reference
    _printf_post_padding                      - Undefined Weak Reference
    _printf_pre_padding                       - Undefined Weak Reference
    _printf_truncate_signed                   - Undefined Weak Reference
    _printf_truncate_unsigned                 - Undefined Weak Reference
    _rand_init                                - Undefined Weak Reference
    _signal_finish                            - Undefined Weak Reference
    _signal_init                              - Undefined Weak Reference
    _terminateio                              - Undefined Weak Reference
    __Vectors_Size                           0x000001ac   Number         0  startup_stm32f427xx.o ABSOLUTE
    __Vectors                                0x08000000   Data           4  startup_stm32f427xx.o(RESET)
    __Vectors_End                            0x080001ac   Data           0  startup_stm32f427xx.o(RESET)
    __main                                   0x080001ad   Thumb Code     8  __main.o(!!!main)
    __scatterload                            0x080001b5   Thumb Code     0  __scatter.o(!!!scatter)
    __scatterload_rt2                        0x080001b5   Thumb Code    44  __scatter.o(!!!scatter)
    __scatterload_rt2_thumb_only             0x080001b5   Thumb Code     0  __scatter.o(!!!scatter)
    __scatterload_null                       0x080001c3   Thumb Code     0  __scatter.o(!!!scatter)
    __scatterload_copy                       0x080001e9   Thumb Code    26  __scatter_copy.o(!!handler_copy)
    __scatterload_zeroinit                   0x08000205   Thumb Code    28  __scatter_zi.o(!!handler_zi)
    _printf_percent                          0x08000221   Thumb Code     0  _printf_percent.o(.ARM.Collect$$_printf_percent$$00000000)
    _printf_u                                0x08000221   Thumb Code     0  _printf_u.o(.ARM.Collect$$_printf_percent$$0000000A)
    _printf_percent_end                      0x08000227   Thumb Code     0  _printf_percent_end.o(.ARM.Collect$$_printf_percent$$00000017)
    __rt_lib_init                            0x0800022b   Thumb Code     0  libinit.o(.ARM.Collect$$libinit$$00000000)
    __rt_lib_init_fp_1                       0x0800022d   Thumb Code     0  libinit2.o(.ARM.Collect$$libinit$$00000001)
    __rt_lib_init_alloca_1                   0x08000231   Thumb Code     0  libinit2.o(.ARM.Collect$$libinit$$0000002E)
    __rt_lib_init_argv_1                     0x08000231   Thumb Code     0  libinit2.o(.ARM.Collect$$libinit$$0000002C)
    __rt_lib_init_atexit_1                   0x08000231   Thumb Code     0  libinit2.o(.ARM.Collect$$libinit$$0000001B)
    __rt_lib_init_clock_1                    0x08000231   Thumb Code     0  libinit2.o(.ARM.Collect$$libinit$$00000021)
    __rt_lib_init_cpp_1                      0x08000231   Thumb Code     0  libinit2.o(.ARM.Collect$$libinit$$00000032)
    __rt_lib_init_exceptions_1               0x08000231   Thumb Code     0  libinit2.o(.ARM.Collect$$libinit$$00000030)
    __rt_lib_init_fp_trap_1                  0x08000231   Thumb Code     0  libinit2.o(.ARM.Collect$$libinit$$0000001F)
    __rt_lib_init_getenv_1                   0x08000231   Thumb Code     0  libinit2.o(.ARM.Collect$$libinit$$00000023)
    __rt_lib_init_heap_1                     0x08000231   Thumb Code     0  libinit2.o(.ARM.Collect$$libinit$$0000000A)
    __rt_lib_init_lc_collate_1               0x08000231   Thumb Code     0  libinit2.o(.ARM.Collect$$libinit$$00000011)
    __rt_lib_init_lc_ctype_1                 0x08000231   Thumb Code     0  libinit2.o(.ARM.Collect$$libinit$$00000013)
    __rt_lib_init_lc_monetary_1              0x08000231   Thumb Code     0  libinit2.o(.ARM.Collect$$libinit$$00000015)
    __rt_lib_init_lc_numeric_1               0x08000231   Thumb Code     0  libinit2.o(.ARM.Collect$$libinit$$00000017)
    __rt_lib_init_lc_time_1                  0x08000231   Thumb Code     0  libinit2.o(.ARM.Collect$$libinit$$00000019)
    __rt_lib_init_preinit_1                  0x08000231   Thumb Code     0  libinit2.o(.ARM.Collect$$libinit$$00000004)
    __rt_lib_init_rand_1                     0x08000231   Thumb Code     0  libinit2.o(.ARM.Collect$$libinit$$0000000E)
    __rt_lib_init_return                     0x08000231   Thumb Code     0  libinit2.o(.ARM.Collect$$libinit$$00000033)
    __rt_lib_init_signal_1                   0x08000231   Thumb Code     0  libinit2.o(.ARM.Collect$$libinit$$0000001D)
    __rt_lib_init_stdio_1                    0x08000231   Thumb Code     0  libinit2.o(.ARM.Collect$$libinit$$00000025)
    __rt_lib_init_user_alloc_1               0x08000231   Thumb Code     0  libinit2.o(.ARM.Collect$$libinit$$0000000C)
    __rt_lib_shutdown                        0x08000233   Thumb Code     0  libshutdown.o(.ARM.Collect$$libshutdown$$00000000)
    __rt_lib_shutdown_cpp_1                  0x08000235   Thumb Code     0  libshutdown2.o(.ARM.Collect$$libshutdown$$00000004)
    __rt_lib_shutdown_fini_1                 0x08000235   Thumb Code     0  libshutdown2.o(.ARM.Collect$$libshutdown$$00000002)
    __rt_lib_shutdown_fp_trap_1              0x08000235   Thumb Code     0  libshutdown2.o(.ARM.Collect$$libshutdown$$00000009)
    __rt_lib_shutdown_heap_1                 0x08000235   Thumb Code     0  libshutdown2.o(.ARM.Collect$$libshutdown$$00000011)
    __rt_lib_shutdown_return                 0x08000235   Thumb Code     0  libshutdown2.o(.ARM.Collect$$libshutdown$$00000012)
    __rt_lib_shutdown_signal_1               0x08000235   Thumb Code     0  libshutdown2.o(.ARM.Collect$$libshutdown$$0000000C)
    __rt_lib_shutdown_stdio_1                0x08000235   Thumb Code     0  libshutdown2.o(.ARM.Collect$$libshutdown$$00000006)
    __rt_lib_shutdown_user_alloc_1           0x08000235   Thumb Code     0  libshutdown2.o(.ARM.Collect$$libshutdown$$0000000E)
    __rt_entry                               0x08000237   Thumb Code     0  __rtentry.o(.ARM.Collect$$rtentry$$00000000)
    __rt_entry_presh_1                       0x08000237   Thumb Code     0  __rtentry2.o(.ARM.Collect$$rtentry$$00000002)
    __rt_entry_sh                            0x08000237   Thumb Code     0  __rtentry4.o(.ARM.Collect$$rtentry$$00000004)
    __rt_entry_li                            0x0800023d   Thumb Code     0  __rtentry2.o(.ARM.Collect$$rtentry$$0000000A)
    __rt_entry_postsh_1                      0x0800023d   Thumb Code     0  __rtentry2.o(.ARM.Collect$$rtentry$$00000009)
    __rt_entry_main                          0x08000241   Thumb Code     0  __rtentry2.o(.ARM.Collect$$rtentry$$0000000D)
    __rt_entry_postli_1                      0x08000241   Thumb Code     0  __rtentry2.o(.ARM.Collect$$rtentry$$0000000C)
    __rt_exit                                0x08000249   Thumb Code     0  rtexit.o(.ARM.Collect$$rtexit$$00000000)
    __rt_exit_ls                             0x0800024b   Thumb Code     0  rtexit2.o(.ARM.Collect$$rtexit$$00000003)
    __rt_exit_prels_1                        0x0800024b   Thumb Code     0  rtexit2.o(.ARM.Collect$$rtexit$$00000002)
    __rt_exit_exit                           0x0800024f   Thumb Code     0  rtexit2.o(.ARM.Collect$$rtexit$$00000004)
    SVC_Handler                              0x08000255   Thumb Code    28  port.o(.emb_text)
    __asm___6_port_c_39a90d8d__prvStartFirstTask 0x08000275   Thumb Code    36  port.o(.emb_text)
    __asm___6_port_c_39a90d8d__prvEnableVFP  0x0800029d   Thumb Code    16  port.o(.emb_text)
    PendSV_Handler                           0x080002b1   Thumb Code    88  port.o(.emb_text)
    vPortGetIPSR                             0x0800030d   Thumb Code     6  port.o(.emb_text)
    Reset_Handler                            0x08000315   Thumb Code     8  startup_stm32f427xx.o(.text)
    ADC_IRQHandler                           0x0800032f   Thumb Code     0  startup_stm32f427xx.o(.text)
    CAN1_RX1_IRQHandler                      0x0800032f   Thumb Code     0  startup_stm32f427xx.o(.text)
    CAN1_SCE_IRQHandler                      0x0800032f   Thumb Code     0  startup_stm32f427xx.o(.text)
    CAN2_RX1_IRQHandler                      0x0800032f   Thumb Code     0  startup_stm32f427xx.o(.text)
    CAN2_SCE_IRQHandler                      0x0800032f   Thumb Code     0  startup_stm32f427xx.o(.text)
    DCMI_IRQHandler                          0x0800032f   Thumb Code     0  startup_stm32f427xx.o(.text)
    DMA1_Stream0_IRQHandler                  0x0800032f   Thumb Code     0  startup_stm32f427xx.o(.text)
    DMA1_Stream1_IRQHandler                  0x0800032f   Thumb Code     0  startup_stm32f427xx.o(.text)
    DMA1_Stream2_IRQHandler                  0x0800032f   Thumb Code     0  startup_stm32f427xx.o(.text)
    DMA1_Stream4_IRQHandler                  0x0800032f   Thumb Code     0  startup_stm32f427xx.o(.text)
    DMA1_Stream5_IRQHandler                  0x0800032f   Thumb Code     0  startup_stm32f427xx.o(.text)
    DMA1_Stream7_IRQHandler                  0x0800032f   Thumb Code     0  startup_stm32f427xx.o(.text)
    DMA2D_IRQHandler                         0x0800032f   Thumb Code     0  startup_stm32f427xx.o(.text)
    DMA2_Stream0_IRQHandler                  0x0800032f   Thumb Code     0  startup_stm32f427xx.o(.text)
    DMA2_Stream1_IRQHandler                  0x0800032f   Thumb Code     0  startup_stm32f427xx.o(.text)
    DMA2_Stream2_IRQHandler                  0x0800032f   Thumb Code     0  startup_stm32f427xx.o(.text)
    DMA2_Stream3_IRQHandler                  0x0800032f   Thumb Code     0  startup_stm32f427xx.o(.text)
    DMA2_Stream4_IRQHandler                  0x0800032f   Thumb Code     0  startup_stm32f427xx.o(.text)
    DMA2_Stream5_IRQHandler                  0x0800032f   Thumb Code     0  startup_stm32f427xx.o(.text)
    DMA2_Stream7_IRQHandler                  0x0800032f   Thumb Code     0  startup_stm32f427xx.o(.text)
    ETH_IRQHandler                           0x0800032f   Thumb Code     0  startup_stm32f427xx.o(.text)
    ETH_WKUP_IRQHandler                      0x0800032f   Thumb Code     0  startup_stm32f427xx.o(.text)
    EXTI0_IRQHandler                         0x0800032f   Thumb Code     0  startup_stm32f427xx.o(.text)
    EXTI15_10_IRQHandler                     0x0800032f   Thumb Code     0  startup_stm32f427xx.o(.text)
    EXTI1_IRQHandler                         0x0800032f   Thumb Code     0  startup_stm32f427xx.o(.text)
    EXTI2_IRQHandler                         0x0800032f   Thumb Code     0  startup_stm32f427xx.o(.text)
    EXTI3_IRQHandler                         0x0800032f   Thumb Code     0  startup_stm32f427xx.o(.text)
    EXTI4_IRQHandler                         0x0800032f   Thumb Code     0  startup_stm32f427xx.o(.text)
    EXTI9_5_IRQHandler                       0x0800032f   Thumb Code     0  startup_stm32f427xx.o(.text)
    FLASH_IRQHandler                         0x0800032f   Thumb Code     0  startup_stm32f427xx.o(.text)
    FMC_IRQHandler                           0x0800032f   Thumb Code     0  startup_stm32f427xx.o(.text)
    FPU_IRQHandler                           0x0800032f   Thumb Code     0  startup_stm32f427xx.o(.text)
    HASH_RNG_IRQHandler                      0x0800032f   Thumb Code     0  startup_stm32f427xx.o(.text)
    I2C1_ER_IRQHandler                       0x0800032f   Thumb Code     0  startup_stm32f427xx.o(.text)
    I2C1_EV_IRQHandler                       0x0800032f   Thumb Code     0  startup_stm32f427xx.o(.text)
    I2C2_ER_IRQHandler                       0x0800032f   Thumb Code     0  startup_stm32f427xx.o(.text)
    I2C2_EV_IRQHandler                       0x0800032f   Thumb Code     0  startup_stm32f427xx.o(.text)
    I2C3_ER_IRQHandler                       0x0800032f   Thumb Code     0  startup_stm32f427xx.o(.text)
    I2C3_EV_IRQHandler                       0x0800032f   Thumb Code     0  startup_stm32f427xx.o(.text)
    OTG_FS_IRQHandler                        0x0800032f   Thumb Code     0  startup_stm32f427xx.o(.text)
    OTG_FS_WKUP_IRQHandler                   0x0800032f   Thumb Code     0  startup_stm32f427xx.o(.text)
    OTG_HS_EP1_IN_IRQHandler                 0x0800032f   Thumb Code     0  startup_stm32f427xx.o(.text)
    OTG_HS_EP1_OUT_IRQHandler                0x0800032f   Thumb Code     0  startup_stm32f427xx.o(.text)
    OTG_HS_IRQHandler                        0x0800032f   Thumb Code     0  startup_stm32f427xx.o(.text)
    OTG_HS_WKUP_IRQHandler                   0x0800032f   Thumb Code     0  startup_stm32f427xx.o(.text)
    PVD_IRQHandler                           0x0800032f   Thumb Code     0  startup_stm32f427xx.o(.text)
    RCC_IRQHandler                           0x0800032f   Thumb Code     0  startup_stm32f427xx.o(.text)
    RTC_Alarm_IRQHandler                     0x0800032f   Thumb Code     0  startup_stm32f427xx.o(.text)
    RTC_WKUP_IRQHandler                      0x0800032f   Thumb Code     0  startup_stm32f427xx.o(.text)
    SAI1_IRQHandler                          0x0800032f   Thumb Code     0  startup_stm32f427xx.o(.text)
    SDIO_IRQHandler                          0x0800032f   Thumb Code     0  startup_stm32f427xx.o(.text)
    SPI1_IRQHandler                          0x0800032f   Thumb Code     0  startup_stm32f427xx.o(.text)
    SPI2_IRQHandler                          0x0800032f   Thumb Code     0  startup_stm32f427xx.o(.text)
    SPI3_IRQHandler                          0x0800032f   Thumb Code     0  startup_stm32f427xx.o(.text)
    SPI4_IRQHandler                          0x0800032f   Thumb Code     0  startup_stm32f427xx.o(.text)
    SPI5_IRQHandler                          0x0800032f   Thumb Code     0  startup_stm32f427xx.o(.text)
    SPI6_IRQHandler                          0x0800032f   Thumb Code     0  startup_stm32f427xx.o(.text)
    TAMP_STAMP_IRQHandler                    0x0800032f   Thumb Code     0  startup_stm32f427xx.o(.text)
    TIM1_BRK_TIM9_IRQHandler                 0x0800032f   Thumb Code     0  startup_stm32f427xx.o(.text)
    TIM1_CC_IRQHandler                       0x0800032f   Thumb Code     0  startup_stm32f427xx.o(.text)
    TIM1_TRG_COM_TIM11_IRQHandler            0x0800032f   Thumb Code     0  startup_stm32f427xx.o(.text)
    TIM1_UP_TIM10_IRQHandler                 0x0800032f   Thumb Code     0  startup_stm32f427xx.o(.text)
    TIM2_IRQHandler                          0x0800032f   Thumb Code     0  startup_stm32f427xx.o(.text)
    TIM3_IRQHandler                          0x0800032f   Thumb Code     0  startup_stm32f427xx.o(.text)
    TIM4_IRQHandler                          0x0800032f   Thumb Code     0  startup_stm32f427xx.o(.text)
    TIM5_IRQHandler                          0x0800032f   Thumb Code     0  startup_stm32f427xx.o(.text)
    TIM7_IRQHandler                          0x0800032f   Thumb Code     0  startup_stm32f427xx.o(.text)
    TIM8_BRK_TIM12_IRQHandler                0x0800032f   Thumb Code     0  startup_stm32f427xx.o(.text)
    TIM8_CC_IRQHandler                       0x0800032f   Thumb Code     0  startup_stm32f427xx.o(.text)
    TIM8_TRG_COM_TIM14_IRQHandler            0x0800032f   Thumb Code     0  startup_stm32f427xx.o(.text)
    TIM8_UP_TIM13_IRQHandler                 0x0800032f   Thumb Code     0  startup_stm32f427xx.o(.text)
    UART4_IRQHandler                         0x0800032f   Thumb Code     0  startup_stm32f427xx.o(.text)
    UART5_IRQHandler                         0x0800032f   Thumb Code     0  startup_stm32f427xx.o(.text)
    UART7_IRQHandler                         0x0800032f   Thumb Code     0  startup_stm32f427xx.o(.text)
    UART8_IRQHandler                         0x0800032f   Thumb Code     0  startup_stm32f427xx.o(.text)
    USART1_IRQHandler                        0x0800032f   Thumb Code     0  startup_stm32f427xx.o(.text)
    USART2_IRQHandler                        0x0800032f   Thumb Code     0  startup_stm32f427xx.o(.text)
    USART3_IRQHandler                        0x0800032f   Thumb Code     0  startup_stm32f427xx.o(.text)
    USART6_IRQHandler                        0x0800032f   Thumb Code     0  startup_stm32f427xx.o(.text)
    WWDG_IRQHandler                          0x0800032f   Thumb Code     0  startup_stm32f427xx.o(.text)
    __user_initial_stackheap                 0x08000331   Thumb Code     0  startup_stm32f427xx.o(.text)
    __aeabi_uldivmod                         0x08000355   Thumb Code     0  lludivv7m.o(.text)
    _ll_udiv                                 0x08000355   Thumb Code   238  lludivv7m.o(.text)
    __2sprintf                               0x08000445   Thumb Code    34  noretval__2sprintf.o(.text)
    _printf_int_dec                          0x0800046d   Thumb Code   104  _printf_dec.o(.text)
    __printf                                 0x080004e5   Thumb Code   184  __printf_ss.o(.text)
    strlen                                   0x0800059d   Thumb Code    62  strlen.o(.text)
    __aeabi_memcpy4                          0x080005db   Thumb Code     0  rt_memcpy_w.o(.text)
    __aeabi_memcpy8                          0x080005db   Thumb Code     0  rt_memcpy_w.o(.text)
    __rt_memcpy_w                            0x080005db   Thumb Code   100  rt_memcpy_w.o(.text)
    _memcpy_lastbytes_aligned                0x08000623   Thumb Code     0  rt_memcpy_w.o(.text)
    __aeabi_memclr4                          0x0800063f   Thumb Code     0  rt_memclr_w.o(.text)
    __aeabi_memclr8                          0x0800063f   Thumb Code     0  rt_memclr_w.o(.text)
    __rt_memclr_w                            0x0800063f   Thumb Code    78  rt_memclr_w.o(.text)
    _memset_w                                0x08000643   Thumb Code     0  rt_memclr_w.o(.text)
    __use_two_region_memory                  0x0800068d   Thumb Code     2  heapauxi.o(.text)
    __rt_heap_escrow                         0x0800068f   Thumb Code     2  heapauxi.o(.text)
    __rt_heap_expand                         0x08000691   Thumb Code     2  heapauxi.o(.text)
    _printf_int_common                       0x08000693   Thumb Code   178  _printf_intcommon.o(.text)
    _printf_char_common                      0x0800074f   Thumb Code    32  _printf_char_common.o(.text)
    _sputc                                   0x08000775   Thumb Code    10  _sputc.o(.text)
    __user_libspace                          0x08000781   Thumb Code     8  libspace.o(.text)
    __user_perproc_libspace                  0x08000781   Thumb Code     0  libspace.o(.text)
    __user_perthread_libspace                0x08000781   Thumb Code     0  libspace.o(.text)
    __I$use$semihosting                      0x08000789   Thumb Code     0  use_no_semi.o(.text)
    __use_no_semihosting_swi                 0x08000789   Thumb Code     2  use_no_semi.o(.text)
    __semihosting_library_function           0x0800078b   Thumb Code     0  indicate_semi.o(.text)
    __user_setup_stackheap                   0x0800078b   Thumb Code    74  sys_stackheap_outer.o(.text)
    exit                                     0x080007d5   Thumb Code    18  exit.o(.text)
    _sys_exit                                0x080007e9   Thumb Code     8  sys_exit.o(.text)
    BusFault_Handler                         0x080007f5   Thumb Code     2  stm32f4xx_it.o(i.BusFault_Handler)
    CAN1_RX0_IRQHandler                      0x080007f9   Thumb Code     6  stm32f4xx_it.o(i.CAN1_RX0_IRQHandler)
    CAN1_TX_IRQHandler                       0x08000805   Thumb Code     6  stm32f4xx_it.o(i.CAN1_TX_IRQHandler)
    CAN2_RX0_IRQHandler                      0x08000811   Thumb Code     6  stm32f4xx_it.o(i.CAN2_RX0_IRQHandler)
    CAN2_TX_IRQHandler                       0x0800081d   Thumb Code     6  stm32f4xx_it.o(i.CAN2_TX_IRQHandler)
    DMA1_Stream3_IRQHandler                  0x08000829   Thumb Code     6  stm32f4xx_it.o(i.DMA1_Stream3_IRQHandler)
    DMA1_Stream6_IRQHandler                  0x08000835   Thumb Code     6  stm32f4xx_it.o(i.DMA1_Stream6_IRQHandler)
    DMA2_Stream6_IRQHandler                  0x08000841   Thumb Code     6  stm32f4xx_it.o(i.DMA2_Stream6_IRQHandler)
    DebugMon_Handler                         0x080008f1   Thumb Code     2  stm32f4xx_it.o(i.DebugMon_Handler)
    Error_Handler                            0x080008f3   Thumb Code     4  main.o(i.Error_Handler)
    HAL_CAN_ActivateNotification             0x080008f7   Thumb Code    36  stm32f4xx_hal_can.o(i.HAL_CAN_ActivateNotification)
    HAL_CAN_ConfigFilter                     0x0800091d   Thumb Code   262  stm32f4xx_hal_can.o(i.HAL_CAN_ConfigFilter)
    HAL_CAN_ErrorCallback                    0x08000a29   Thumb Code     2  stm32f4xx_hal_can.o(i.HAL_CAN_ErrorCallback)
    HAL_CAN_GetRxMessage                     0x08000a2b   Thumb Code   244  stm32f4xx_hal_can.o(i.HAL_CAN_GetRxMessage)
    HAL_CAN_IRQHandler                       0x08000b1f   Thumb Code   508  stm32f4xx_hal_can.o(i.HAL_CAN_IRQHandler)
    HAL_CAN_Init                             0x08000d1b   Thumb Code   282  stm32f4xx_hal_can.o(i.HAL_CAN_Init)
    HAL_CAN_MspInit                          0x08000e35   Thumb Code   260  can.o(i.HAL_CAN_MspInit)
    HAL_CAN_RxFifo0FullCallback              0x08000f51   Thumb Code     2  stm32f4xx_hal_can.o(i.HAL_CAN_RxFifo0FullCallback)
    HAL_CAN_RxFifo0MsgPendingCallback        0x08000f55   Thumb Code    82  can_receive.o(i.HAL_CAN_RxFifo0MsgPendingCallback)
    HAL_CAN_RxFifo1FullCallback              0x08000fb1   Thumb Code     2  stm32f4xx_hal_can.o(i.HAL_CAN_RxFifo1FullCallback)
    HAL_CAN_RxFifo1MsgPendingCallback        0x08000fb3   Thumb Code     2  stm32f4xx_hal_can.o(i.HAL_CAN_RxFifo1MsgPendingCallback)
    HAL_CAN_SleepCallback                    0x08000fb5   Thumb Code     2  stm32f4xx_hal_can.o(i.HAL_CAN_SleepCallback)
    HAL_CAN_Start                            0x08000fb9   Thumb Code    88  stm32f4xx_hal_can.o(i.HAL_CAN_Start)
    HAL_CAN_TxMailbox0AbortCallback          0x08001011   Thumb Code     2  stm32f4xx_hal_can.o(i.HAL_CAN_TxMailbox0AbortCallback)
    HAL_CAN_TxMailbox0CompleteCallback       0x08001013   Thumb Code     2  stm32f4xx_hal_can.o(i.HAL_CAN_TxMailbox0CompleteCallback)
    HAL_CAN_TxMailbox1AbortCallback          0x08001015   Thumb Code     2  stm32f4xx_hal_can.o(i.HAL_CAN_TxMailbox1AbortCallback)
    HAL_CAN_TxMailbox1CompleteCallback       0x08001017   Thumb Code     2  stm32f4xx_hal_can.o(i.HAL_CAN_TxMailbox1CompleteCallback)
    HAL_CAN_TxMailbox2AbortCallback          0x08001019   Thumb Code     2  stm32f4xx_hal_can.o(i.HAL_CAN_TxMailbox2AbortCallback)
    HAL_CAN_TxMailbox2CompleteCallback       0x0800101b   Thumb Code     2  stm32f4xx_hal_can.o(i.HAL_CAN_TxMailbox2CompleteCallback)
    HAL_CAN_WakeUpFromRxMsgCallback          0x0800101d   Thumb Code     2  stm32f4xx_hal_can.o(i.HAL_CAN_WakeUpFromRxMsgCallback)
    HAL_DMA_IRQHandler                       0x08001021   Thumb Code   412  stm32f4xx_hal_dma.o(i.HAL_DMA_IRQHandler)
    HAL_DMA_Init                             0x080011c1   Thumb Code   206  stm32f4xx_hal_dma.o(i.HAL_DMA_Init)
    HAL_DMA_Start_IT                         0x08001295   Thumb Code   110  stm32f4xx_hal_dma.o(i.HAL_DMA_Start_IT)
    HAL_GPIO_Init                            0x08001305   Thumb Code   510  stm32f4xx_hal_gpio.o(i.HAL_GPIO_Init)
    HAL_GPIO_WritePin                        0x08001539   Thumb Code    10  stm32f4xx_hal_gpio.o(i.HAL_GPIO_WritePin)
    HAL_GetTick                              0x08001545   Thumb Code     6  stm32f4xx_hal.o(i.HAL_GetTick)
    HAL_IncTick                              0x08001551   Thumb Code    12  stm32f4xx_hal.o(i.HAL_IncTick)
    HAL_Init                                 0x08001561   Thumb Code    48  stm32f4xx_hal.o(i.HAL_Init)
    HAL_InitTick                             0x08001595   Thumb Code   132  stm32f4xx_hal_timebase_tim.o(i.HAL_InitTick)
    HAL_MspInit                              0x0800162d   Thumb Code    52  stm32f4xx_hal_msp.o(i.HAL_MspInit)
    HAL_NVIC_EnableIRQ                       0x08001665   Thumb Code    26  stm32f4xx_hal_cortex.o(i.HAL_NVIC_EnableIRQ)
    HAL_NVIC_SetPriority                     0x08001681   Thumb Code    60  stm32f4xx_hal_cortex.o(i.HAL_NVIC_SetPriority)
    HAL_NVIC_SetPriorityGrouping             0x080016c1   Thumb Code    26  stm32f4xx_hal_cortex.o(i.HAL_NVIC_SetPriorityGrouping)
    HAL_PWREx_EnableOverDrive                0x080016e5   Thumb Code    98  stm32f4xx_hal_pwr_ex.o(i.HAL_PWREx_EnableOverDrive)
    HAL_RCC_ClockConfig                      0x08001755   Thumb Code   288  stm32f4xx_hal_rcc.o(i.HAL_RCC_ClockConfig)
    HAL_RCC_GetClockConfig                   0x08001889   Thumb Code    54  stm32f4xx_hal_rcc.o(i.HAL_RCC_GetClockConfig)
    HAL_RCC_GetPCLK1Freq                     0x080018c9   Thumb Code    20  stm32f4xx_hal_rcc.o(i.HAL_RCC_GetPCLK1Freq)
    HAL_RCC_GetPCLK2Freq                     0x080018e9   Thumb Code    20  stm32f4xx_hal_rcc.o(i.HAL_RCC_GetPCLK2Freq)
    HAL_RCC_GetSysClockFreq                  0x08001909   Thumb Code    88  stm32f4xx_hal_rcc.o(i.HAL_RCC_GetSysClockFreq)
    HAL_RCC_OscConfig                        0x0800196d   Thumb Code   856  stm32f4xx_hal_rcc.o(i.HAL_RCC_OscConfig)
    HAL_TIMEx_BreakCallback                  0x08001cd9   Thumb Code     2  stm32f4xx_hal_tim_ex.o(i.HAL_TIMEx_BreakCallback)
    HAL_TIMEx_CommutCallback                 0x08001cdb   Thumb Code     2  stm32f4xx_hal_tim_ex.o(i.HAL_TIMEx_CommutCallback)
    HAL_TIM_Base_Init                        0x08001cdd   Thumb Code    90  stm32f4xx_hal_tim.o(i.HAL_TIM_Base_Init)
    HAL_TIM_Base_MspInit                     0x08001d37   Thumb Code     2  stm32f4xx_hal_tim.o(i.HAL_TIM_Base_MspInit)
    HAL_TIM_Base_Start_IT                    0x08001d39   Thumb Code   100  stm32f4xx_hal_tim.o(i.HAL_TIM_Base_Start_IT)
    HAL_TIM_IC_CaptureCallback               0x08001db9   Thumb Code     2  stm32f4xx_hal_tim.o(i.HAL_TIM_IC_CaptureCallback)
    HAL_TIM_IRQHandler                       0x08001dbb   Thumb Code   304  stm32f4xx_hal_tim.o(i.HAL_TIM_IRQHandler)
    HAL_TIM_OC_DelayElapsedCallback          0x08001eeb   Thumb Code     2  stm32f4xx_hal_tim.o(i.HAL_TIM_OC_DelayElapsedCallback)
    HAL_TIM_PWM_PulseFinishedCallback        0x08001eed   Thumb Code     2  stm32f4xx_hal_tim.o(i.HAL_TIM_PWM_PulseFinishedCallback)
    HAL_TIM_PeriodElapsedCallback            0x08001ef1   Thumb Code    14  main.o(i.HAL_TIM_PeriodElapsedCallback)
    HAL_TIM_TriggerCallback                  0x08001f05   Thumb Code     2  stm32f4xx_hal_tim.o(i.HAL_TIM_TriggerCallback)
    HAL_UARTEx_RxEventCallback               0x08001f07   Thumb Code     2  stm32f4xx_hal_uart.o(i.HAL_UARTEx_RxEventCallback)
    HAL_UART_ErrorCallback                   0x08001f09   Thumb Code     2  stm32f4xx_hal_uart.o(i.HAL_UART_ErrorCallback)
    HAL_UART_Init                            0x08001f0b   Thumb Code   100  stm32f4xx_hal_uart.o(i.HAL_UART_Init)
    HAL_UART_MspInit                         0x08001f71   Thumb Code   430  usart.o(i.HAL_UART_MspInit)
    HAL_UART_Receive_DMA                     0x08002145   Thumb Code    28  stm32f4xx_hal_uart.o(i.HAL_UART_Receive_DMA)
    HAL_UART_RxCpltCallback                  0x08002161   Thumb Code    68  usart.o(i.HAL_UART_RxCpltCallback)
    HAL_UART_RxHalfCpltCallback              0x080021ad   Thumb Code     2  stm32f4xx_hal_uart.o(i.HAL_UART_RxHalfCpltCallback)
    HAL_UART_Transmit                        0x080021af   Thumb Code   160  stm32f4xx_hal_uart.o(i.HAL_UART_Transmit)
    HardFault_Handler                        0x0800224f   Thumb Code     2  stm32f4xx_it.o(i.HardFault_Handler)
    MX_CAN1_Init                             0x08002251   Thumb Code    60  can.o(i.MX_CAN1_Init)
    MX_CAN2_Init                             0x08002295   Thumb Code    64  can.o(i.MX_CAN2_Init)
    MX_DMA_Init                              0x080022dd   Thumb Code    88  dma.o(i.MX_DMA_Init)
    MX_FREERTOS_Init                         0x08002339   Thumb Code    30  freertos.o(i.MX_FREERTOS_Init)
    MX_GPIO_Init                             0x08002361   Thumb Code   132  gpio.o(i.MX_GPIO_Init)
    MX_UART7_Init                            0x080023ed   Thumb Code    48  usart.o(i.MX_UART7_Init)
    MX_UART8_Init                            0x08002425   Thumb Code    48  usart.o(i.MX_UART8_Init)
    MX_USART6_UART_Init                      0x0800245d   Thumb Code    48  usart.o(i.MX_USART6_UART_Init)
    MemManage_Handler                        0x08002495   Thumb Code     2  stm32f4xx_it.o(i.MemManage_Handler)
    NMI_Handler                              0x08002497   Thumb Code     2  stm32f4xx_it.o(i.NMI_Handler)
    StartDefaultTask                         0x08002499   Thumb Code    98  freertos.o(i.StartDefaultTask)
    SysTick_Handler                          0x08002529   Thumb Code    38  port.o(i.SysTick_Handler)
    SystemClock_Config                       0x08002555   Thumb Code   150  main.o(i.SystemClock_Config)
    SystemInit                               0x080025f5   Thumb Code    12  system_stm32f4xx.o(i.SystemInit)
    TIM6_DAC_IRQHandler                      0x08002605   Thumb Code     6  stm32f4xx_it.o(i.TIM6_DAC_IRQHandler)
    TIM_Base_SetConfig                       0x08002611   Thumb Code   170  stm32f4xx_hal_tim.o(i.TIM_Base_SetConfig)
    TOF_read                                 0x080026e9   Thumb Code    90  usart.o(i.TOF_read)
    UART_Start_Receive_DMA                   0x080029ad   Thumb Code   130  stm32f4xx_hal_uart.o(i.UART_Start_Receive_DMA)
    USR_UartInit                             0x08002ab1   Thumb Code    82  usart.o(i.USR_UartInit)
    UsageFault_Handler                       0x08002b0d   Thumb Code     2  stm32f4xx_it.o(i.UsageFault_Handler)
    can_filter_init                          0x08002b31   Thumb Code    80  bsp_can.o(i.can_filter_init)
    main                                     0x08002b89   Thumb Code    54  main.o(i.main)
    osDelay                                  0x08002bcb   Thumb Code    16  cmsis_os.o(i.osDelay)
    osKernelStart                            0x08002bdb   Thumb Code    10  cmsis_os.o(i.osKernelStart)
    osThreadCreate                           0x08002be5   Thumb Code    92  cmsis_os.o(i.osThreadCreate)
    pvPortMalloc                             0x08002fc9   Thumb Code   224  heap_4.o(i.pvPortMalloc)
    pxPortInitialiseStack                    0x080030b1   Thumb Code    38  port.o(i.pxPortInitialiseStack)
    uxListRemove                             0x080030dd   Thumb Code    38  list.o(i.uxListRemove)
    vApplicationGetIdleTaskMemory            0x08003105   Thumb Code    16  freertos.o(i.vApplicationGetIdleTaskMemory)
    vListInitialise                          0x08003119   Thumb Code    22  list.o(i.vListInitialise)
    vListInitialiseItem                      0x0800312f   Thumb Code     6  list.o(i.vListInitialiseItem)
    vListInsert                              0x08003135   Thumb Code    54  list.o(i.vListInsert)
    vListInsertEnd                           0x0800316b   Thumb Code    24  list.o(i.vListInsertEnd)
    vPortEnterCritical                       0x08003185   Thumb Code    54  port.o(i.vPortEnterCritical)
    vPortExitCritical                        0x080031c5   Thumb Code    38  port.o(i.vPortExitCritical)
    vPortFree                                0x080031f1   Thumb Code    94  heap_4.o(i.vPortFree)
    vPortSetupTimerInterrupt                 0x08003255   Thumb Code    32  port.o(i.vPortSetupTimerInterrupt)
    vTaskDelay                               0x08003279   Thumb Code    70  tasks.o(i.vTaskDelay)
    vTaskStartScheduler                      0x080032c9   Thumb Code   120  tasks.o(i.vTaskStartScheduler)
    vTaskSuspendAll                          0x08003351   Thumb Code    10  tasks.o(i.vTaskSuspendAll)
    vTaskSwitchContext                       0x08003361   Thumb Code    86  tasks.o(i.vTaskSwitchContext)
    verifyCheckSum                           0x080033c1   Thumb Code    46  usart.o(i.verifyCheckSum)
    xPortStartScheduler                      0x080033f5   Thumb Code   232  port.o(i.xPortStartScheduler)
    xTaskCreate                              0x080034f9   Thumb Code   108  tasks.o(i.xTaskCreate)
    xTaskCreateStatic                        0x08003565   Thumb Code    96  tasks.o(i.xTaskCreateStatic)
    xTaskIncrementTick                       0x080035c5   Thumb Code   202  tasks.o(i.xTaskIncrementTick)
    xTaskResumeAll                           0x08003699   Thumb Code   190  tasks.o(i.xTaskResumeAll)
    _fp_init                                 0x08003765   Thumb Code    10  fpinit.o(x$fpl$fpinit)
    __fplib_config_fpu_vfp                   0x0800376d   Thumb Code     0  fpinit.o(x$fpl$fpinit)
    __fplib_config_pureend_doubles           0x0800376d   Thumb Code     0  fpinit.o(x$fpl$fpinit)
    AHBPrescTable                            0x08003794   Data          16  system_stm32f4xx.o(.constdata)
    APBPrescTable                            0x080037a4   Data           8  system_stm32f4xx.o(.constdata)
    Region$$Table$$Base                      0x080037b8   Number         0  anon$$obj.o(Region$$Table)
    Region$$Table$$Limit                     0x080037d8   Number         0  anon$$obj.o(Region$$Table)
    defaultTaskHandle                        0x20000000   Data           4  freertos.o(.data)
    TOF_length                               0x20000008   Data           1  usart.o(.data)
    TOF_check                                0x20000009   Data           1  usart.o(.data)
    uart7RxLength                            0x2000000a   Data           2  usart.o(.data)
    uart8RxLength                            0x2000000c   Data           2  usart.o(.data)
    uart6TxLength                            0x2000000e   Data           2  usart.o(.data)
    TOF_header                               0x20000010   Data           3  usart.o(.data)
    TOF_distance8                            0x20000014   Data           4  usart.o(.data)
    TOF_distance7                            0x20000018   Data           4  usart.o(.data)
    uwTickFreq                               0x2000001c   Data           1  stm32f4xx_hal.o(.data)
    uwTickPrio                               0x20000020   Data           4  stm32f4xx_hal.o(.data)
    uwTick                                   0x20000024   Data           4  stm32f4xx_hal.o(.data)
    SystemCoreClock                          0x20000028   Data           4  system_stm32f4xx.o(.data)
    pxCurrentTCB                             0x2000002c   Data           4  tasks.o(.data)
    hcan1                                    0x200002fc   Data          40  can.o(.bss)
    hcan2                                    0x20000324   Data          40  can.o(.bss)
    uart7Rx                                  0x2000034c   Data          32  usart.o(.bss)
    uart8Rx                                  0x2000036c   Data          32  usart.o(.bss)
    huart7                                   0x2000038c   Data          72  usart.o(.bss)
    huart8                                   0x200003d4   Data          72  usart.o(.bss)
    huart6                                   0x2000041c   Data          72  usart.o(.bss)
    hdma_uart7_rx                            0x20000464   Data          96  usart.o(.bss)
    hdma_uart8_rx                            0x200004c4   Data          96  usart.o(.bss)
    hdma_usart6_tx                           0x20000524   Data          96  usart.o(.bss)
    htim6                                    0x20000584   Data          72  stm32f4xx_hal_timebase_tim.o(.bss)
    motor_chassis                            0x200042bc   Data          70  can_receive.o(.bss)
    __libspace_start                         0x20004334   Data          96  libspace.o(.bss)
    __temporary_stack_top$libspace           0x20004394   Data           0  libspace.o(.bss)



==============================================================================

Memory Map of the image

  Image Entry point : 0x080001ad

  Load Region LR_IROM1 (Base: 0x08000000, Size: 0x00003880, Max: 0x00200000, ABSOLUTE)

    Execution Region ER_IROM1 (Exec base: 0x08000000, Load base: 0x08000000, Size: 0x000037d8, Max: 0x00200000, ABSOLUTE)

    Exec Addr    Load Addr    Size         Type   Attr      Idx    E Section Name        Object

    0x08000000   0x08000000   0x000001ac   Data   RO            3    RESET               startup_stm32f427xx.o
    0x080001ac   0x080001ac   0x00000008   Code   RO         5174  * !!!main             c_w.l(__main.o)
    0x080001b4   0x080001b4   0x00000034   Code   RO         5419    !!!scatter          c_w.l(__scatter.o)
    0x080001e8   0x080001e8   0x0000001a   Code   RO         5421    !!handler_copy      c_w.l(__scatter_copy.o)
    0x08000202   0x08000202   0x00000002   PAD
    0x08000204   0x08000204   0x0000001c   Code   RO         5423    !!handler_zi        c_w.l(__scatter_zi.o)
    0x08000220   0x08000220   0x00000000   Code   RO         5161    .ARM.Collect$$_printf_percent$$00000000  c_w.l(_printf_percent.o)
    0x08000220   0x08000220   0x00000006   Code   RO         5160    .ARM.Collect$$_printf_percent$$0000000A  c_w.l(_printf_u.o)
    0x08000226   0x08000226   0x00000004   Code   RO         5226    .ARM.Collect$$_printf_percent$$00000017  c_w.l(_printf_percent_end.o)
    0x0800022a   0x0800022a   0x00000002   Code   RO         5356    .ARM.Collect$$libinit$$00000000  c_w.l(libinit.o)
    0x0800022c   0x0800022c   0x00000004   Code   RO         5231    .ARM.Collect$$libinit$$00000001  c_w.l(libinit2.o)
    0x08000230   0x08000230   0x00000000   Code   RO         5234    .ARM.Collect$$libinit$$00000004  c_w.l(libinit2.o)
    0x08000230   0x08000230   0x00000000   Code   RO         5237    .ARM.Collect$$libinit$$0000000A  c_w.l(libinit2.o)
    0x08000230   0x08000230   0x00000000   Code   RO         5239    .ARM.Collect$$libinit$$0000000C  c_w.l(libinit2.o)
    0x08000230   0x08000230   0x00000000   Code   RO         5241    .ARM.Collect$$libinit$$0000000E  c_w.l(libinit2.o)
    0x08000230   0x08000230   0x00000000   Code   RO         5244    .ARM.Collect$$libinit$$00000011  c_w.l(libinit2.o)
    0x08000230   0x08000230   0x00000000   Code   RO         5246    .ARM.Collect$$libinit$$00000013  c_w.l(libinit2.o)
    0x08000230   0x08000230   0x00000000   Code   RO         5248    .ARM.Collect$$libinit$$00000015  c_w.l(libinit2.o)
    0x08000230   0x08000230   0x00000000   Code   RO         5250    .ARM.Collect$$libinit$$00000017  c_w.l(libinit2.o)
    0x08000230   0x08000230   0x00000000   Code   RO         5252    .ARM.Collect$$libinit$$00000019  c_w.l(libinit2.o)
    0x08000230   0x08000230   0x00000000   Code   RO         5254    .ARM.Collect$$libinit$$0000001B  c_w.l(libinit2.o)
    0x08000230   0x08000230   0x00000000   Code   RO         5256    .ARM.Collect$$libinit$$0000001D  c_w.l(libinit2.o)
    0x08000230   0x08000230   0x00000000   Code   RO         5258    .ARM.Collect$$libinit$$0000001F  c_w.l(libinit2.o)
    0x08000230   0x08000230   0x00000000   Code   RO         5260    .ARM.Collect$$libinit$$00000021  c_w.l(libinit2.o)
    0x08000230   0x08000230   0x00000000   Code   RO         5262    .ARM.Collect$$libinit$$00000023  c_w.l(libinit2.o)
    0x08000230   0x08000230   0x00000000   Code   RO         5264    .ARM.Collect$$libinit$$00000025  c_w.l(libinit2.o)
    0x08000230   0x08000230   0x00000000   Code   RO         5268    .ARM.Collect$$libinit$$0000002C  c_w.l(libinit2.o)
    0x08000230   0x08000230   0x00000000   Code   RO         5270    .ARM.Collect$$libinit$$0000002E  c_w.l(libinit2.o)
    0x08000230   0x08000230   0x00000000   Code   RO         5272    .ARM.Collect$$libinit$$00000030  c_w.l(libinit2.o)
    0x08000230   0x08000230   0x00000000   Code   RO         5274    .ARM.Collect$$libinit$$00000032  c_w.l(libinit2.o)
    0x08000230   0x08000230   0x00000002   Code   RO         5275    .ARM.Collect$$libinit$$00000033  c_w.l(libinit2.o)
    0x08000232   0x08000232   0x00000002   Code   RO         5416    .ARM.Collect$$libshutdown$$00000000  c_w.l(libshutdown.o)
    0x08000234   0x08000234   0x00000000   Code   RO         5372    .ARM.Collect$$libshutdown$$00000002  c_w.l(libshutdown2.o)
    0x08000234   0x08000234   0x00000000   Code   RO         5374    .ARM.Collect$$libshutdown$$00000004  c_w.l(libshutdown2.o)
    0x08000234   0x08000234   0x00000000   Code   RO         5376    .ARM.Collect$$libshutdown$$00000006  c_w.l(libshutdown2.o)
    0x08000234   0x08000234   0x00000000   Code   RO         5379    .ARM.Collect$$libshutdown$$00000009  c_w.l(libshutdown2.o)
    0x08000234   0x08000234   0x00000000   Code   RO         5382    .ARM.Collect$$libshutdown$$0000000C  c_w.l(libshutdown2.o)
    0x08000234   0x08000234   0x00000000   Code   RO         5384    .ARM.Collect$$libshutdown$$0000000E  c_w.l(libshutdown2.o)
    0x08000234   0x08000234   0x00000000   Code   RO         5387    .ARM.Collect$$libshutdown$$00000011  c_w.l(libshutdown2.o)
    0x08000234   0x08000234   0x00000002   Code   RO         5388    .ARM.Collect$$libshutdown$$00000012  c_w.l(libshutdown2.o)
    0x08000236   0x08000236   0x00000000   Code   RO         5190    .ARM.Collect$$rtentry$$00000000  c_w.l(__rtentry.o)
    0x08000236   0x08000236   0x00000000   Code   RO         5291    .ARM.Collect$$rtentry$$00000002  c_w.l(__rtentry2.o)
    0x08000236   0x08000236   0x00000006   Code   RO         5303    .ARM.Collect$$rtentry$$00000004  c_w.l(__rtentry4.o)
    0x0800023c   0x0800023c   0x00000000   Code   RO         5293    .ARM.Collect$$rtentry$$00000009  c_w.l(__rtentry2.o)
    0x0800023c   0x0800023c   0x00000004   Code   RO         5294    .ARM.Collect$$rtentry$$0000000A  c_w.l(__rtentry2.o)
    0x08000240   0x08000240   0x00000000   Code   RO         5296    .ARM.Collect$$rtentry$$0000000C  c_w.l(__rtentry2.o)
    0x08000240   0x08000240   0x00000008   Code   RO         5297    .ARM.Collect$$rtentry$$0000000D  c_w.l(__rtentry2.o)
    0x08000248   0x08000248   0x00000002   Code   RO         5359    .ARM.Collect$$rtexit$$00000000  c_w.l(rtexit.o)
    0x0800024a   0x0800024a   0x00000000   Code   RO         5392    .ARM.Collect$$rtexit$$00000002  c_w.l(rtexit2.o)
    0x0800024a   0x0800024a   0x00000004   Code   RO         5393    .ARM.Collect$$rtexit$$00000003  c_w.l(rtexit2.o)
    0x0800024e   0x0800024e   0x00000006   Code   RO         5394    .ARM.Collect$$rtexit$$00000004  c_w.l(rtexit2.o)
    0x08000254   0x08000254   0x000000be   Code   RO         4747    .emb_text           port.o
    0x08000312   0x08000312   0x00000002   PAD
    0x08000314   0x08000314   0x00000040   Code   RO            4    .text               startup_stm32f427xx.o
    0x08000354   0x08000354   0x000000ee   Code   RO         5130    .text               c_w.l(lludivv7m.o)
    0x08000442   0x08000442   0x00000002   PAD
    0x08000444   0x08000444   0x00000028   Code   RO         5134    .text               c_w.l(noretval__2sprintf.o)
    0x0800046c   0x0800046c   0x00000078   Code   RO         5138    .text               c_w.l(_printf_dec.o)
    0x080004e4   0x080004e4   0x000000b8   Code   RO         5143    .text               c_w.l(__printf_ss.o)
    0x0800059c   0x0800059c   0x0000003e   Code   RO         5162    .text               c_w.l(strlen.o)
    0x080005da   0x080005da   0x00000064   Code   RO         5166    .text               c_w.l(rt_memcpy_w.o)
    0x0800063e   0x0800063e   0x0000004e   Code   RO         5170    .text               c_w.l(rt_memclr_w.o)
    0x0800068c   0x0800068c   0x00000006   Code   RO         5172    .text               c_w.l(heapauxi.o)
    0x08000692   0x08000692   0x000000b2   Code   RO         5220    .text               c_w.l(_printf_intcommon.o)
    0x08000744   0x08000744   0x00000030   Code   RO         5222    .text               c_w.l(_printf_char_common.o)
    0x08000774   0x08000774   0x0000000a   Code   RO         5224    .text               c_w.l(_sputc.o)
    0x0800077e   0x0800077e   0x00000002   PAD
    0x08000780   0x08000780   0x00000008   Code   RO         5287    .text               c_w.l(libspace.o)
    0x08000788   0x08000788   0x00000002   Code   RO         5328    .text               c_w.l(use_no_semi.o)
    0x0800078a   0x0800078a   0x00000000   Code   RO         5330    .text               c_w.l(indicate_semi.o)
    0x0800078a   0x0800078a   0x0000004a   Code   RO         5331    .text               c_w.l(sys_stackheap_outer.o)
    0x080007d4   0x080007d4   0x00000012   Code   RO         5337    .text               c_w.l(exit.o)
    0x080007e6   0x080007e6   0x00000002   PAD
    0x080007e8   0x080007e8   0x0000000c   Code   RO         5357    .text               c_w.l(sys_exit.o)
    0x080007f4   0x080007f4   0x00000002   Code   RO          515    i.BusFault_Handler  stm32f4xx_it.o
    0x080007f6   0x080007f6   0x00000002   PAD
    0x080007f8   0x080007f8   0x0000000c   Code   RO          516    i.CAN1_RX0_IRQHandler  stm32f4xx_it.o
    0x08000804   0x08000804   0x0000000c   Code   RO          517    i.CAN1_TX_IRQHandler  stm32f4xx_it.o
    0x08000810   0x08000810   0x0000000c   Code   RO          518    i.CAN2_RX0_IRQHandler  stm32f4xx_it.o
    0x0800081c   0x0800081c   0x0000000c   Code   RO          519    i.CAN2_TX_IRQHandler  stm32f4xx_it.o
    0x08000828   0x08000828   0x0000000c   Code   RO          520    i.DMA1_Stream3_IRQHandler  stm32f4xx_it.o
    0x08000834   0x08000834   0x0000000c   Code   RO          521    i.DMA1_Stream6_IRQHandler  stm32f4xx_it.o
    0x08000840   0x08000840   0x0000000c   Code   RO          522    i.DMA2_Stream6_IRQHandler  stm32f4xx_it.o
    0x0800084c   0x0800084c   0x00000028   Code   RO         1429    i.DMA_CalcBaseAndBitshift  stm32f4xx_hal_dma.o
    0x08000874   0x08000874   0x00000054   Code   RO         1430    i.DMA_CheckFifoParam  stm32f4xx_hal_dma.o
    0x080008c8   0x080008c8   0x00000028   Code   RO         1431    i.DMA_SetConfig     stm32f4xx_hal_dma.o
    0x080008f0   0x080008f0   0x00000002   Code   RO          523    i.DebugMon_Handler  stm32f4xx_it.o
    0x080008f2   0x080008f2   0x00000004   Code   RO           73    i.Error_Handler     main.o
    0x080008f6   0x080008f6   0x00000024   Code   RO          685    i.HAL_CAN_ActivateNotification  stm32f4xx_hal_can.o
    0x0800091a   0x0800091a   0x00000002   PAD
    0x0800091c   0x0800091c   0x0000010c   Code   RO          687    i.HAL_CAN_ConfigFilter  stm32f4xx_hal_can.o
    0x08000a28   0x08000a28   0x00000002   Code   RO          690    i.HAL_CAN_ErrorCallback  stm32f4xx_hal_can.o
    0x08000a2a   0x08000a2a   0x000000f4   Code   RO          693    i.HAL_CAN_GetRxMessage  stm32f4xx_hal_can.o
    0x08000b1e   0x08000b1e   0x000001fc   Code   RO          697    i.HAL_CAN_IRQHandler  stm32f4xx_hal_can.o
    0x08000d1a   0x08000d1a   0x0000011a   Code   RO          698    i.HAL_CAN_Init      stm32f4xx_hal_can.o
    0x08000e34   0x08000e34   0x0000011c   Code   RO          359    i.HAL_CAN_MspInit   can.o
    0x08000f50   0x08000f50   0x00000002   Code   RO          705    i.HAL_CAN_RxFifo0FullCallback  stm32f4xx_hal_can.o
    0x08000f52   0x08000f52   0x00000002   PAD
    0x08000f54   0x08000f54   0x0000005c   Code   RO         4998    i.HAL_CAN_RxFifo0MsgPendingCallback  can_receive.o
    0x08000fb0   0x08000fb0   0x00000002   Code   RO          707    i.HAL_CAN_RxFifo1FullCallback  stm32f4xx_hal_can.o
    0x08000fb2   0x08000fb2   0x00000002   Code   RO          708    i.HAL_CAN_RxFifo1MsgPendingCallback  stm32f4xx_hal_can.o
    0x08000fb4   0x08000fb4   0x00000002   Code   RO          709    i.HAL_CAN_SleepCallback  stm32f4xx_hal_can.o
    0x08000fb6   0x08000fb6   0x00000002   PAD
    0x08000fb8   0x08000fb8   0x00000058   Code   RO          710    i.HAL_CAN_Start     stm32f4xx_hal_can.o
    0x08001010   0x08001010   0x00000002   Code   RO          712    i.HAL_CAN_TxMailbox0AbortCallback  stm32f4xx_hal_can.o
    0x08001012   0x08001012   0x00000002   Code   RO          713    i.HAL_CAN_TxMailbox0CompleteCallback  stm32f4xx_hal_can.o
    0x08001014   0x08001014   0x00000002   Code   RO          714    i.HAL_CAN_TxMailbox1AbortCallback  stm32f4xx_hal_can.o
    0x08001016   0x08001016   0x00000002   Code   RO          715    i.HAL_CAN_TxMailbox1CompleteCallback  stm32f4xx_hal_can.o
    0x08001018   0x08001018   0x00000002   Code   RO          716    i.HAL_CAN_TxMailbox2AbortCallback  stm32f4xx_hal_can.o
    0x0800101a   0x0800101a   0x00000002   Code   RO          717    i.HAL_CAN_TxMailbox2CompleteCallback  stm32f4xx_hal_can.o
    0x0800101c   0x0800101c   0x00000002   Code   RO          719    i.HAL_CAN_WakeUpFromRxMsgCallback  stm32f4xx_hal_can.o
    0x0800101e   0x0800101e   0x00000002   PAD
    0x08001020   0x08001020   0x000001a0   Code   RO         1437    i.HAL_DMA_IRQHandler  stm32f4xx_hal_dma.o
    0x080011c0   0x080011c0   0x000000d4   Code   RO         1438    i.HAL_DMA_Init      stm32f4xx_hal_dma.o
    0x08001294   0x08001294   0x0000006e   Code   RO         1442    i.HAL_DMA_Start_IT  stm32f4xx_hal_dma.o
    0x08001302   0x08001302   0x00000002   PAD
    0x08001304   0x08001304   0x00000234   Code   RO         1325    i.HAL_GPIO_Init     stm32f4xx_hal_gpio.o
    0x08001538   0x08001538   0x0000000a   Code   RO         1329    i.HAL_GPIO_WritePin  stm32f4xx_hal_gpio.o
    0x08001542   0x08001542   0x00000002   PAD
    0x08001544   0x08001544   0x0000000c   Code   RO         1883    i.HAL_GetTick       stm32f4xx_hal.o
    0x08001550   0x08001550   0x00000010   Code   RO         1889    i.HAL_IncTick       stm32f4xx_hal.o
    0x08001560   0x08001560   0x00000034   Code   RO         1890    i.HAL_Init          stm32f4xx_hal.o
    0x08001594   0x08001594   0x00000098   Code   RO          645    i.HAL_InitTick      stm32f4xx_hal_timebase_tim.o
    0x0800162c   0x0800162c   0x00000038   Code   RO          621    i.HAL_MspInit       stm32f4xx_hal_msp.o
    0x08001664   0x08001664   0x0000001a   Code   RO         1733    i.HAL_NVIC_EnableIRQ  stm32f4xx_hal_cortex.o
    0x0800167e   0x0800167e   0x00000002   PAD
    0x08001680   0x08001680   0x00000040   Code   RO         1739    i.HAL_NVIC_SetPriority  stm32f4xx_hal_cortex.o
    0x080016c0   0x080016c0   0x00000024   Code   RO         1740    i.HAL_NVIC_SetPriorityGrouping  stm32f4xx_hal_cortex.o
    0x080016e4   0x080016e4   0x00000070   Code   RO         1661    i.HAL_PWREx_EnableOverDrive  stm32f4xx_hal_pwr_ex.o
    0x08001754   0x08001754   0x00000134   Code   RO          919    i.HAL_RCC_ClockConfig  stm32f4xx_hal_rcc.o
    0x08001888   0x08001888   0x00000040   Code   RO          923    i.HAL_RCC_GetClockConfig  stm32f4xx_hal_rcc.o
    0x080018c8   0x080018c8   0x00000020   Code   RO          926    i.HAL_RCC_GetPCLK1Freq  stm32f4xx_hal_rcc.o
    0x080018e8   0x080018e8   0x00000020   Code   RO          927    i.HAL_RCC_GetPCLK2Freq  stm32f4xx_hal_rcc.o
    0x08001908   0x08001908   0x00000064   Code   RO          928    i.HAL_RCC_GetSysClockFreq  stm32f4xx_hal_rcc.o
    0x0800196c   0x0800196c   0x0000036c   Code   RO          931    i.HAL_RCC_OscConfig  stm32f4xx_hal_rcc.o
    0x08001cd8   0x08001cd8   0x00000002   Code   RO         2844    i.HAL_TIMEx_BreakCallback  stm32f4xx_hal_tim_ex.o
    0x08001cda   0x08001cda   0x00000002   Code   RO         2845    i.HAL_TIMEx_CommutCallback  stm32f4xx_hal_tim_ex.o
    0x08001cdc   0x08001cdc   0x0000005a   Code   RO         2140    i.HAL_TIM_Base_Init  stm32f4xx_hal_tim.o
    0x08001d36   0x08001d36   0x00000002   Code   RO         2142    i.HAL_TIM_Base_MspInit  stm32f4xx_hal_tim.o
    0x08001d38   0x08001d38   0x00000080   Code   RO         2145    i.HAL_TIM_Base_Start_IT  stm32f4xx_hal_tim.o
    0x08001db8   0x08001db8   0x00000002   Code   RO         2174    i.HAL_TIM_IC_CaptureCallback  stm32f4xx_hal_tim.o
    0x08001dba   0x08001dba   0x00000130   Code   RO         2188    i.HAL_TIM_IRQHandler  stm32f4xx_hal_tim.o
    0x08001eea   0x08001eea   0x00000002   Code   RO         2191    i.HAL_TIM_OC_DelayElapsedCallback  stm32f4xx_hal_tim.o
    0x08001eec   0x08001eec   0x00000002   Code   RO         2218    i.HAL_TIM_PWM_PulseFinishedCallback  stm32f4xx_hal_tim.o
    0x08001eee   0x08001eee   0x00000002   PAD
    0x08001ef0   0x08001ef0   0x00000014   Code   RO           74    i.HAL_TIM_PeriodElapsedCallback  main.o
    0x08001f04   0x08001f04   0x00000002   Code   RO         2231    i.HAL_TIM_TriggerCallback  stm32f4xx_hal_tim.o
    0x08001f06   0x08001f06   0x00000002   Code   RO         3123    i.HAL_UARTEx_RxEventCallback  stm32f4xx_hal_uart.o
    0x08001f08   0x08001f08   0x00000002   Code   RO         3137    i.HAL_UART_ErrorCallback  stm32f4xx_hal_uart.o
    0x08001f0a   0x08001f0a   0x00000064   Code   RO         3141    i.HAL_UART_Init     stm32f4xx_hal_uart.o
    0x08001f6e   0x08001f6e   0x00000002   PAD
    0x08001f70   0x08001f70   0x000001d4   Code   RO          432    i.HAL_UART_MspInit  usart.o
    0x08002144   0x08002144   0x0000001c   Code   RO         3145    i.HAL_UART_Receive_DMA  stm32f4xx_hal_uart.o
    0x08002160   0x08002160   0x0000004c   Code   RO          433    i.HAL_UART_RxCpltCallback  usart.o
    0x080021ac   0x080021ac   0x00000002   Code   RO         3148    i.HAL_UART_RxHalfCpltCallback  stm32f4xx_hal_uart.o
    0x080021ae   0x080021ae   0x000000a0   Code   RO         3149    i.HAL_UART_Transmit  stm32f4xx_hal_uart.o
    0x0800224e   0x0800224e   0x00000002   Code   RO          524    i.HardFault_Handler  stm32f4xx_it.o
    0x08002250   0x08002250   0x00000044   Code   RO          360    i.MX_CAN1_Init      can.o
    0x08002294   0x08002294   0x00000048   Code   RO          361    i.MX_CAN2_Init      can.o
    0x080022dc   0x080022dc   0x0000005c   Code   RO          407    i.MX_DMA_Init       dma.o
    0x08002338   0x08002338   0x00000028   Code   RO          300    i.MX_FREERTOS_Init  freertos.o
    0x08002360   0x08002360   0x0000008c   Code   RO          276    i.MX_GPIO_Init      gpio.o
    0x080023ec   0x080023ec   0x00000038   Code   RO          434    i.MX_UART7_Init     usart.o
    0x08002424   0x08002424   0x00000038   Code   RO          435    i.MX_UART8_Init     usart.o
    0x0800245c   0x0800245c   0x00000038   Code   RO          436    i.MX_USART6_UART_Init  usart.o
    0x08002494   0x08002494   0x00000002   Code   RO          525    i.MemManage_Handler  stm32f4xx_it.o
    0x08002496   0x08002496   0x00000002   Code   RO          526    i.NMI_Handler       stm32f4xx_it.o
    0x08002498   0x08002498   0x00000090   Code   RO          301    i.StartDefaultTask  freertos.o
    0x08002528   0x08002528   0x0000002c   Code   RO         4748    i.SysTick_Handler   port.o
    0x08002554   0x08002554   0x000000a0   Code   RO           75    i.SystemClock_Config  main.o
    0x080025f4   0x080025f4   0x00000010   Code   RO         3475    i.SystemInit        system_stm32f4xx.o
    0x08002604   0x08002604   0x0000000c   Code   RO          527    i.TIM6_DAC_IRQHandler  stm32f4xx_it.o
    0x08002610   0x08002610   0x000000d8   Code   RO         2233    i.TIM_Base_SetConfig  stm32f4xx_hal_tim.o
    0x080026e8   0x080026e8   0x00000060   Code   RO          437    i.TOF_read          usart.o
    0x08002748   0x08002748   0x0000004a   Code   RO         3155    i.UART_DMAError     stm32f4xx_hal_uart.o
    0x08002792   0x08002792   0x00000086   Code   RO         3156    i.UART_DMAReceiveCplt  stm32f4xx_hal_uart.o
    0x08002818   0x08002818   0x0000001e   Code   RO         3158    i.UART_DMARxHalfCplt  stm32f4xx_hal_uart.o
    0x08002836   0x08002836   0x0000004e   Code   RO         3164    i.UART_EndRxTransfer  stm32f4xx_hal_uart.o
    0x08002884   0x08002884   0x0000001c   Code   RO         3165    i.UART_EndTxTransfer  stm32f4xx_hal_uart.o
    0x080028a0   0x080028a0   0x0000010c   Code   RO         3167    i.UART_SetConfig    stm32f4xx_hal_uart.o
    0x080029ac   0x080029ac   0x00000090   Code   RO         3168    i.UART_Start_Receive_DMA  stm32f4xx_hal_uart.o
    0x08002a3c   0x08002a3c   0x00000072   Code   RO         3170    i.UART_WaitOnFlagUntilTimeout  stm32f4xx_hal_uart.o
    0x08002aae   0x08002aae   0x00000002   PAD
    0x08002ab0   0x08002ab0   0x0000005c   Code   RO          438    i.USR_UartInit      usart.o
    0x08002b0c   0x08002b0c   0x00000002   Code   RO          528    i.UsageFault_Handler  stm32f4xx_it.o
    0x08002b0e   0x08002b0e   0x00000020   Code   RO         1746    i.__NVIC_SetPriority  stm32f4xx_hal_cortex.o
    0x08002b2e   0x08002b2e   0x00000002   PAD
    0x08002b30   0x08002b30   0x00000058   Code   RO         4827    i.can_filter_init   bsp_can.o
    0x08002b88   0x08002b88   0x00000036   Code   RO           76    i.main              main.o
    0x08002bbe   0x08002bbe   0x0000000c   Code   RO         4313    i.makeFreeRtosPriority  cmsis_os.o
    0x08002bca   0x08002bca   0x00000010   Code   RO         4315    i.osDelay           cmsis_os.o
    0x08002bda   0x08002bda   0x0000000a   Code   RO         4318    i.osKernelStart     cmsis_os.o
    0x08002be4   0x08002be4   0x0000005c   Code   RO         4352    i.osThreadCreate    cmsis_os.o
    0x08002c40   0x08002c40   0x00000078   Code   RO         3984    i.prvAddCurrentTaskToDelayedList  tasks.o
    0x08002cb8   0x08002cb8   0x00000088   Code   RO         3985    i.prvAddNewTaskToReadyList  tasks.o
    0x08002d40   0x08002d40   0x00000040   Code   RO         3986    i.prvCheckTasksWaitingTermination  tasks.o
    0x08002d80   0x08002d80   0x00000040   Code   RO         3987    i.prvDeleteTCB      tasks.o
    0x08002dc0   0x08002dc0   0x00000050   Code   RO         4680    i.prvHeapInit       heap_4.o
    0x08002e10   0x08002e10   0x00000028   Code   RO         3988    i.prvIdleTask       tasks.o
    0x08002e38   0x08002e38   0x0000007e   Code   RO         3989    i.prvInitialiseNewTask  tasks.o
    0x08002eb6   0x08002eb6   0x00000002   PAD
    0x08002eb8   0x08002eb8   0x00000060   Code   RO         3990    i.prvInitialiseTaskLists  tasks.o
    0x08002f18   0x08002f18   0x0000005c   Code   RO         4681    i.prvInsertBlockIntoFreeList  heap_4.o
    0x08002f74   0x08002f74   0x00000024   Code   RO         3991    i.prvResetNextTaskUnblockTime  tasks.o
    0x08002f98   0x08002f98   0x00000030   Code   RO         4749    i.prvTaskExitError  port.o
    0x08002fc8   0x08002fc8   0x000000e8   Code   RO         4682    i.pvPortMalloc      heap_4.o
    0x080030b0   0x080030b0   0x0000002c   Code   RO         4750    i.pxPortInitialiseStack  port.o
    0x080030dc   0x080030dc   0x00000026   Code   RO         3610    i.uxListRemove      list.o
    0x08003102   0x08003102   0x00000002   PAD
    0x08003104   0x08003104   0x00000014   Code   RO          302    i.vApplicationGetIdleTaskMemory  freertos.o
    0x08003118   0x08003118   0x00000016   Code   RO         3611    i.vListInitialise   list.o
    0x0800312e   0x0800312e   0x00000006   Code   RO         3612    i.vListInitialiseItem  list.o
    0x08003134   0x08003134   0x00000036   Code   RO         3613    i.vListInsert       list.o
    0x0800316a   0x0800316a   0x00000018   Code   RO         3614    i.vListInsertEnd    list.o
    0x08003182   0x08003182   0x00000002   PAD
    0x08003184   0x08003184   0x00000040   Code   RO         4752    i.vPortEnterCritical  port.o
    0x080031c4   0x080031c4   0x0000002c   Code   RO         4753    i.vPortExitCritical  port.o
    0x080031f0   0x080031f0   0x00000064   Code   RO         4683    i.vPortFree         heap_4.o
    0x08003254   0x08003254   0x00000024   Code   RO         4754    i.vPortSetupTimerInterrupt  port.o
    0x08003278   0x08003278   0x00000050   Code   RO         4000    i.vTaskDelay        tasks.o
    0x080032c8   0x080032c8   0x00000088   Code   RO         4013    i.vTaskStartScheduler  tasks.o
    0x08003350   0x08003350   0x00000010   Code   RO         4015    i.vTaskSuspendAll   tasks.o
    0x08003360   0x08003360   0x00000060   Code   RO         4016    i.vTaskSwitchContext  tasks.o
    0x080033c0   0x080033c0   0x00000034   Code   RO          439    i.verifyCheckSum    usart.o
    0x080033f4   0x080033f4   0x00000104   Code   RO         4756    i.xPortStartScheduler  port.o
    0x080034f8   0x080034f8   0x0000006c   Code   RO         4019    i.xTaskCreate       tasks.o
    0x08003564   0x08003564   0x00000060   Code   RO         4020    i.xTaskCreateStatic  tasks.o
    0x080035c4   0x080035c4   0x000000d4   Code   RO         4027    i.xTaskIncrementTick  tasks.o
    0x08003698   0x08003698   0x000000cc   Code   RO         4033    i.xTaskResumeAll    tasks.o
    0x08003764   0x08003764   0x0000000a   Code   RO         5326    x$fpl$fpinit        fz_wm.l(fpinit.o)
    0x0800376e   0x0800376e   0x00000002   PAD
    0x08003770   0x08003770   0x0000001c   Data   RO          304    .constdata          freertos.o
    0x0800378c   0x0800378c   0x00000008   Data   RO         1444    .constdata          stm32f4xx_hal_dma.o
    0x08003794   0x08003794   0x00000010   Data   RO         3476    .constdata          system_stm32f4xx.o
    0x080037a4   0x080037a4   0x00000008   Data   RO         3477    .constdata          system_stm32f4xx.o
    0x080037ac   0x080037ac   0x0000000c   Data   RO          305    .conststring        freertos.o
    0x080037b8   0x080037b8   0x00000020   Data   RO         5417    Region$$Table       anon$$obj.o


    Execution Region RW_IRAM2 (Exec base: 0x10000000, Load base: 0x08003880, Size: 0x00000000, Max: 0x00010000, ABSOLUTE)

    **** No section assigned to this execution region ****


    Execution Region RW_IRAM1 (Exec base: 0x20000000, Load base: 0x080037d8, Size: 0x00004998, Max: 0x00030000, ABSOLUTE)

    Exec Addr    Load Addr    Size         Type   Attr      Idx    E Section Name        Object

    0x20000000   0x080037d8   0x00000004   Data   RW          306    .data               freertos.o
    0x20000004   0x080037dc   0x00000004   Data   RW          363    .data               can.o
    0x20000008   0x080037e0   0x00000014   Data   RW          442    .data               usart.o
    0x2000001c   0x080037f4   0x0000000c   Data   RW         1897    .data               stm32f4xx_hal.o
    0x20000028   0x08003800   0x00000004   Data   RW         3478    .data               system_stm32f4xx.o
    0x2000002c   0x08003804   0x0000003c   Data   RW         4036    .data               tasks.o
    0x20000068   0x08003840   0x00000020   Data   RW         4689    .data               heap_4.o
    0x20000088   0x08003860   0x0000000c   Data   RW         4757    .data               port.o
    0x20000094   0x0800386c   0x00000011   Data   RW         5004    .data               can_receive.o
    0x200000a5   0x0800387d   0x00000003   PAD
    0x200000a8        -       0x00000254   Zero   RW          303    .bss                freertos.o
    0x200002fc        -       0x00000050   Zero   RW          362    .bss                can.o
    0x2000034c        -       0x00000238   Zero   RW          440    .bss                usart.o
    0x20000584        -       0x00000048   Zero   RW          648    .bss                stm32f4xx_hal_timebase_tim.o
    0x200005cc        -       0x000000f0   Zero   RW         4035    .bss                tasks.o
    0x200006bc        -       0x00003c00   Zero   RW         4688    .bss                heap_4.o
    0x200042bc        -       0x00000078   Zero   RW         5003    .bss                can_receive.o
    0x20004334        -       0x00000060   Zero   RW         5288    .bss                c_w.l(libspace.o)
    0x20004394   0x0800387d   0x00000004   PAD
    0x20004398        -       0x00000200   Zero   RW            2    HEAP                startup_stm32f427xx.o
    0x20004598        -       0x00000400   Zero   RW            1    STACK               startup_stm32f427xx.o


==============================================================================

Image component sizes


      Code (inc. data)   RO Data    RW Data    ZI Data      Debug   Object Name

         0          0          0          0          0       2920   adc_dc.o
        88          8          0          0          0     611826   bsp_can.o
       424         40          0          4         80       2426   can.o
        92         10          0         17        120       2258   can_receive.o
       130          0          0          0          0      22923   cmsis_os.o
        92          4          0          0          0        794   dma.o
         0          0          0          0          0      15356   event_groups.o
       204         60         40          4        596       2933   freertos.o
       140          8          0          0          0        963   gpio.o
       504         32          0         32      15360       7455   heap_4.o
       144          0          0          0          0       3486   list.o
       238         16          0          0          0     784580   main.o
       730         82          0         12          0      10932   port.o
        64         26        428          0       1536        828   startup_stm32f427xx.o
        80         14          0         12          0       8134   stm32f4xx_hal.o
      1450          6          0          0          0      12892   stm32f4xx_hal_can.o
       158         14          0          0          0      32958   stm32f4xx_hal_cortex.o
       902         16          8          0          0       5691   stm32f4xx_hal_dma.o
       574         54          0          0          0       2160   stm32f4xx_hal_gpio.o
        56          4          0          0          0        834   stm32f4xx_hal_msp.o
       112         14          0          0          0       1256   stm32f4xx_hal_pwr_ex.o
      1412         86          0          0          0       5785   stm32f4xx_hal_rcc.o
       748         74          0          0          0       7344   stm32f4xx_hal_tim.o
         4          0          0          0          0       1581   stm32f4xx_hal_tim_ex.o
       152         20          0          0         72       1431   stm32f4xx_hal_timebase_tim.o
      1164         24          0          0          0      10472   stm32f4xx_hal_uart.o
       108         48          0          0          0       6347   stm32f4xx_it.o
         0          0          0          0          0        392   stream_buffer.o
        16          4         24          4          0       1079   system_stm32f4xx.o
      1630        142          0         60        240      20341   tasks.o
       952         92          0         20        568       6498   usart.o

    ----------------------------------------------------------------------
     12400        898        532        168      18572    1594875   Object Totals
         0          0         32          0          0          0   (incl. Generated)
        32          0          0          3          0          0   (incl. Padding)

    ----------------------------------------------------------------------

      Code (inc. data)   RO Data    RW Data    ZI Data      Debug   Library Member Name

         8          0          0          0          0         68   __main.o
       184          0          0          0          0         84   __printf_ss.o
         0          0          0          0          0          0   __rtentry.o
        12          0          0          0          0          0   __rtentry2.o
         6          0          0          0          0          0   __rtentry4.o
        52          8          0          0          0          0   __scatter.o
        26          0          0          0          0          0   __scatter_copy.o
        28          0          0          0          0          0   __scatter_zi.o
        48          6          0          0          0         96   _printf_char_common.o
       120         16          0          0          0         92   _printf_dec.o
       178          0          0          0          0         88   _printf_intcommon.o
         0          0          0          0          0          0   _printf_percent.o
         4          0          0          0          0          0   _printf_percent_end.o
         6          0          0          0          0          0   _printf_u.o
        10          0          0          0          0         68   _sputc.o
        18          0          0          0          0         80   exit.o
         6          0          0          0          0        152   heapauxi.o
         0          0          0          0          0          0   indicate_semi.o
         2          0          0          0          0          0   libinit.o
         6          0          0          0          0          0   libinit2.o
         2          0          0          0          0          0   libshutdown.o
         2          0          0          0          0          0   libshutdown2.o
         8          4          0          0         96         68   libspace.o
       238          0          0          0          0        100   lludivv7m.o
        40          6          0          0          0         84   noretval__2sprintf.o
        78          0          0          0          0         80   rt_memclr_w.o
       100          0          0          0          0         80   rt_memcpy_w.o
         2          0          0          0          0          0   rtexit.o
        10          0          0          0          0          0   rtexit2.o
        62          0          0          0          0         76   strlen.o
        12          4          0          0          0         68   sys_exit.o
        74          0          0          0          0         80   sys_stackheap_outer.o
         2          0          0          0          0         68   use_no_semi.o
        10          0          0          0          0        116   fpinit.o

    ----------------------------------------------------------------------
      1364         44          0          0        100       1548   Library Totals
        10          0          0          0          4          0   (incl. Padding)

    ----------------------------------------------------------------------

      Code (inc. data)   RO Data    RW Data    ZI Data      Debug   Library Name

      1344         44          0          0         96       1432   c_w.l
        10          0          0          0          0        116   fz_wm.l

    ----------------------------------------------------------------------
      1364         44          0          0        100       1548   Library Totals

    ----------------------------------------------------------------------

==============================================================================


      Code (inc. data)   RO Data    RW Data    ZI Data      Debug   

     13764        942        532        168      18672    1582447   Grand Totals
     13764        942        532        168      18672    1582447   ELF Image Totals
     13764        942        532        168          0          0   ROM Totals

==============================================================================

    Total RO  Size (Code + RO Data)                14296 (  13.96kB)
    Total RW  Size (RW Data + ZI Data)             18840 (  18.40kB)
    Total ROM Size (Code + RO Data + RW Data)      14464 (  14.13kB)

==============================================================================

