Component: ARM Compiler 5.06 update 7 (build 960) Tool: armlink [4d3601]

==============================================================================

Section Cross References

    startup_stm32f427xx.o(RESET) refers to startup_stm32f427xx.o(STACK) for __initial_sp
    startup_stm32f427xx.o(RESET) refers to startup_stm32f427xx.o(.text) for Reset_Handler
    startup_stm32f427xx.o(RESET) refers to stm32f4xx_it.o(i.NMI_Handler) for NMI_Handler
    startup_stm32f427xx.o(RESET) refers to stm32f4xx_it.o(i.HardFault_Handler) for HardFault_Handler
    startup_stm32f427xx.o(RESET) refers to stm32f4xx_it.o(i.MemManage_Handler) for MemManage_Handler
    startup_stm32f427xx.o(RESET) refers to stm32f4xx_it.o(i.BusFault_Handler) for BusFault_Handler
    startup_stm32f427xx.o(RESET) refers to stm32f4xx_it.o(i.UsageFault_Handler) for UsageFault_Handler
    startup_stm32f427xx.o(RESET) refers to port.o(.emb_text) for SVC_Handler
    startup_stm32f427xx.o(RESET) refers to stm32f4xx_it.o(i.DebugMon_Handler) for DebugMon_Handler
    startup_stm32f427xx.o(RESET) refers to port.o(i.SysTick_Handler) for SysTick_Handler
    startup_stm32f427xx.o(RESET) refers to stm32f4xx_it.o(i.DMA1_Stream3_IRQHandler) for DMA1_Stream3_IRQHandler
    startup_stm32f427xx.o(RESET) refers to stm32f4xx_it.o(i.DMA1_Stream6_IRQHandler) for DMA1_Stream6_IRQHandler
    startup_stm32f427xx.o(RESET) refers to stm32f4xx_it.o(i.CAN1_TX_IRQHandler) for CAN1_TX_IRQHandler
    startup_stm32f427xx.o(RESET) refers to stm32f4xx_it.o(i.CAN1_RX0_IRQHandler) for CAN1_RX0_IRQHandler
    startup_stm32f427xx.o(RESET) refers to stm32f4xx_it.o(i.USART2_IRQHandler) for USART2_IRQHandler
    startup_stm32f427xx.o(RESET) refers to stm32f4xx_it.o(i.TIM6_DAC_IRQHandler) for TIM6_DAC_IRQHandler
    startup_stm32f427xx.o(RESET) refers to stm32f4xx_it.o(i.CAN2_TX_IRQHandler) for CAN2_TX_IRQHandler
    startup_stm32f427xx.o(RESET) refers to stm32f4xx_it.o(i.CAN2_RX0_IRQHandler) for CAN2_RX0_IRQHandler
    startup_stm32f427xx.o(RESET) refers to stm32f4xx_it.o(i.USART6_IRQHandler) for USART6_IRQHandler
    startup_stm32f427xx.o(.text) refers to system_stm32f4xx.o(i.SystemInit) for SystemInit
    startup_stm32f427xx.o(.text) refers to entry.o(.ARM.Collect$$$$00000000) for __main
    adc_dc.o(i.AD_median_filter) refers to malloc.o(i.malloc) for malloc
    adc_dc.o(i.AD_median_filter) refers to malloc.o(i.free) for free
    main.o(i.HAL_TIM_PeriodElapsedCallback) refers to stm32f4xx_hal.o(i.HAL_IncTick) for HAL_IncTick
    main.o(i.SystemClock_Config) refers to memseta.o(.text) for __aeabi_memclr4
    main.o(i.SystemClock_Config) refers to stm32f4xx_hal_rcc.o(i.HAL_RCC_OscConfig) for HAL_RCC_OscConfig
    main.o(i.SystemClock_Config) refers to stm32f4xx_hal_pwr_ex.o(i.HAL_PWREx_EnableOverDrive) for HAL_PWREx_EnableOverDrive
    main.o(i.SystemClock_Config) refers to stm32f4xx_hal_rcc.o(i.HAL_RCC_ClockConfig) for HAL_RCC_ClockConfig
    main.o(i.main) refers to stm32f4xx_hal.o(i.HAL_Init) for HAL_Init
    main.o(i.main) refers to main.o(i.SystemClock_Config) for SystemClock_Config
    main.o(i.main) refers to gpio.o(i.MX_GPIO_Init) for MX_GPIO_Init
    main.o(i.main) refers to dma.o(i.MX_DMA_Init) for MX_DMA_Init
    main.o(i.main) refers to usart.o(i.MX_UART7_Init) for MX_UART7_Init
    main.o(i.main) refers to usart.o(i.MX_UART8_Init) for MX_UART8_Init
    main.o(i.main) refers to usart.o(i.MX_USART6_UART_Init) for MX_USART6_UART_Init
    main.o(i.main) refers to can.o(i.MX_CAN1_Init) for MX_CAN1_Init
    main.o(i.main) refers to can.o(i.MX_CAN2_Init) for MX_CAN2_Init
    main.o(i.main) refers to usart.o(i.MX_USART2_UART_Init) for MX_USART2_UART_Init
    main.o(i.main) refers to usart.o(i.USR_UartInit) for USR_UartInit
    main.o(i.main) refers to bsp_can.o(i.can_filter_init) for can_filter_init
    main.o(i.main) refers to pid.o(i.initFilters) for initFilters
    main.o(i.main) refers to stm32f4xx_hal_uart.o(i.HAL_UART_Receive_IT) for HAL_UART_Receive_IT
    main.o(i.main) refers to can_receive.o(i.get_chassis_motor_measure_point) for get_chassis_motor_measure_point
    main.o(i.main) refers to pid.o(i.PID_init) for PID_init
    main.o(i.main) refers to freertos.o(i.MX_FREERTOS_Init) for MX_FREERTOS_Init
    main.o(i.main) refers to cmsis_os.o(i.osKernelStart) for osKernelStart
    main.o(i.main) refers to usart.o(.data) for RxByte
    main.o(i.main) refers to usart.o(.bss) for huart2
    main.o(i.main) refers to main.o(.data) for .data
    main.o(i.main) refers to main.o(.constdata) for .constdata
    main.o(i.main) refers to main.o(.bss) for .bss
    gpio.o(i.MX_GPIO_Init) refers to memseta.o(.text) for __aeabi_memclr4
    gpio.o(i.MX_GPIO_Init) refers to stm32f4xx_hal_gpio.o(i.HAL_GPIO_WritePin) for HAL_GPIO_WritePin
    gpio.o(i.MX_GPIO_Init) refers to stm32f4xx_hal_gpio.o(i.HAL_GPIO_Init) for HAL_GPIO_Init
    freertos.o(i.MX_FREERTOS_Init) refers to memcpya.o(.text) for __aeabi_memcpy4
[...]
    twotokover4top                           0x080063e0   Data          16  expf.o(.constdata)
    twotokover4bot                           0x080063f0   Data          16  expf.o(.constdata)
    twotokover4all                           0x08006400   Data          16  expf.o(.constdata)
    .constdata                               0x08006410   Section      136  pow.o(.constdata)
    bp                                       0x08006410   Data          16  pow.o(.constdata)
    dp_h                                     0x08006420   Data          16  pow.o(.constdata)
    dp_l                                     0x08006430   Data          16  pow.o(.constdata)
    L                                        0x08006440   Data          48  pow.o(.constdata)
    P                                        0x08006470   Data          40  pow.o(.constdata)
    .constdata                               0x08006498   Section        8  qnan.o(.constdata)
    .conststring                             0x080064a0   Section       37  freertos.o(.conststring)
    .data                                    0x20000000   Section        4  main.o(.data)
    .data                                    0x20000004   Section       16  main.o(.data)
    .data                                    0x20000014   Section        4  main.o(.data)
    .data                                    0x20000018   Section        4  main.o(.data)
    .data                                    0x2000001c   Section        4  main.o(.data)
    .data                                    0x20000020   Section       72  freertos.o(.data)
    rotate_ratio_f                           0x20000044   Data           4  freertos.o(.data)
    wheel_rpm_ratio                          0x20000048   Data           4  freertos.o(.data)
    rotate_ratio_b                           0x2000004c   Data           4  freertos.o(.data)
    .data                                    0x20000068   Section        4  can.o(.data)
    HAL_RCC_CAN1_CLK_ENABLED                 0x20000068   Data           4  can.o(.data)
    .data                                    0x2000006c   Section        4  usart.o(.data)
    .data                                    0x20000070   Section       48  usart.o(.data)
    state                                    0x20000074   Data           1  usart.o(.data)
    crc                                      0x20000075   Data           1  usart.o(.data)
    cnt                                      0x20000076   Data           1  usart.o(.data)
    PACK_FLAG                                0x20000077   Data           1  usart.o(.data)
    data_len                                 0x20000078   Data           1  usart.o(.data)
    state_flag                               0x20000079   Data           1  usart.o(.data)
    state_num                                0x2000007a   Data           1  usart.o(.data)
    count                                    0x2000007e   Data           2  usart.o(.data)
    timestamp                                0x20000090   Data           4  usart.o(.data)
    .data                                    0x200000a0   Section       12  stm32f4xx_hal.o(.data)
    .data                                    0x200000ac   Section        4  system_stm32f4xx.o(.data)
    .data                                    0x200000b0   Section       60  tasks.o(.data)
    uxDeletedTasksWaitingCleanUp             0x200000b4   Data           4  tasks.o(.data)
    uxCurrentNumberOfTasks                   0x200000b8   Data           4  tasks.o(.data)
    xTickCount                               0x200000bc   Data           4  tasks.o(.data)
    uxTopReadyPriority                       0x200000c0   Data           4  tasks.o(.data)
    xSchedulerRunning                        0x200000c4   Data           4  tasks.o(.data)
    xPendedTicks                             0x200000c8   Data           4  tasks.o(.data)
    xYieldPending                            0x200000cc   Data           4  tasks.o(.data)
    xNumOfOverflows                          0x200000d0   Data           4  tasks.o(.data)
    uxTaskNumber                             0x200000d4   Data           4  tasks.o(.data)
    xNextTaskUnblockTime                     0x200000d8   Data           4  tasks.o(.data)
    xIdleTaskHandle                          0x200000dc   Data           4  tasks.o(.data)
    uxSchedulerSuspended                     0x200000e0   Data           4  tasks.o(.data)
    pxDelayedTaskList                        0x200000e4   Data           4  tasks.o(.data)
    pxOverflowDelayedTaskList                0x200000e8   Data           4  tasks.o(.data)
    .data                                    0x200000ec   Section       32  heap_4.o(.data)
    pxEnd                                    0x200000ec   Data           4  heap_4.o(.data)
    xFreeBytesRemaining                      0x200000f0   Data           4  heap_4.o(.data)
    xMinimumEverFreeBytesRemaining           0x200000f4   Data           4  heap_4.o(.data)
    xNumberOfSuccessfulAllocations           0x200000f8   Data           4  heap_4.o(.data)
    xNumberOfSuccessfulFrees                 0x200000fc   Data           4  heap_4.o(.data)
    xBlockAllocatedBit                       0x20000100   Data           4  heap_4.o(.data)
    xStart                                   0x20000104   Data           8  heap_4.o(.data)
    .data                                    0x2000010c   Section       12  port.o(.data)
    ucMaxSysCallPriority                     0x2000010c   Data           1  port.o(.data)
    uxCriticalNesting                        0x20000110   Data           4  port.o(.data)
    ulMaxPRIGROUPValue                       0x20000114   Data           4  port.o(.data)
    .data                                    0x20000118   Section       25  can_receive.o(.data)
    i                                        0x20000118   Data           1  can_receive.o(.data)
    up_can_send_data                         0x20000122   Data           7  can_receive.o(.data)
    chassis_can_send_data                    0x20000129   Data           8  can_receive.o(.data)
    .data                                    0x20000134   Section       40  imu.o(.data)
    .data                                    0x2000015c   Section       40  move_way.o(.data)
    moveToPosition                           0x2000015d   Data           1  move_way.o(.data)
    moveToPosition                           0x2000015e   Data           1  move_way.o(.data)
    .data                                    0x20000184   Section        4  errno.o(.data)
    _errno                                   0x20000184   Data           4  errno.o(.data)
    .bss                                     0x20000188   Section      552  main.o(.bss)
    .bss                                     0x200003b0   Section      596  freertos.o(.bss)
    xIdleTaskTCBBuffer                       0x200003b0   Data          84  freertos.o(.bss)
    xIdleStack                               0x20000404   Data         512  freertos.o(.bss)
    .bss                                     0x20000604   Section       80  can.o(.bss)
    .bss                                     0x20000654   Section      802  usart.o(.bss)
    .bss                                     0x20000978   Section       72  stm32f4xx_hal_timebase_tim.o(.bss)
    .bss                                     0x200009c0   Section      240  tasks.o(.bss)
    pxReadyTasksLists                        0x200009c0   Data         140  tasks.o(.bss)
    xDelayedTaskList1                        0x20000a4c   Data          20  tasks.o(.bss)
    xDelayedTaskList2                        0x20000a60   Data          20  tasks.o(.bss)
    xPendingReadyList                        0x20000a74   Data          20  tasks.o(.bss)
    xTasksWaitingTermination                 0x20000a88   Data          20  tasks.o(.bss)
    xSuspendedTaskList                       0x20000a9c   Data          20  tasks.o(.bss)
    .bss                                     0x20000ab0   Section    15360  heap_4.o(.bss)
    ucHeap                                   0x20000ab0   Data       15360  heap_4.o(.bss)
    .bss                                     0x200046b0   Section      176  pid.o(.bss)
    .bss                                     0x20004760   Section       88  can_receive.o(.bss)
    chassis_tx_message                       0x20004788   Data          24  can_receive.o(.bss)
    up_tx_message                            0x200047a0   Data          24  can_receive.o(.bss)
    .bss                                     0x200047b8   Section      296  imu.o(.bss)
    .bss                                     0x200048e0   Section       64  imu.o(.bss)
    .bss                                     0x20004920   Section       16  move_way.o(.bss)
    STACK                                    0x20004930   Section     1024  startup_stm32f427xx.o(STACK)

    Global Symbols

    Symbol Name                              Value     Ov Type        Size  Object(Section)

    BuildAttributes$$THM_ISAv4$E$P$D$K$B$S$7EM$VFPi3$EXTD16$VFPS$VFMA$PE$A:L22UL41UL21$X:L11$S22US41US21$IEEE1$IW$USESV6$~STKCKD$USESV7$~SHL$OTIME$ROPI$IEEEX$EBA8$MICROLIB$REQ8$PRES8$EABIv2 0x00000000   Number         0  anon$$obj.o ABSOLUTE
    __ARM_use_no_argv                        0x00000000   Number         0  main.o ABSOLUTE
    _printf_a                                0x00000000   Number         0  stubs.o ABSOLUTE
    _printf_c                                0x00000000   Number         0  stubs.o ABSOLUTE
    _printf_charcount                        0x00000000   Number         0  stubs.o ABSOLUTE
    _printf_d                                0x00000000   Number         0  stubs.o ABSOLUTE
    _printf_e                                0x00000000   Number         0  stubs.o ABSOLUTE
    _printf_f                                0x00000000   Number         0  stubs.o ABSOLUTE
    _printf_flags                            0x00000000   Number         0  stubs.o ABSOLUTE
    _printf_fp_dec                           0x00000000   Number         0  stubs.o ABSOLUTE
    _printf_fp_hex                           0x00000000   Number         0  stubs.o ABSOLUTE
    _printf_g                                0x00000000   Number         0  stubs.o ABSOLUTE
    _printf_i                                0x00000000   Number         0  stubs.o ABSOLUTE
    _printf_int_dec                          0x00000000   Number         0  stubs.o ABSOLUTE
    _printf_l                                0x00000000   Number         0  stubs.o ABSOLUTE
    _printf_lc                               0x00000000   Number         0  stubs.o ABSOLUTE
    _printf_ll                               0x00000000   Number         0  stubs.o ABSOLUTE
    _printf_lld                              0x00000000   Number         0  stubs.o ABSOLUTE
    _printf_lli                              0x00000000   Number         0  stubs.o ABSOLUTE
    _printf_llo                              0x00000000   Number         0  stubs.o ABSOLUTE
    _printf_llu                              0x00000000   Number         0  stubs.o ABSOLUTE
    _printf_llx                              0x00000000   Number         0  stubs.o ABSOLUTE
    _printf_longlong_dec                     0x00000000   Number         0  stubs.o ABSOLUTE
    _printf_longlong_hex                     0x00000000   Number         0  stubs.o ABSOLUTE
    _printf_longlong_oct                     0x00000000   Number         0  stubs.o ABSOLUTE
    _printf_ls                               0x00000000   Number         0  stubs.o ABSOLUTE
    _printf_mbtowc                           0x00000000   Number         0  stubs.o ABSOLUTE
    _printf_n                                0x00000000   Number         0  stubs.o ABSOLUTE
    _printf_o                                0x00000000   Number         0  stubs.o ABSOLUTE
    _printf_p                                0x00000000   Number         0  stubs.o ABSOLUTE
    _printf_percent                          0x00000000   Number         0  stubs.o ABSOLUTE
    _printf_pre_padding                      0x00000000   Number         0  stubs.o ABSOLUTE
    _printf_return_value                     0x00000000   Number         0  stubs.o ABSOLUTE
    _printf_s                                0x00000000   Number         0  stubs.o ABSOLUTE
    _printf_sizespec                         0x00000000   Number         0  stubs.o ABSOLUTE
    _printf_str                              0x00000000   Number         0  stubs.o ABSOLUTE
    _printf_truncate_signed                  0x00000000   Number         0  stubs.o ABSOLUTE
    _printf_truncate_unsigned                0x00000000   Number         0  stubs.o ABSOLUTE
    _printf_u                                0x00000000   Number         0  stubs.o ABSOLUTE
    _printf_wc                               0x00000000   Number         0  stubs.o ABSOLUTE
    _printf_wctomb                           0x00000000   Number         0  stubs.o ABSOLUTE
    _printf_widthprec                        0x00000000   Number         0  stubs.o ABSOLUTE
    _printf_x                                0x00000000   Number         0  stubs.o ABSOLUTE
    __arm_fini_                               - Undefined Weak Reference
    __cpp_initialize__aeabi_                  - Undefined Weak Reference
    __cxa_finalize                            - Undefined Weak Reference
    _clock_init                               - Undefined Weak Reference
    _microlib_exit                            - Undefined Weak Reference
    __Vectors_Size                           0x000001ac   Number         0  startup_stm32f427xx.o ABSOLUTE
    __Vectors                                0x08000000   Data           4  startup_stm32f427xx.o(RESET)
    __Vectors_End                            0x080001ac   Data           0  startup_stm32f427xx.o(RESET)
    __main                                   0x080001ad   Thumb Code     0  entry.o(.ARM.Collect$$$$00000000)
    _main_stk                                0x080001ad   Thumb Code     0  entry2.o(.ARM.Collect$$$$00000001)
    _main_scatterload                        0x080001b1   Thumb Code     0  entry5.o(.ARM.Collect$$$$00000004)
    __main_after_scatterload                 0x080001b5   Thumb Code     0  entry5.o(.ARM.Collect$$$$00000004)
    _main_clock                              0x080001b5   Thumb Code     0  entry7b.o(.ARM.Collect$$$$00000008)
    _main_cpp_init                           0x080001b5   Thumb Code     0  entry8b.o(.ARM.Collect$$$$0000000A)
    _main_init                               0x080001b5   Thumb Code     0  entry9a.o(.ARM.Collect$$$$0000000B)
    __rt_lib_shutdown_fini                   0x080001bd   Thumb Code     0  entry12b.o(.ARM.Collect$$$$0000000E)
    __rt_final_cpp                           0x080001c1   Thumb Code     0  entry10a.o(.ARM.Collect$$$$0000000F)
    __rt_final_exit                          0x080001c1   Thumb Code     0  entry11a.o(.ARM.Collect$$$$00000011)
    SVC_Handler                              0x080001c5   Thumb Code    28  port.o(.emb_text)
    __asm___6_port_c_39a90d8d__prvStartFirstTask 0x080001e5   Thumb Code    36  port.o(.emb_text)
    __asm___6_port_c_39a90d8d__prvEnableVFP  0x0800020d   Thumb Code    16  port.o(.emb_text)
    PendSV_Handler                           0x08000221   Thumb Code    88  port.o(.emb_text)
    vPortGetIPSR                             0x0800027d   Thumb Code     6  port.o(.emb_text)
    Reset_Handler                            0x08000285   Thumb Code     8  startup_stm32f427xx.o(.text)
    ADC_IRQHandler                           0x0800029f   Thumb Code     0  startup_stm32f427xx.o(.text)
    CAN1_RX1_IRQHandler                      0x0800029f   Thumb Code     0  startup_stm32f427xx.o(.text)
    CAN1_SCE_IRQHandler                      0x0800029f   Thumb Code     0  startup_stm32f427xx.o(.text)
    CAN2_RX1_IRQHandler                      0x0800029f   Thumb Code     0  startup_stm32f427xx.o(.text)
    CAN2_SCE_IRQHandler                      0x0800029f   Thumb Code     0  startup_stm32f427xx.o(.text)
    DCMI_IRQHandler                          0x0800029f   Thumb Code     0  startup_stm32f427xx.o(.text)
    DMA1_Stream0_IRQHandler                  0x0800029f   Thumb Code     0  startup_stm32f427xx.o(.text)
    DMA1_Stream1_IRQHandler                  0x0800029f   Thumb Code     0  startup_stm32f427xx.o(.text)
    DMA1_Stream2_IRQHandler                  0x0800029f   Thumb Code     0  startup_stm32f427xx.o(.text)
    DMA1_Stream4_IRQHandler                  0x0800029f   Thumb Code     0  startup_stm32f427xx.o(.text)
    DMA1_Stream5_IRQHandler                  0x0800029f   Thumb Code     0  startup_stm32f427xx.o(.text)
    DMA1_Stream7_IRQHandler                  0x0800029f   Thumb Code     0  startup_stm32f427xx.o(.text)
    DMA2D_IRQHandler                         0x0800029f   Thumb Code     0  startup_stm32f427xx.o(.text)
    DMA2_Stream0_IRQHandler                  0x0800029f   Thumb Code     0  startup_stm32f427xx.o(.text)
    DMA2_Stream1_IRQHandler                  0x0800029f   Thumb Code     0  startup_stm32f427xx.o(.text)
    DMA2_Stream2_IRQHandler                  0x0800029f   Thumb Code     0  startup_stm32f427xx.o(.text)
    DMA2_Stream3_IRQHandler                  0x0800029f   Thumb Code     0  startup_stm32f427xx.o(.text)
    DMA2_Stream4_IRQHandler                  0x0800029f   Thumb Code     0  startup_stm32f427xx.o(.text)
    DMA2_Stream5_IRQHandler                  0x0800029f   Thumb Code     0  startup_stm32f427xx.o(.text)
    DMA2_Stream6_IRQHandler                  0x0800029f   Thumb Code     0  startup_stm32f427xx.o(.text)
    DMA2_Stream7_IRQHandler                  0x0800029f   Thumb Code     0  startup_stm32f427xx.o(.text)
    ETH_IRQHandler                           0x0800029f   Thumb Code     0  startup_stm32f427xx.o(.text)
    ETH_WKUP_IRQHandler                      0x0800029f   Thumb Code     0  startup_stm32f427xx.o(.text)
    EXTI0_IRQHandler                         0x0800029f   Thumb Code     0  startup_stm32f427xx.o(.text)
    EXTI15_10_IRQHandler                     0x0800029f   Thumb Code     0  startup_stm32f427xx.o(.text)
    EXTI1_IRQHandler                         0x0800029f   Thumb Code     0  startup_stm32f427xx.o(.text)
    EXTI2_IRQHandler                         0x0800029f   Thumb Code     0  startup_stm32f427xx.o(.text)
    EXTI3_IRQHandler                         0x0800029f   Thumb Code     0  startup_stm32f427xx.o(.text)
    EXTI4_IRQHandler                         0x0800029f   Thumb Code     0  startup_stm32f427xx.o(.text)
    EXTI9_5_IRQHandler                       0x0800029f   Thumb Code     0  startup_stm32f427xx.o(.text)
    FLASH_IRQHandler                         0x0800029f   Thumb Code     0  startup_stm32f427xx.o(.text)
    FMC_IRQHandler                           0x0800029f   Thumb Code     0  startup_stm32f427xx.o(.text)
    FPU_IRQHandler                           0x0800029f   Thumb Code     0  startup_stm32f427xx.o(.text)
    HASH_RNG_IRQHandler                      0x0800029f   Thumb Code     0  startup_stm32f427xx.o(.text)
    I2C1_ER_IRQHandler                       0x0800029f   Thumb Code     0  startup_stm32f427xx.o(.text)
    I2C1_EV_IRQHandler                       0x0800029f   Thumb Code     0  startup_stm32f427xx.o(.text)
    I2C2_ER_IRQHandler                       0x0800029f   Thumb Code     0  startup_stm32f427xx.o(.text)
    I2C2_EV_IRQHandler                       0x0800029f   Thumb Code     0  startup_stm32f427xx.o(.text)
    I2C3_ER_IRQHandler                       0x0800029f   Thumb Code     0  startup_stm32f427xx.o(.text)
    I2C3_EV_IRQHandler                       0x0800029f   Thumb Code     0  startup_stm32f427xx.o(.text)
    OTG_FS_IRQHandler                        0x0800029f   Thumb Code     0  startup_stm32f427xx.o(.text)
    OTG_FS_WKUP_IRQHandler                   0x0800029f   Thumb Code     0  startup_stm32f427xx.o(.text)
    OTG_HS_EP1_IN_IRQHandler                 0x0800029f   Thumb Code     0  startup_stm32f427xx.o(.text)
    OTG_HS_EP1_OUT_IRQHandler                0x0800029f   Thumb Code     0  startup_stm32f427xx.o(.text)
    OTG_HS_IRQHandler                        0x0800029f   Thumb Code     0  startup_stm32f427xx.o(.text)
    OTG_HS_WKUP_IRQHandler                   0x0800029f   Thumb Code     0  startup_stm32f427xx.o(.text)
    PVD_IRQHandler                           0x0800029f   Thumb Code     0  startup_stm32f427xx.o(.text)
    RCC_IRQHandler                           0x0800029f   Thumb Code     0  startup_stm32f427xx.o(.text)
    RTC_Alarm_IRQHandler                     0x0800029f   Thumb Code     0  startup_stm32f427xx.o(.text)
    RTC_WKUP_IRQHandler                      0x0800029f   Thumb Code     0  startup_stm32f427xx.o(.text)
    SAI1_IRQHandler                          0x0800029f   Thumb Code     0  startup_stm32f427xx.o(.text)
    SDIO_IRQHandler                          0x0800029f   Thumb Code     0  startup_stm32f427xx.o(.text)
    SPI1_IRQHandler                          0x0800029f   Thumb Code     0  startup_stm32f427xx.o(.text)
    SPI2_IRQHandler                          0x0800029f   Thumb Code     0  startup_stm32f427xx.o(.text)
    SPI3_IRQHandler                          0x0800029f   Thumb Code     0  startup_stm32f427xx.o(.text)
    SPI4_IRQHandler                          0x0800029f   Thumb Code     0  startup_stm32f427xx.o(.text)
    SPI5_IRQHandler                          0x0800029f   Thumb Code     0  startup_stm32f427xx.o(.text)
    SPI6_IRQHandler                          0x0800029f   Thumb Code     0  startup_stm32f427xx.o(.text)
    TAMP_STAMP_IRQHandler                    0x0800029f   Thumb Code     0  startup_stm32f427xx.o(.text)
    TIM1_BRK_TIM9_IRQHandler                 0x0800029f   Thumb Code     0  startup_stm32f427xx.o(.text)
    TIM1_CC_IRQHandler                       0x0800029f   Thumb Code     0  startup_stm32f427xx.o(.text)
    TIM1_TRG_COM_TIM11_IRQHandler            0x0800029f   Thumb Code     0  startup_stm32f427xx.o(.text)
    TIM1_UP_TIM10_IRQHandler                 0x0800029f   Thumb Code     0  startup_stm32f427xx.o(.text)
    TIM2_IRQHandler                          0x0800029f   Thumb Code     0  startup_stm32f427xx.o(.text)
    TIM3_IRQHandler                          0x0800029f   Thumb Code     0  startup_stm32f427xx.o(.text)
    TIM4_IRQHandler                          0x0800029f   Thumb Code     0  startup_stm32f427xx.o(.text)
    TIM5_IRQHandler                          0x0800029f   Thumb Code     0  startup_stm32f427xx.o(.text)
    TIM7_IRQHandler                          0x0800029f   Thumb Code     0  startup_stm32f427xx.o(.text)
    TIM8_BRK_TIM12_IRQHandler                0x0800029f   Thumb Code     0  startup_stm32f427xx.o(.text)
    TIM8_CC_IRQHandler                       0x0800029f   Thumb Code     0  startup_stm32f427xx.o(.text)
    TIM8_TRG_COM_TIM14_IRQHandler            0x0800029f   Thumb Code     0  startup_stm32f427xx.o(.text)
    TIM8_UP_TIM13_IRQHandler                 0x0800029f   Thumb Code     0  startup_stm32f427xx.o(.text)
    UART4_IRQHandler                         0x0800029f   Thumb Code     0  startup_stm32f427xx.o(.text)
    UART5_IRQHandler                         0x0800029f   Thumb Code     0  startup_stm32f427xx.o(.text)
    UART7_IRQHandler                         0x0800029f   Thumb Code     0  startup_stm32f427xx.o(.text)
    UART8_IRQHandler                         0x0800029f   Thumb Code     0  startup_stm32f427xx.o(.text)
    USART1_IRQHandler                        0x0800029f   Thumb Code     0  startup_stm32f427xx.o(.text)
    USART3_IRQHandler                        0x0800029f   Thumb Code     0  startup_stm32f427xx.o(.text)
    WWDG_IRQHandler                          0x0800029f   Thumb Code     0  startup_stm32f427xx.o(.text)
    __aeabi_uldivmod                         0x080002a9   Thumb Code    98  uldiv.o(.text)
    __aeabi_memcpy                           0x0800030b   Thumb Code    36  memcpya.o(.text)
    __aeabi_memcpy4                          0x0800030b   Thumb Code     0  memcpya.o(.text)
    __aeabi_memcpy8                          0x0800030b   Thumb Code     0  memcpya.o(.text)
    __aeabi_memset                           0x0800032f   Thumb Code    14  memseta.o(.text)
    __aeabi_memset4                          0x0800032f   Thumb Code     0  memseta.o(.text)
    __aeabi_memset8                          0x0800032f   Thumb Code     0  memseta.o(.text)
    __aeabi_memclr                           0x0800033d   Thumb Code     4  memseta.o(.text)
    __aeabi_memclr4                          0x0800033d   Thumb Code     0  memseta.o(.text)
    __aeabi_memclr8                          0x0800033d   Thumb Code     0  memseta.o(.text)
    memset                                   0x08000341   Thumb Code    18  memseta.o(.text)
    __aeabi_dadd                             0x08000353   Thumb Code   322  dadd.o(.text)
    __aeabi_dsub                             0x08000495   Thumb Code     6  dadd.o(.text)
    __aeabi_drsub                            0x0800049b   Thumb Code     6  dadd.o(.text)
    __aeabi_dmul                             0x080004a1   Thumb Code   228  dmul.o(.text)
    __aeabi_ddiv                             0x08000585   Thumb Code   222  ddiv.o(.text)
    __aeabi_i2d                              0x08000663   Thumb Code    34  dflti.o(.text)
    __aeabi_f2d                              0x08000685   Thumb Code    38  f2d.o(.text)
    __aeabi_d2f                              0x080006ab   Thumb Code    56  d2f.o(.text)
    __aeabi_llsl                             0x080006e3   Thumb Code    30  llshl.o(.text)
    _ll_shift_l                              0x080006e3   Thumb Code     0  llshl.o(.text)
    __aeabi_llsr                             0x08000701   Thumb Code    32  llushr.o(.text)
    _ll_ushift_r                             0x08000701   Thumb Code     0  llushr.o(.text)
    __aeabi_lasr                             0x08000721   Thumb Code    36  llsshr.o(.text)
    _ll_sshift_r                             0x08000721   Thumb Code     0  llsshr.o(.text)
    __I$use$fp                               0x08000745   Thumb Code     0  iusefp.o(.text)
    _float_round                             0x08000745   Thumb Code    18  fepilogue.o(.text)
    _float_epilogue                          0x08000757   Thumb Code    92  fepilogue.o(.text)
    _double_round                            0x080007b3   Thumb Code    30  depilogue.o(.text)
    _double_epilogue                         0x080007d1   Thumb Code   156  depilogue.o(.text)
    __ARM_scalbn                             0x0800086d   Thumb Code    46  dscalb.o(.text)
    scalbn                                   0x0800086d   Thumb Code     0  dscalb.o(.text)
    _dsqrt                                   0x0800089b   Thumb Code   162  dsqrt.o(.text)
    __aeabi_cdrcmple                         0x0800093d   Thumb Code    48  cdrcmple.o(.text)
    __scatterload                            0x0800096d   Thumb Code    28  init.o(.text)
    __scatterload_rt2                        0x0800096d   Thumb Code     0  init.o(.text)
    __decompress                             0x08000991   Thumb Code     0  __dczerorl2.o(.text)
    __decompress1                            0x08000991   Thumb Code    86  __dczerorl2.o(.text)
    BusFault_Handler                         0x080009e7   Thumb Code     2  stm32f4xx_it.o(i.BusFault_Handler)
    CAN1_RX0_IRQHandler                      0x080009e9   Thumb Code     6  stm32f4xx_it.o(i.CAN1_RX0_IRQHandler)
    CAN1_TX_IRQHandler                       0x080009f5   Thumb Code     6  stm32f4xx_it.o(i.CAN1_TX_IRQHandler)
    CAN2_RX0_IRQHandler                      0x08000a01   Thumb Code     6  stm32f4xx_it.o(i.CAN2_RX0_IRQHandler)
    CAN2_TX_IRQHandler                       0x08000a0d   Thumb Code     6  stm32f4xx_it.o(i.CAN2_TX_IRQHandler)
    CAN_cmd_chassis                          0x08000a19   Thumb Code    60  can_receive.o(i.CAN_cmd_chassis)
    CAN_cmd_up                               0x08000a61   Thumb Code    68  can_receive.o(i.CAN_cmd_up)
    DATA_Trans                               0x08000ab1   Thumb Code   130  imu.o(i.DATA_Trans)
    DMA1_Stream3_IRQHandler                  0x08000b41   Thumb Code     6  stm32f4xx_it.o(i.DMA1_Stream3_IRQHandler)
    DMA1_Stream6_IRQHandler                  0x08000b4d   Thumb Code     6  stm32f4xx_it.o(i.DMA1_Stream6_IRQHandler)
    DebugMon_Handler                         0x08000bfd   Thumb Code     2  stm32f4xx_it.o(i.DebugMon_Handler)
    Error_Handler                            0x08000bff   Thumb Code     4  main.o(i.Error_Handler)
    Fabs                                     0x08000c03   Thumb Code    16  qmath.o(i.Fabs)
    HAL_CAN_ActivateNotification             0x08000c13   Thumb Code    36  stm32f4xx_hal_can.o(i.HAL_CAN_ActivateNotification)
    HAL_CAN_AddTxMessage                     0x08000c37   Thumb Code   208  stm32f4xx_hal_can.o(i.HAL_CAN_AddTxMessage)
    HAL_CAN_ConfigFilter                     0x08000d09   Thumb Code   262  stm32f4xx_hal_can.o(i.HAL_CAN_ConfigFilter)
    HAL_CAN_ErrorCallback                    0x08000e15   Thumb Code     2  stm32f4xx_hal_can.o(i.HAL_CAN_ErrorCallback)
    HAL_CAN_GetRxMessage                     0x08000e17   Thumb Code   244  stm32f4xx_hal_can.o(i.HAL_CAN_GetRxMessage)
    HAL_CAN_IRQHandler                       0x08000f0b   Thumb Code   508  stm32f4xx_hal_can.o(i.HAL_CAN_IRQHandler)
    HAL_CAN_Init                             0x08001107   Thumb Code   282  stm32f4xx_hal_can.o(i.HAL_CAN_Init)
    HAL_CAN_MspInit                          0x08001221   Thumb Code   260  can.o(i.HAL_CAN_MspInit)
    HAL_CAN_RxFifo0FullCallback              0x0800133d   Thumb Code     2  stm32f4xx_hal_can.o(i.HAL_CAN_RxFifo0FullCallback)
    HAL_CAN_RxFifo0MsgPendingCallback        0x08001341   Thumb Code   186  can_receive.o(i.HAL_CAN_RxFifo0MsgPendingCallback)
    HAL_CAN_RxFifo1FullCallback              0x08001405   Thumb Code     2  stm32f4xx_hal_can.o(i.HAL_CAN_RxFifo1FullCallback)
    HAL_CAN_RxFifo1MsgPendingCallback        0x08001407   Thumb Code     2  stm32f4xx_hal_can.o(i.HAL_CAN_RxFifo1MsgPendingCallback)
    HAL_CAN_SleepCallback                    0x08001409   Thumb Code     2  stm32f4xx_hal_can.o(i.HAL_CAN_SleepCallback)
    HAL_CAN_Start                            0x0800140d   Thumb Code    88  stm32f4xx_hal_can.o(i.HAL_CAN_Start)
    HAL_CAN_TxMailbox0AbortCallback          0x08001465   Thumb Code     2  stm32f4xx_hal_can.o(i.HAL_CAN_TxMailbox0AbortCallback)
    HAL_CAN_TxMailbox0CompleteCallback       0x08001467   Thumb Code     2  stm32f4xx_hal_can.o(i.HAL_CAN_TxMailbox0CompleteCallback)
    HAL_CAN_TxMailbox1AbortCallback          0x08001469   Thumb Code     2  stm32f4xx_hal_can.o(i.HAL_CAN_TxMailbox1AbortCallback)
    HAL_CAN_TxMailbox1CompleteCallback       0x0800146b   Thumb Code     2  stm32f4xx_hal_can.o(i.HAL_CAN_TxMailbox1CompleteCallback)
    HAL_CAN_TxMailbox2AbortCallback          0x0800146d   Thumb Code     2  stm32f4xx_hal_can.o(i.HAL_CAN_TxMailbox2AbortCallback)
    HAL_CAN_TxMailbox2CompleteCallback       0x0800146f   Thumb Code     2  stm32f4xx_hal_can.o(i.HAL_CAN_TxMailbox2CompleteCallback)
    HAL_CAN_WakeUpFromRxMsgCallback          0x08001471   Thumb Code     2  stm32f4xx_hal_can.o(i.HAL_CAN_WakeUpFromRxMsgCallback)
    HAL_DMA_Abort                            0x08001473   Thumb Code   146  stm32f4xx_hal_dma.o(i.HAL_DMA_Abort)
    HAL_DMA_Abort_IT                         0x08001505   Thumb Code    36  stm32f4xx_hal_dma.o(i.HAL_DMA_Abort_IT)
    HAL_DMA_IRQHandler                       0x08001529   Thumb Code   412  stm32f4xx_hal_dma.o(i.HAL_DMA_IRQHandler)
    HAL_DMA_Init                             0x080016c9   Thumb Code   206  stm32f4xx_hal_dma.o(i.HAL_DMA_Init)
    HAL_DMA_Start_IT                         0x0800179d   Thumb Code   110  stm32f4xx_hal_dma.o(i.HAL_DMA_Start_IT)
    HAL_GPIO_Init                            0x0800180d   Thumb Code   510  stm32f4xx_hal_gpio.o(i.HAL_GPIO_Init)
    HAL_GPIO_WritePin                        0x08001a41   Thumb Code    10  stm32f4xx_hal_gpio.o(i.HAL_GPIO_WritePin)
    HAL_GetTick                              0x08001a4d   Thumb Code     6  stm32f4xx_hal.o(i.HAL_GetTick)
    HAL_IncTick                              0x08001a59   Thumb Code    12  stm32f4xx_hal.o(i.HAL_IncTick)
    HAL_Init                                 0x08001a69   Thumb Code    48  stm32f4xx_hal.o(i.HAL_Init)
    HAL_InitTick                             0x08001a9d   Thumb Code   132  stm32f4xx_hal_timebase_tim.o(i.HAL_InitTick)
    HAL_MspInit                              0x08001b35   Thumb Code    52  stm32f4xx_hal_msp.o(i.HAL_MspInit)
    HAL_NVIC_EnableIRQ                       0x08001b6d   Thumb Code    26  stm32f4xx_hal_cortex.o(i.HAL_NVIC_EnableIRQ)
    HAL_NVIC_SetPriority                     0x08001b89   Thumb Code    60  stm32f4xx_hal_cortex.o(i.HAL_NVIC_SetPriority)
    HAL_NVIC_SetPriorityGrouping             0x08001bc9   Thumb Code    26  stm32f4xx_hal_cortex.o(i.HAL_NVIC_SetPriorityGrouping)
    HAL_PWREx_EnableOverDrive                0x08001bed   Thumb Code    98  stm32f4xx_hal_pwr_ex.o(i.HAL_PWREx_EnableOverDrive)
    HAL_RCC_ClockConfig                      0x08001c5d   Thumb Code   288  stm32f4xx_hal_rcc.o(i.HAL_RCC_ClockConfig)
    HAL_RCC_GetClockConfig                   0x08001d91   Thumb Code    54  stm32f4xx_hal_rcc.o(i.HAL_RCC_GetClockConfig)
    HAL_RCC_GetPCLK1Freq                     0x08001dd1   Thumb Code    20  stm32f4xx_hal_rcc.o(i.HAL_RCC_GetPCLK1Freq)
    HAL_RCC_GetPCLK2Freq                     0x08001df1   Thumb Code    20  stm32f4xx_hal_rcc.o(i.HAL_RCC_GetPCLK2Freq)
    HAL_RCC_GetSysClockFreq                  0x08001e11   Thumb Code    88  stm32f4xx_hal_rcc.o(i.HAL_RCC_GetSysClockFreq)
    HAL_RCC_OscConfig                        0x08001e75   Thumb Code   856  stm32f4xx_hal_rcc.o(i.HAL_RCC_OscConfig)
    HAL_TIMEx_BreakCallback                  0x080021e1   Thumb Code     2  stm32f4xx_hal_tim_ex.o(i.HAL_TIMEx_BreakCallback)
    HAL_TIMEx_CommutCallback                 0x080021e3   Thumb Code     2  stm32f4xx_hal_tim_ex.o(i.HAL_TIMEx_CommutCallback)
    HAL_TIM_Base_Init                        0x080021e5   Thumb Code    90  stm32f4xx_hal_tim.o(i.HAL_TIM_Base_Init)
    HAL_TIM_Base_MspInit                     0x0800223f   Thumb Code     2  stm32f4xx_hal_tim.o(i.HAL_TIM_Base_MspInit)
    HAL_TIM_Base_Start_IT                    0x08002241   Thumb Code   100  stm32f4xx_hal_tim.o(i.HAL_TIM_Base_Start_IT)
    HAL_TIM_IC_CaptureCallback               0x080022c1   Thumb Code     2  stm32f4xx_hal_tim.o(i.HAL_TIM_IC_CaptureCallback)
    HAL_TIM_IRQHandler                       0x080022c3   Thumb Code   304  stm32f4xx_hal_tim.o(i.HAL_TIM_IRQHandler)
    HAL_TIM_OC_DelayElapsedCallback          0x080023f3   Thumb Code     2  stm32f4xx_hal_tim.o(i.HAL_TIM_OC_DelayElapsedCallback)
    HAL_TIM_PWM_PulseFinishedCallback        0x080023f5   Thumb Code     2  stm32f4xx_hal_tim.o(i.HAL_TIM_PWM_PulseFinishedCallback)
    HAL_TIM_PeriodElapsedCallback            0x080023f9   Thumb Code    14  main.o(i.HAL_TIM_PeriodElapsedCallback)
    HAL_TIM_TriggerCallback                  0x0800240d   Thumb Code     2  stm32f4xx_hal_tim.o(i.HAL_TIM_TriggerCallback)
    HAL_UARTEx_RxEventCallback               0x0800240f   Thumb Code     2  stm32f4xx_hal_uart.o(i.HAL_UARTEx_RxEventCallback)
    HAL_UART_ErrorCallback                   0x08002411   Thumb Code     2  stm32f4xx_hal_uart.o(i.HAL_UART_ErrorCallback)
    HAL_UART_IRQHandler                      0x08002415   Thumb Code   618  stm32f4xx_hal_uart.o(i.HAL_UART_IRQHandler)
    HAL_UART_Init                            0x08002685   Thumb Code   100  stm32f4xx_hal_uart.o(i.HAL_UART_Init)
    HAL_UART_MspInit                         0x080026e9   Thumb Code   408  usart.o(i.HAL_UART_MspInit)
    HAL_UART_Receive_DMA                     0x080028a9   Thumb Code    28  stm32f4xx_hal_uart.o(i.HAL_UART_Receive_DMA)
    HAL_UART_Receive_IT                      0x080028c5   Thumb Code    28  stm32f4xx_hal_uart.o(i.HAL_UART_Receive_IT)
    HAL_UART_RxCpltCallback                  0x080028e1   Thumb Code   858  usart.o(i.HAL_UART_RxCpltCallback)
    HAL_UART_RxHalfCpltCallback              0x08002c5d   Thumb Code     2  stm32f4xx_hal_uart.o(i.HAL_UART_RxHalfCpltCallback)
    HAL_UART_Transmit                        0x08002c5f   Thumb Code   160  stm32f4xx_hal_uart.o(i.HAL_UART_Transmit)
    HAL_UART_TxCpltCallback                  0x08002cff   Thumb Code     2  stm32f4xx_hal_uart.o(i.HAL_UART_TxCpltCallback)
    HardFault_Handler                        0x08002d01   Thumb Code     2  stm32f4xx_it.o(i.HardFault_Handler)
    MX_CAN1_Init                             0x08002d05   Thumb Code    60  can.o(i.MX_CAN1_Init)
    MX_CAN2_Init                             0x08002d49   Thumb Code    64  can.o(i.MX_CAN2_Init)
    MX_DMA_Init                              0x08002d91   Thumb Code    56  dma.o(i.MX_DMA_Init)
    MX_FREERTOS_Init                         0x08002dcd   Thumb Code    74  freertos.o(i.MX_FREERTOS_Init)
    MX_GPIO_Init                             0x08002e21   Thumb Code   132  gpio.o(i.MX_GPIO_Init)
    MX_UART7_Init                            0x08002ead   Thumb Code    48  usart.o(i.MX_UART7_Init)
    MX_UART8_Init                            0x08002ee5   Thumb Code    48  usart.o(i.MX_UART8_Init)
    MX_USART2_UART_Init                      0x08002f1d   Thumb Code    48  usart.o(i.MX_USART2_UART_Init)
    MX_USART6_UART_Init                      0x08002f55   Thumb Code    48  usart.o(i.MX_USART6_UART_Init)
    MemManage_Handler                        0x08002f8d   Thumb Code     2  stm32f4xx_it.o(i.MemManage_Handler)
    Move_control_task                        0x08002f91   Thumb Code   300  freertos.o(i.Move_control_task)
    NMI_Handler                              0x080030f9   Thumb Code     2  stm32f4xx_it.o(i.NMI_Handler)
    PID_Control_Function                     0x080030fd   Thumb Code   260  freertos.o(i.PID_Control_Function)
    PID_calc                                 0x0800324d   Thumb Code   442  pid.o(i.PID_calc)
    PID_init                                 0x08003411   Thumb Code   128  pid.o(i.PID_init)
    StartDefaultTask                         0x08003495   Thumb Code   208  freertos.o(i.StartDefaultTask)
    SysTick_Handler                          0x08003591   Thumb Code    38  port.o(i.SysTick_Handler)
    SystemClock_Config                       0x080035bd   Thumb Code   150  main.o(i.SystemClock_Config)
    SystemInit                               0x0800365d   Thumb Code    12  system_stm32f4xx.o(i.SystemInit)
    TIM6_DAC_IRQHandler                      0x0800366d   Thumb Code     6  stm32f4xx_it.o(i.TIM6_DAC_IRQHandler)
    TIM_Base_SetConfig                       0x08003679   Thumb Code   170  stm32f4xx_hal_tim.o(i.TIM_Base_SetConfig)
    TTL_Hex2Dec                              0x08003751   Thumb Code   446  imu.o(i.TTL_Hex2Dec)
    UART_Start_Receive_DMA                   0x08003c59   Thumb Code   130  stm32f4xx_hal_uart.o(i.UART_Start_Receive_DMA)
    UART_Start_Receive_IT                    0x08003ce9   Thumb Code    54  stm32f4xx_hal_uart.o(i.UART_Start_Receive_IT)
    USART2_IRQHandler                        0x08003d91   Thumb Code     6  stm32f4xx_it.o(i.USART2_IRQHandler)
    USART6_IRQHandler                        0x08003d9d   Thumb Code     6  stm32f4xx_it.o(i.USART6_IRQHandler)
    USR_UartInit                             0x08003da9   Thumb Code    90  usart.o(i.USR_UartInit)
    UsageFault_Handler                       0x08003e0d   Thumb Code     2  stm32f4xx_it.o(i.UsageFault_Handler)
    __ARM_fpclassify                         0x08003e0f   Thumb Code    48  fpclassify.o(i.__ARM_fpclassify)
    __ARM_fpclassifyf                        0x08003e3f   Thumb Code    38  fpclassifyf.o(i.__ARM_fpclassifyf)
    __hardfp_expf                            0x08003e85   Thumb Code   426  expf.o(i.__hardfp_expf)
    __mathlib_expf                           0x08003e85   Thumb Code     0  expf.o(i.__hardfp_expf)
    __hardfp_pow                             0x08004071   Thumb Code  3072  pow.o(i.__hardfp_pow)
    __kernel_poly                            0x08004cc1   Thumb Code   248  poly.o(i.__kernel_poly)
    __mathlib_dbl_divzero                    0x08004db9   Thumb Code    28  dunder.o(i.__mathlib_dbl_divzero)
    __mathlib_dbl_infnan2                    0x08004de9   Thumb Code    20  dunder.o(i.__mathlib_dbl_infnan2)
    __mathlib_dbl_invalid                    0x08004e01   Thumb Code    24  dunder.o(i.__mathlib_dbl_invalid)
    __mathlib_dbl_overflow                   0x08004e21   Thumb Code    24  dunder.o(i.__mathlib_dbl_overflow)
    __mathlib_dbl_underflow                  0x08004e41   Thumb Code    24  dunder.o(i.__mathlib_dbl_underflow)
    __mathlib_flt_infnan                     0x08004e61   Thumb Code     6  funder.o(i.__mathlib_flt_infnan)
    __mathlib_flt_overflow                   0x08004e69   Thumb Code    10  funder.o(i.__mathlib_flt_overflow)
    __mathlib_flt_underflow                  0x08004e79   Thumb Code    10  funder.o(i.__mathlib_flt_underflow)
    __scatterload_copy                       0x08004e89   Thumb Code    14  handlers.o(i.__scatterload_copy)
    __scatterload_null                       0x08004e97   Thumb Code     2  handlers.o(i.__scatterload_null)
    __scatterload_zeroinit                   0x08004e99   Thumb Code    14  handlers.o(i.__scatterload_zeroinit)
    __set_errno                              0x08004ea9   Thumb Code     6  errno.o(i.__set_errno)
    angle_change                             0x08004eb5   Thumb Code    36  imu.o(i.angle_change)
    can_filter_init                          0x08004ee5   Thumb Code    80  bsp_can.o(i.can_filter_init)
    data_process                             0x08004f3d   Thumb Code   156  usart.o(i.data_process)
    fabs                                     0x08004fe1   Thumb Code    24  fabs.o(i.fabs)
    get_chassis_motor_measure_point          0x08004ff9   Thumb Code    16  can_receive.o(i.get_chassis_motor_measure_point)
    initFilters                              0x0800500d   Thumb Code    50  pid.o(i.initFilters)
    main                                     0x08005049   Thumb Code   250  main.o(i.main)
    move_solution                            0x0800517d   Thumb Code    92  freertos.o(i.move_solution)
    move_to_container2                       0x080051ed   Thumb Code   574  move_way.o(i.move_to_container2)
    move_to_desk2                            0x08005471   Thumb Code   206  move_way.o(i.move_to_desk2)
    movingAverageFilter                      0x08005569   Thumb Code    72  pid.o(i.movingAverageFilter)
    osDelay                                  0x080055b9   Thumb Code    16  cmsis_os.o(i.osDelay)
    osKernelStart                            0x080055c9   Thumb Code    10  cmsis_os.o(i.osKernelStart)
    osThreadCreate                           0x080055d3   Thumb Code    92  cmsis_os.o(i.osThreadCreate)
    pvPortMalloc                             0x080059b9   Thumb Code   224  heap_4.o(i.pvPortMalloc)
    pxPortInitialiseStack                    0x08005aa1   Thumb Code    38  port.o(i.pxPortInitialiseStack)
    sqrt                                     0x08005acd   Thumb Code   110  sqrt.o(i.sqrt)
    tof_mvoe2                                0x08005b3d   Thumb Code    86  move_way.o(i.tof_mvoe2)
    up_move                                  0x08005ba5   Thumb Code   144  move_way.o(i.up_move)
    uxListRemove                             0x08005c59   Thumb Code    38  list.o(i.uxListRemove)
    vApplicationGetIdleTaskMemory            0x08005c81   Thumb Code    16  freertos.o(i.vApplicationGetIdleTaskMemory)
    vListInitialise                          0x08005c95   Thumb Code    22  list.o(i.vListInitialise)
    vListInitialiseItem                      0x08005cab   Thumb Code     6  list.o(i.vListInitialiseItem)
    vListInsert                              0x08005cb1   Thumb Code    54  list.o(i.vListInsert)
    vListInsertEnd                           0x08005ce7   Thumb Code    24  list.o(i.vListInsertEnd)
    vPortEnterCritical                       0x08005d01   Thumb Code    54  port.o(i.vPortEnterCritical)
    vPortExitCritical                        0x08005d41   Thumb Code    38  port.o(i.vPortExitCritical)
    vPortFree                                0x08005d6d   Thumb Code    94  heap_4.o(i.vPortFree)
    vPortSetupTimerInterrupt                 0x08005dd1   Thumb Code    32  port.o(i.vPortSetupTimerInterrupt)
    vTaskDelay                               0x08005df5   Thumb Code    70  tasks.o(i.vTaskDelay)
    vTaskStartScheduler                      0x08005e45   Thumb Code   120  tasks.o(i.vTaskStartScheduler)
    vTaskSuspendAll                          0x08005ecd   Thumb Code    10  tasks.o(i.vTaskSuspendAll)
    vTaskSwitchContext                       0x08005edd   Thumb Code    86  tasks.o(i.vTaskSwitchContext)
    xPortStartScheduler                      0x08005f3d   Thumb Code   232  port.o(i.xPortStartScheduler)
    xTaskCreate                              0x08006041   Thumb Code   108  tasks.o(i.xTaskCreate)
    xTaskCreateStatic                        0x080060ad   Thumb Code    96  tasks.o(i.xTaskCreateStatic)
    xTaskIncrementTick                       0x0800610d   Thumb Code   202  tasks.o(i.xTaskIncrementTick)
    xTaskResumeAll                           0x080061e1   Thumb Code   190  tasks.o(i.xTaskResumeAll)
    PID_data_0                               0x080062ac   Data          32  main.o(.constdata)
    PID_data_1                               0x080062cc   Data          32  main.o(.constdata)
    PID_data_2                               0x080062ec   Data          32  main.o(.constdata)
    PID_data_3                               0x0800630c   Data          32  main.o(.constdata)
    PID_data_4                               0x0800632c   Data          32  main.o(.constdata)
    PID_tof_data                             0x0800634c   Data          32  main.o(.constdata)
    AHBPrescTable                            0x080063c8   Data          16  system_stm32f4xx.o(.constdata)
    APBPrescTable                            0x080063d8   Data           8  system_stm32f4xx.o(.constdata)
    __mathlib_zero                           0x08006498   Data           8  qnan.o(.constdata)
    Region$$Table$$Base                      0x080064c8   Number         0  anon$$obj.o(Region$$Table)
    Region$$Table$$Limit                     0x080064e8   Number         0  anon$$obj.o(Region$$Table)
    set_speed_3                              0x20000000   Data           4  main.o(.data)
    motor_data_0                             0x20000004   Data           4  main.o(.data)
    motor_data_1                             0x20000008   Data           4  main.o(.data)
    motor_data_2                             0x2000000c   Data           4  main.o(.data)
    motor_data_3                             0x20000010   Data           4  main.o(.data)
    set_speed_0                              0x20000014   Data           4  main.o(.data)
    set_speed_1                              0x20000018   Data           4  main.o(.data)
    set_speed_2                              0x2000001c   Data           4  main.o(.data)
    last_jetson_data                         0x20000020   Data           2  freertos.o(.data)
    vw                                       0x20000024   Data           4  freertos.o(.data)
    error_tof_x                              0x20000028   Data           4  freertos.o(.data)
    rolling_flag                             0x2000002c   Data           4  freertos.o(.data)
    turning_angle                            0x20000030   Data           4  freertos.o(.data)
    go_to_roll                               0x20000034   Data           4  freertos.o(.data)
    comp_angle                               0x20000038   Data           4  freertos.o(.data)
    stt                                      0x2000003c   Data           4  freertos.o(.data)
    crmm                                     0x20000040   Data           4  freertos.o(.data)
    vx                                       0x20000050   Data           4  freertos.o(.data)
    vy                                       0x20000054   Data           4  freertos.o(.data)
    error_tof_y                              0x20000058   Data           4  freertos.o(.data)
    defaultTaskHandle                        0x2000005c   Data           4  freertos.o(.data)
    PID_ControlHandle                        0x20000060   Data           4  freertos.o(.data)
    Move_controlHandle                       0x20000064   Data           4  freertos.o(.data)
    jeston_flag                              0x2000006c   Data           4  usart.o(.data)
    count_imu                                0x20000070   Data           1  usart.o(.data)
    last_rsnum                               0x20000071   Data           1  usart.o(.data)
    rsimu_flag                               0x20000072   Data           1  usart.o(.data)
    rsacc_flag                               0x20000073   Data           1  usart.o(.data)
    RxByte                                   0x2000007b   Data           1  usart.o(.data)
    Uart3_Receive_buf                        0x2000007c   Data           1  usart.o(.data)
    confidence                               0x2000007d   Data           1  usart.o(.data)
    uart7RxLength                            0x20000080   Data           2  usart.o(.data)
    uart8RxLength                            0x20000082   Data           2  usart.o(.data)
    jetson_data                              0x20000084   Data           2  usart.o(.data)
    receive_cnt                              0x20000086   Data           2  usart.o(.data)
    distance                                 0x20000088   Data           2  usart.o(.data)
    noise                                    0x2000008a   Data           2  usart.o(.data)
    reftof                                   0x2000008c   Data           2  usart.o(.data)
    uart7Rx                                  0x20000094   Data           4  usart.o(.data)
    peak                                     0x20000098   Data           4  usart.o(.data)
    intg                                     0x2000009c   Data           4  usart.o(.data)
    uwTickFreq                               0x200000a0   Data           1  stm32f4xx_hal.o(.data)
    uwTickPrio                               0x200000a4   Data           4  stm32f4xx_hal.o(.data)
    uwTick                                   0x200000a8   Data           4  stm32f4xx_hal.o(.data)
    SystemCoreClock                          0x200000ac   Data           4  system_stm32f4xx.o(.data)
    pxCurrentTCB                             0x200000b0   Data           4  tasks.o(.data)
    TOF1                                     0x2000011a   Data           2  can_receive.o(.data)
    TOF2                                     0x2000011c   Data           2  can_receive.o(.data)
    TOF3                                     0x2000011e   Data           2  can_receive.o(.data)
    TOF4                                     0x20000120   Data           2  can_receive.o(.data)
    initial_flag                             0x20000134   Data           1  imu.o(.data)
    rs_imutype                               0x20000138   Data           4  imu.o(.data)
    rs_ahrstype                              0x2000013c   Data           4  imu.o(.data)
    roll_deg                                 0x20000140   Data           4  imu.o(.data)
    pitch_deg                                0x20000144   Data           4  imu.o(.data)
    heading_deg                              0x20000148   Data           4  imu.o(.data)
    gyro_x_deg                               0x2000014c   Data           4  imu.o(.data)
    gyro_y_deg                               0x20000150   Data           4  imu.o(.data)
    gyro_z_deg                               0x20000154   Data           4  imu.o(.data)
    initial_angle                            0x20000158   Data           4  imu.o(.data)
    up_done_flag                             0x2000015c   Data           1  move_way.o(.data)
    test_flag                                0x20000160   Data           4  move_way.o(.data)
    half_move                                0x20000164   Data           4  move_way.o(.data)
    walling_start                            0x20000168   Data           4  move_way.o(.data)
    met                                      0x2000016c   Data           4  move_way.o(.data)
    CR_flag                                  0x20000170   Data           4  move_way.o(.data)
    tram                                     0x20000174   Data           4  move_way.o(.data)
    turn_ward                                0x20000178   Data           4  move_way.o(.data)
    waiting_up                               0x2000017c   Data           4  move_way.o(.data)
    vv                                       0x20000180   Data           4  move_way.o(.data)
    motor_pid_0                              0x20000188   Data          92  main.o(.bss)
    motor_pid_1                              0x200001e4   Data          92  main.o(.bss)
    motor_pid_2                              0x20000240   Data          92  main.o(.bss)
    motor_pid_3                              0x2000029c   Data          92  main.o(.bss)
    angle_pid                                0x200002f8   Data          92  main.o(.bss)
    rof_pid                                  0x20000354   Data          92  main.o(.bss)
    hcan1                                    0x20000604   Data          40  can.o(.bss)
    hcan2                                    0x2000062c   Data          40  can.o(.bss)
    uart8Rx                                  0x20000654   Data          32  usart.o(.bss)
    huart7                                   0x20000674   Data          72  usart.o(.bss)
    huart8                                   0x200006bc   Data          72  usart.o(.bss)
    huart2                                   0x20000704   Data          72  usart.o(.bss)
    huart6                                   0x2000074c   Data          72  usart.o(.bss)
    hdma_uart7_rx                            0x20000794   Data          96  usart.o(.bss)
    hdma_uart8_rx                            0x200007f4   Data          96  usart.o(.bss)
    Pack_Data                                0x20000854   Data         240  usart.o(.bss)
    data_to_send                             0x20000944   Data          50  usart.o(.bss)
    htim6                                    0x20000978   Data          72  stm32f4xx_hal_timebase_tim.o(.bss)
    filters                                  0x200046b0   Data         176  pid.o(.bss)
    motor_chassis                            0x20004760   Data          40  can_receive.o(.bss)
    Send_Data                                0x200047b8   Data          48  imu.o(.bss)
    Receive_Data                             0x200047e8   Data          32  imu.o(.bss)
    Fd_rsimu                                 0x20004808   Data          64  imu.o(.bss)
    Fd_rsahrs                                0x20004848   Data          56  imu.o(.bss)
    IMUData_Packet                           0x20004880   Data          52  imu.o(.bss)
    AHRSData_Packet                          0x200048b4   Data          44  imu.o(.bss)
    Fd_data                                  0x200048e0   Data          64  imu.o(.bss)
    level                                    0x20004920   Data          16  move_way.o(.bss)
    __initial_sp                             0x20004d30   Data           0  startup_stm32f427xx.o(STACK)



==============================================================================

Memory Map of the image

  Image Entry point : 0x080001ad

  Load Region LR_IROM1 (Base: 0x08000000, Size: 0x00006670, Max: 0x00200000, ABSOLUTE, COMPRESSED[0x00006504])

    Execution Region ER_IROM1 (Exec base: 0x08000000, Load base: 0x08000000, Size: 0x000064e8, Max: 0x00200000, ABSOLUTE)

    Exec Addr    Load Addr    Size         Type   Attr      Idx    E Section Name        Object

    0x08000000   0x08000000   0x000001ac   Data   RO            3    RESET               startup_stm32f427xx.o
    0x080001ac   0x080001ac   0x00000000   Code   RO         5488  * .ARM.Collect$$$$00000000  mc_w.l(entry.o)
    0x080001ac   0x080001ac   0x00000004   Code   RO         5854    .ARM.Collect$$$$00000001  mc_w.l(entry2.o)
    0x080001b0   0x080001b0   0x00000004   Code   RO         5857    .ARM.Collect$$$$00000004  mc_w.l(entry5.o)
    0x080001b4   0x080001b4   0x00000000   Code   RO         5859    .ARM.Collect$$$$00000008  mc_w.l(entry7b.o)
    0x080001b4   0x080001b4   0x00000000   Code   RO         5861    .ARM.Collect$$$$0000000A  mc_w.l(entry8b.o)
    0x080001b4   0x080001b4   0x00000008   Code   RO         5862    .ARM.Collect$$$$0000000B  mc_w.l(entry9a.o)
    0x080001bc   0x080001bc   0x00000004   Code   RO         5869    .ARM.Collect$$$$0000000E  mc_w.l(entry12b.o)
    0x080001c0   0x080001c0   0x00000000   Code   RO         5864    .ARM.Collect$$$$0000000F  mc_w.l(entry10a.o)
    0x080001c0   0x080001c0   0x00000000   Code   RO         5866    .ARM.Collect$$$$00000011  mc_w.l(entry11a.o)
    0x080001c0   0x080001c0   0x00000004   Code   RO         5855    .ARM.Collect$$$$00002712  mc_w.l(entry2.o)
    0x080001c4   0x080001c4   0x000000be   Code   RO         4804    .emb_text           port.o
    0x08000282   0x08000282   0x00000002   PAD
    0x08000284   0x08000284   0x00000024   Code   RO            4    .text               startup_stm32f427xx.o
    0x080002a8   0x080002a8   0x00000062   Code   RO         5498    .text               mc_w.l(uldiv.o)
    0x0800030a   0x0800030a   0x00000024   Code   RO         5500    .text               mc_w.l(memcpya.o)
    0x0800032e   0x0800032e   0x00000024   Code   RO         5504    .text               mc_w.l(memseta.o)
    0x08000352   0x08000352   0x0000014e   Code   RO         5797    .text               mf_w.l(dadd.o)
    0x080004a0   0x080004a0   0x000000e4   Code   RO         5799    .text               mf_w.l(dmul.o)
    0x08000584   0x08000584   0x000000de   Code   RO         5801    .text               mf_w.l(ddiv.o)
    0x08000662   0x08000662   0x00000022   Code   RO         5803    .text               mf_w.l(dflti.o)
    0x08000684   0x08000684   0x00000026   Code   RO         5807    .text               mf_w.l(f2d.o)
    0x080006aa   0x080006aa   0x00000038   Code   RO         5811    .text               mf_w.l(d2f.o)
    0x080006e2   0x080006e2   0x0000001e   Code   RO         5872    .text               mc_w.l(llshl.o)
    0x08000700   0x08000700   0x00000020   Code   RO         5874    .text               mc_w.l(llushr.o)
    0x08000720   0x08000720   0x00000024   Code   RO         5876    .text               mc_w.l(llsshr.o)
    0x08000744   0x08000744   0x00000000   Code   RO         5887    .text               mc_w.l(iusefp.o)
    0x08000744   0x08000744   0x0000006e   Code   RO         5888    .text               mf_w.l(fepilogue.o)
    0x080007b2   0x080007b2   0x000000ba   Code   RO         5890    .text               mf_w.l(depilogue.o)
    0x0800086c   0x0800086c   0x0000002e   Code   RO         5894    .text               mf_w.l(dscalb.o)
    0x0800089a   0x0800089a   0x000000a2   Code   RO         5896    .text               mf_w.l(dsqrt.o)
    0x0800093c   0x0800093c   0x00000030   Code   RO         5900    .text               mf_w.l(cdrcmple.o)
    0x0800096c   0x0800096c   0x00000024   Code   RO         5904    .text               mc_w.l(init.o)
    0x08000990   0x08000990   0x00000056   Code   RO         5914    .text               mc_w.l(__dczerorl2.o)
    0x080009e6   0x080009e6   0x00000002   Code   RO          566    i.BusFault_Handler  stm32f4xx_it.o
    0x080009e8   0x080009e8   0x0000000c   Code   RO          567    i.CAN1_RX0_IRQHandler  stm32f4xx_it.o
    0x080009f4   0x080009f4   0x0000000c   Code   RO          568    i.CAN1_TX_IRQHandler  stm32f4xx_it.o
    0x08000a00   0x08000a00   0x0000000c   Code   RO          569    i.CAN2_RX0_IRQHandler  stm32f4xx_it.o
    0x08000a0c   0x08000a0c   0x0000000c   Code   RO          570    i.CAN2_TX_IRQHandler  stm32f4xx_it.o
    0x08000a18   0x08000a18   0x00000048   Code   RO         5027    i.CAN_cmd_chassis   can_receive.o
    0x08000a60   0x08000a60   0x00000050   Code   RO         5028    i.CAN_cmd_up        can_receive.o
    0x08000ab0   0x08000ab0   0x00000090   Code   RO         5257    i.DATA_Trans        imu.o
    0x08000b40   0x08000b40   0x0000000c   Code   RO          571    i.DMA1_Stream3_IRQHandler  stm32f4xx_it.o
    0x08000b4c   0x08000b4c   0x0000000c   Code   RO          572    i.DMA1_Stream6_IRQHandler  stm32f4xx_it.o
    0x08000b58   0x08000b58   0x00000028   Code   RO         1486    i.DMA_CalcBaseAndBitshift  stm32f4xx_hal_dma.o
    0x08000b80   0x08000b80   0x00000054   Code   RO         1487    i.DMA_CheckFifoParam  stm32f4xx_hal_dma.o
    0x08000bd4   0x08000bd4   0x00000028   Code   RO         1488    i.DMA_SetConfig     stm32f4xx_hal_dma.o
    0x08000bfc   0x08000bfc   0x00000002   Code   RO          573    i.DebugMon_Handler  stm32f4xx_it.o
    0x08000bfe   0x08000bfe   0x00000004   Code   RO           59    i.Error_Handler     main.o
    0x08000c02   0x08000c02   0x00000010   Code   RO         5165    i.Fabs              qmath.o
    0x08000c12   0x08000c12   0x00000024   Code   RO          742    i.HAL_CAN_ActivateNotification  stm32f4xx_hal_can.o
    0x08000c36   0x08000c36   0x000000d0   Code   RO          743    i.HAL_CAN_AddTxMessage  stm32f4xx_hal_can.o
    0x08000d06   0x08000d06   0x00000002   PAD
    0x08000d08   0x08000d08   0x0000010c   Code   RO          744    i.HAL_CAN_ConfigFilter  stm32f4xx_hal_can.o
    0x08000e14   0x08000e14   0x00000002   Code   RO          747    i.HAL_CAN_ErrorCallback  stm32f4xx_hal_can.o
    0x08000e16   0x08000e16   0x000000f4   Code   RO          750    i.HAL_CAN_GetRxMessage  stm32f4xx_hal_can.o
    0x08000f0a   0x08000f0a   0x000001fc   Code   RO          754    i.HAL_CAN_IRQHandler  stm32f4xx_hal_can.o
    0x08001106   0x08001106   0x0000011a   Code   RO          755    i.HAL_CAN_Init      stm32f4xx_hal_can.o
    0x08001220   0x08001220   0x0000011c   Code   RO          394    i.HAL_CAN_MspInit   can.o
    0x0800133c   0x0800133c   0x00000002   Code   RO          762    i.HAL_CAN_RxFifo0FullCallback  stm32f4xx_hal_can.o
    0x0800133e   0x0800133e   0x00000002   PAD
    0x08001340   0x08001340   0x000000c4   Code   RO         5029    i.HAL_CAN_RxFifo0MsgPendingCallback  can_receive.o
    0x08001404   0x08001404   0x00000002   Code   RO          764    i.HAL_CAN_RxFifo1FullCallback  stm32f4xx_hal_can.o
    0x08001406   0x08001406   0x00000002   Code   RO          765    i.HAL_CAN_RxFifo1MsgPendingCallback  stm32f4xx_hal_can.o
    0x08001408   0x08001408   0x00000002   Code   RO          766    i.HAL_CAN_SleepCallback  stm32f4xx_hal_can.o
    0x0800140a   0x0800140a   0x00000002   PAD
    0x0800140c   0x0800140c   0x00000058   Code   RO          767    i.HAL_CAN_Start     stm32f4xx_hal_can.o
    0x08001464   0x08001464   0x00000002   Code   RO          769    i.HAL_CAN_TxMailbox0AbortCallback  stm32f4xx_hal_can.o
    0x08001466   0x08001466   0x00000002   Code   RO          770    i.HAL_CAN_TxMailbox0CompleteCallback  stm32f4xx_hal_can.o
    0x08001468   0x08001468   0x00000002   Code   RO          771    i.HAL_CAN_TxMailbox1AbortCallback  stm32f4xx_hal_can.o
    0x0800146a   0x0800146a   0x00000002   Code   RO          772    i.HAL_CAN_TxMailbox1CompleteCallback  stm32f4xx_hal_can.o
    0x0800146c   0x0800146c   0x00000002   Code   RO          773    i.HAL_CAN_TxMailbox2AbortCallback  stm32f4xx_hal_can.o
    0x0800146e   0x0800146e   0x00000002   Code   RO          774    i.HAL_CAN_TxMailbox2CompleteCallback  stm32f4xx_hal_can.o
    0x08001470   0x08001470   0x00000002   Code   RO          776    i.HAL_CAN_WakeUpFromRxMsgCallback  stm32f4xx_hal_can.o
    0x08001472   0x08001472   0x00000092   Code   RO         1489    i.HAL_DMA_Abort     stm32f4xx_hal_dma.o
    0x08001504   0x08001504   0x00000024   Code   RO         1490    i.HAL_DMA_Abort_IT  stm32f4xx_hal_dma.o
    0x08001528   0x08001528   0x000001a0   Code   RO         1494    i.HAL_DMA_IRQHandler  stm32f4xx_hal_dma.o
    0x080016c8   0x080016c8   0x000000d4   Code   RO         1495    i.HAL_DMA_Init      stm32f4xx_hal_dma.o
    0x0800179c   0x0800179c   0x0000006e   Code   RO         1499    i.HAL_DMA_Start_IT  stm32f4xx_hal_dma.o
    0x0800180a   0x0800180a   0x00000002   PAD
    0x0800180c   0x0800180c   0x00000234   Code   RO         1382    i.HAL_GPIO_Init     stm32f4xx_hal_gpio.o
    0x08001a40   0x08001a40   0x0000000a   Code   RO         1386    i.HAL_GPIO_WritePin  stm32f4xx_hal_gpio.o
    0x08001a4a   0x08001a4a   0x00000002   PAD
    0x08001a4c   0x08001a4c   0x0000000c   Code   RO         1940    i.HAL_GetTick       stm32f4xx_hal.o
    0x08001a58   0x08001a58   0x00000010   Code   RO         1946    i.HAL_IncTick       stm32f4xx_hal.o
    0x08001a68   0x08001a68   0x00000034   Code   RO         1947    i.HAL_Init          stm32f4xx_hal.o
    0x08001a9c   0x08001a9c   0x00000098   Code   RO          702    i.HAL_InitTick      stm32f4xx_hal_timebase_tim.o
    0x08001b34   0x08001b34   0x00000038   Code   RO          678    i.HAL_MspInit       stm32f4xx_hal_msp.o
    0x08001b6c   0x08001b6c   0x0000001a   Code   RO         1790    i.HAL_NVIC_EnableIRQ  stm32f4xx_hal_cortex.o
    0x08001b86   0x08001b86   0x00000002   PAD
    0x08001b88   0x08001b88   0x00000040   Code   RO         1796    i.HAL_NVIC_SetPriority  stm32f4xx_hal_cortex.o
    0x08001bc8   0x08001bc8   0x00000024   Code   RO         1797    i.HAL_NVIC_SetPriorityGrouping  stm32f4xx_hal_cortex.o
    0x08001bec   0x08001bec   0x00000070   Code   RO         1718    i.HAL_PWREx_EnableOverDrive  stm32f4xx_hal_pwr_ex.o
    0x08001c5c   0x08001c5c   0x00000134   Code   RO          976    i.HAL_RCC_ClockConfig  stm32f4xx_hal_rcc.o
    0x08001d90   0x08001d90   0x00000040   Code   RO          980    i.HAL_RCC_GetClockConfig  stm32f4xx_hal_rcc.o
    0x08001dd0   0x08001dd0   0x00000020   Code   RO          983    i.HAL_RCC_GetPCLK1Freq  stm32f4xx_hal_rcc.o
    0x08001df0   0x08001df0   0x00000020   Code   RO          984    i.HAL_RCC_GetPCLK2Freq  stm32f4xx_hal_rcc.o
    0x08001e10   0x08001e10   0x00000064   Code   RO          985    i.HAL_RCC_GetSysClockFreq  stm32f4xx_hal_rcc.o
    0x08001e74   0x08001e74   0x0000036c   Code   RO          988    i.HAL_RCC_OscConfig  stm32f4xx_hal_rcc.o
    0x080021e0   0x080021e0   0x00000002   Code   RO         2901    i.HAL_TIMEx_BreakCallback  stm32f4xx_hal_tim_ex.o
    0x080021e2   0x080021e2   0x00000002   Code   RO         2902    i.HAL_TIMEx_CommutCallback  stm32f4xx_hal_tim_ex.o
    0x080021e4   0x080021e4   0x0000005a   Code   RO         2197    i.HAL_TIM_Base_Init  stm32f4xx_hal_tim.o
    0x0800223e   0x0800223e   0x00000002   Code   RO         2199    i.HAL_TIM_Base_MspInit  stm32f4xx_hal_tim.o
    0x08002240   0x08002240   0x00000080   Code   RO         2202    i.HAL_TIM_Base_Start_IT  stm32f4xx_hal_tim.o
    0x080022c0   0x080022c0   0x00000002   Code   RO         2231    i.HAL_TIM_IC_CaptureCallback  stm32f4xx_hal_tim.o
    0x080022c2   0x080022c2   0x00000130   Code   RO         2245    i.HAL_TIM_IRQHandler  stm32f4xx_hal_tim.o
    0x080023f2   0x080023f2   0x00000002   Code   RO         2248    i.HAL_TIM_OC_DelayElapsedCallback  stm32f4xx_hal_tim.o
    0x080023f4   0x080023f4   0x00000002   Code   RO         2275    i.HAL_TIM_PWM_PulseFinishedCallback  stm32f4xx_hal_tim.o
    0x080023f6   0x080023f6   0x00000002   PAD
    0x080023f8   0x080023f8   0x00000014   Code   RO           60    i.HAL_TIM_PeriodElapsedCallback  main.o
    0x0800240c   0x0800240c   0x00000002   Code   RO         2288    i.HAL_TIM_TriggerCallback  stm32f4xx_hal_tim.o
    0x0800240e   0x0800240e   0x00000002   Code   RO         3180    i.HAL_UARTEx_RxEventCallback  stm32f4xx_hal_uart.o
    0x08002410   0x08002410   0x00000002   Code   RO         3194    i.HAL_UART_ErrorCallback  stm32f4xx_hal_uart.o
    0x08002412   0x08002412   0x00000002   PAD
    0x08002414   0x08002414   0x00000270   Code   RO         3197    i.HAL_UART_IRQHandler  stm32f4xx_hal_uart.o
    0x08002684   0x08002684   0x00000064   Code   RO         3198    i.HAL_UART_Init     stm32f4xx_hal_uart.o
    0x080026e8   0x080026e8   0x000001c0   Code   RO          468    i.HAL_UART_MspInit  usart.o
    0x080028a8   0x080028a8   0x0000001c   Code   RO         3202    i.HAL_UART_Receive_DMA  stm32f4xx_hal_uart.o
    0x080028c4   0x080028c4   0x0000001c   Code   RO         3203    i.HAL_UART_Receive_IT  stm32f4xx_hal_uart.o
    0x080028e0   0x080028e0   0x0000037c   Code   RO          469    i.HAL_UART_RxCpltCallback  usart.o
    0x08002c5c   0x08002c5c   0x00000002   Code   RO         3205    i.HAL_UART_RxHalfCpltCallback  stm32f4xx_hal_uart.o
    0x08002c5e   0x08002c5e   0x000000a0   Code   RO         3206    i.HAL_UART_Transmit  stm32f4xx_hal_uart.o
    0x08002cfe   0x08002cfe   0x00000002   Code   RO         3209    i.HAL_UART_TxCpltCallback  stm32f4xx_hal_uart.o
    0x08002d00   0x08002d00   0x00000002   Code   RO          574    i.HardFault_Handler  stm32f4xx_it.o
    0x08002d02   0x08002d02   0x00000002   PAD
    0x08002d04   0x08002d04   0x00000044   Code   RO          395    i.MX_CAN1_Init      can.o
    0x08002d48   0x08002d48   0x00000048   Code   RO          396    i.MX_CAN2_Init      can.o
    0x08002d90   0x08002d90   0x0000003c   Code   RO          442    i.MX_DMA_Init       dma.o
    0x08002dcc   0x08002dcc   0x00000054   Code   RO          307    i.MX_FREERTOS_Init  freertos.o
    0x08002e20   0x08002e20   0x0000008c   Code   RO          283    i.MX_GPIO_Init      gpio.o
    0x08002eac   0x08002eac   0x00000038   Code   RO          471    i.MX_UART7_Init     usart.o
    0x08002ee4   0x08002ee4   0x00000038   Code   RO          472    i.MX_UART8_Init     usart.o
    0x08002f1c   0x08002f1c   0x00000038   Code   RO          473    i.MX_USART2_UART_Init  usart.o
    0x08002f54   0x08002f54   0x00000038   Code   RO          474    i.MX_USART6_UART_Init  usart.o
    0x08002f8c   0x08002f8c   0x00000002   Code   RO          575    i.MemManage_Handler  stm32f4xx_it.o
    0x08002f8e   0x08002f8e   0x00000002   PAD
    0x08002f90   0x08002f90   0x00000168   Code   RO          308    i.Move_control_task  freertos.o
    0x080030f8   0x080030f8   0x00000002   Code   RO          576    i.NMI_Handler       stm32f4xx_it.o
    0x080030fa   0x080030fa   0x00000002   PAD
    0x080030fc   0x080030fc   0x00000150   Code   RO          309    i.PID_Control_Function  freertos.o
    0x0800324c   0x0800324c   0x000001c4   Code   RO         4975    i.PID_calc          pid.o
    0x08003410   0x08003410   0x00000084   Code   RO         4977    i.PID_init          pid.o
    0x08003494   0x08003494   0x000000fc   Code   RO          310    i.StartDefaultTask  freertos.o
    0x08003590   0x08003590   0x0000002c   Code   RO         4805    i.SysTick_Handler   port.o
    0x080035bc   0x080035bc   0x000000a0   Code   RO           61    i.SystemClock_Config  main.o
    0x0800365c   0x0800365c   0x00000010   Code   RO         3532    i.SystemInit        system_stm32f4xx.o
    0x0800366c   0x0800366c   0x0000000c   Code   RO          577    i.TIM6_DAC_IRQHandler  stm32f4xx_it.o
    0x08003678   0x08003678   0x000000d8   Code   RO         2290    i.TIM_Base_SetConfig  stm32f4xx_hal_tim.o
    0x08003750   0x08003750   0x000001d0   Code   RO         5260    i.TTL_Hex2Dec       imu.o
    0x08003920   0x08003920   0x00000010   Code   RO         3211    i.UART_DMAAbortOnError  stm32f4xx_hal_uart.o
    0x08003930   0x08003930   0x0000004a   Code   RO         3212    i.UART_DMAError     stm32f4xx_hal_uart.o
    0x0800397a   0x0800397a   0x00000086   Code   RO         3213    i.UART_DMAReceiveCplt  stm32f4xx_hal_uart.o
    0x08003a00   0x08003a00   0x0000001e   Code   RO         3215    i.UART_DMARxHalfCplt  stm32f4xx_hal_uart.o
    0x08003a1e   0x08003a1e   0x0000004e   Code   RO         3221    i.UART_EndRxTransfer  stm32f4xx_hal_uart.o
    0x08003a6c   0x08003a6c   0x0000001c   Code   RO         3222    i.UART_EndTxTransfer  stm32f4xx_hal_uart.o
    0x08003a88   0x08003a88   0x000000c2   Code   RO         3223    i.UART_Receive_IT   stm32f4xx_hal_uart.o
    0x08003b4a   0x08003b4a   0x00000002   PAD
    0x08003b4c   0x08003b4c   0x0000010c   Code   RO         3224    i.UART_SetConfig    stm32f4xx_hal_uart.o
    0x08003c58   0x08003c58   0x00000090   Code   RO         3225    i.UART_Start_Receive_DMA  stm32f4xx_hal_uart.o
    0x08003ce8   0x08003ce8   0x00000036   Code   RO         3226    i.UART_Start_Receive_IT  stm32f4xx_hal_uart.o
    0x08003d1e   0x08003d1e   0x00000072   Code   RO         3227    i.UART_WaitOnFlagUntilTimeout  stm32f4xx_hal_uart.o
    0x08003d90   0x08003d90   0x0000000c   Code   RO          578    i.USART2_IRQHandler  stm32f4xx_it.o
    0x08003d9c   0x08003d9c   0x0000000c   Code   RO          579    i.USART6_IRQHandler  stm32f4xx_it.o
    0x08003da8   0x08003da8   0x00000064   Code   RO          475    i.USR_UartInit      usart.o
    0x08003e0c   0x08003e0c   0x00000002   Code   RO          580    i.UsageFault_Handler  stm32f4xx_it.o
    0x08003e0e   0x08003e0e   0x00000030   Code   RO         5833    i.__ARM_fpclassify  m_wm.l(fpclassify.o)
    0x08003e3e   0x08003e3e   0x00000026   Code   RO         5835    i.__ARM_fpclassifyf  m_wm.l(fpclassifyf.o)
    0x08003e64   0x08003e64   0x00000020   Code   RO         1803    i.__NVIC_SetPriority  stm32f4xx_hal_cortex.o
    0x08003e84   0x08003e84   0x000001e8   Code   RO         5448    i.__hardfp_expf     m_wm.l(expf.o)
    0x0800406c   0x0800406c   0x00000004   PAD
    0x08004070   0x08004070   0x00000c50   Code   RO         5462    i.__hardfp_pow      m_wm.l(pow.o)
    0x08004cc0   0x08004cc0   0x000000f8   Code   RO         5851    i.__kernel_poly     m_wm.l(poly.o)
    0x08004db8   0x08004db8   0x00000030   Code   RO         5813    i.__mathlib_dbl_divzero  m_wm.l(dunder.o)
    0x08004de8   0x08004de8   0x00000014   Code   RO         5815    i.__mathlib_dbl_infnan2  m_wm.l(dunder.o)
    0x08004dfc   0x08004dfc   0x00000004   PAD
    0x08004e00   0x08004e00   0x00000020   Code   RO         5816    i.__mathlib_dbl_invalid  m_wm.l(dunder.o)
    0x08004e20   0x08004e20   0x00000020   Code   RO         5817    i.__mathlib_dbl_overflow  m_wm.l(dunder.o)
    0x08004e40   0x08004e40   0x00000020   Code   RO         5819    i.__mathlib_dbl_underflow  m_wm.l(dunder.o)
    0x08004e60   0x08004e60   0x00000006   Code   RO         5838    i.__mathlib_flt_infnan  m_wm.l(funder.o)
    0x08004e66   0x08004e66   0x00000002   PAD
    0x08004e68   0x08004e68   0x00000010   Code   RO         5841    i.__mathlib_flt_overflow  m_wm.l(funder.o)
    0x08004e78   0x08004e78   0x00000010   Code   RO         5843    i.__mathlib_flt_underflow  m_wm.l(funder.o)
    0x08004e88   0x08004e88   0x0000000e   Code   RO         5908    i.__scatterload_copy  mc_w.l(handlers.o)
    0x08004e96   0x08004e96   0x00000002   Code   RO         5909    i.__scatterload_null  mc_w.l(handlers.o)
    0x08004e98   0x08004e98   0x0000000e   Code   RO         5910    i.__scatterload_zeroinit  mc_w.l(handlers.o)
    0x08004ea6   0x08004ea6   0x00000002   PAD
    0x08004ea8   0x08004ea8   0x0000000c   Code   RO         5882    i.__set_errno       mc_w.l(errno.o)
    0x08004eb4   0x08004eb4   0x00000030   Code   RO         5262    i.angle_change      imu.o
    0x08004ee4   0x08004ee4   0x00000058   Code   RO         4884    i.can_filter_init   bsp_can.o
    0x08004f3c   0x08004f3c   0x000000a4   Code   RO          476    i.data_process      usart.o
    0x08004fe0   0x08004fe0   0x00000018   Code   RO         5829    i.fabs              m_wm.l(fabs.o)
    0x08004ff8   0x08004ff8   0x00000014   Code   RO         5030    i.get_chassis_motor_measure_point  can_receive.o
    0x0800500c   0x0800500c   0x0000003c   Code   RO         4978    i.initFilters       pid.o
    0x08005048   0x08005048   0x00000128   Code   RO           62    i.main              main.o
    0x08005170   0x08005170   0x0000000c   Code   RO         4370    i.makeFreeRtosPriority  cmsis_os.o
    0x0800517c   0x0800517c   0x00000070   Code   RO          311    i.move_solution     freertos.o
    0x080051ec   0x080051ec   0x00000284   Code   RO         5327    i.move_to_container2  move_way.o
    0x08005470   0x08005470   0x000000f8   Code   RO         5328    i.move_to_desk2     move_way.o
    0x08005568   0x08005568   0x00000050   Code   RO         4979    i.movingAverageFilter  pid.o
    0x080055b8   0x080055b8   0x00000010   Code   RO         4372    i.osDelay           cmsis_os.o
    0x080055c8   0x080055c8   0x0000000a   Code   RO         4375    i.osKernelStart     cmsis_os.o
    0x080055d2   0x080055d2   0x0000005c   Code   RO         4409    i.osThreadCreate    cmsis_os.o
    0x0800562e   0x0800562e   0x00000002   PAD
    0x08005630   0x08005630   0x00000078   Code   RO         4041    i.prvAddCurrentTaskToDelayedList  tasks.o
    0x080056a8   0x080056a8   0x00000088   Code   RO         4042    i.prvAddNewTaskToReadyList  tasks.o
    0x08005730   0x08005730   0x00000040   Code   RO         4043    i.prvCheckTasksWaitingTermination  tasks.o
    0x08005770   0x08005770   0x00000040   Code   RO         4044    i.prvDeleteTCB      tasks.o
    0x080057b0   0x080057b0   0x00000050   Code   RO         4737    i.prvHeapInit       heap_4.o
    0x08005800   0x08005800   0x00000028   Code   RO         4045    i.prvIdleTask       tasks.o
    0x08005828   0x08005828   0x0000007e   Code   RO         4046    i.prvInitialiseNewTask  tasks.o
    0x080058a6   0x080058a6   0x00000002   PAD
    0x080058a8   0x080058a8   0x00000060   Code   RO         4047    i.prvInitialiseTaskLists  tasks.o
    0x08005908   0x08005908   0x0000005c   Code   RO         4738    i.prvInsertBlockIntoFreeList  heap_4.o
    0x08005964   0x08005964   0x00000024   Code   RO         4048    i.prvResetNextTaskUnblockTime  tasks.o
    0x08005988   0x08005988   0x00000030   Code   RO         4806    i.prvTaskExitError  port.o
    0x080059b8   0x080059b8   0x000000e8   Code   RO         4739    i.pvPortMalloc      heap_4.o
    0x08005aa0   0x08005aa0   0x0000002c   Code   RO         4807    i.pxPortInitialiseStack  port.o
    0x08005acc   0x08005acc   0x0000006e   Code   RO         5478    i.sqrt              m_wm.l(sqrt.o)
    0x08005b3a   0x08005b3a   0x00000002   PAD
    0x08005b3c   0x08005b3c   0x00000068   Code   RO         5329    i.tof_mvoe2         move_way.o
    0x08005ba4   0x08005ba4   0x000000b4   Code   RO         5330    i.up_move           move_way.o
    0x08005c58   0x08005c58   0x00000026   Code   RO         3667    i.uxListRemove      list.o
    0x08005c7e   0x08005c7e   0x00000002   PAD
    0x08005c80   0x08005c80   0x00000014   Code   RO          312    i.vApplicationGetIdleTaskMemory  freertos.o
    0x08005c94   0x08005c94   0x00000016   Code   RO         3668    i.vListInitialise   list.o
    0x08005caa   0x08005caa   0x00000006   Code   RO         3669    i.vListInitialiseItem  list.o
    0x08005cb0   0x08005cb0   0x00000036   Code   RO         3670    i.vListInsert       list.o
    0x08005ce6   0x08005ce6   0x00000018   Code   RO         3671    i.vListInsertEnd    list.o
    0x08005cfe   0x08005cfe   0x00000002   PAD
    0x08005d00   0x08005d00   0x00000040   Code   RO         4809    i.vPortEnterCritical  port.o
    0x08005d40   0x08005d40   0x0000002c   Code   RO         4810    i.vPortExitCritical  port.o
    0x08005d6c   0x08005d6c   0x00000064   Code   RO         4740    i.vPortFree         heap_4.o
    0x08005dd0   0x08005dd0   0x00000024   Code   RO         4811    i.vPortSetupTimerInterrupt  port.o
    0x08005df4   0x08005df4   0x00000050   Code   RO         4057    i.vTaskDelay        tasks.o
    0x08005e44   0x08005e44   0x00000088   Code   RO         4070    i.vTaskStartScheduler  tasks.o
    0x08005ecc   0x08005ecc   0x00000010   Code   RO         4072    i.vTaskSuspendAll   tasks.o
    0x08005edc   0x08005edc   0x00000060   Code   RO         4073    i.vTaskSwitchContext  tasks.o
    0x08005f3c   0x08005f3c   0x00000104   Code   RO         4813    i.xPortStartScheduler  port.o
    0x08006040   0x08006040   0x0000006c   Code   RO         4076    i.xTaskCreate       tasks.o
    0x080060ac   0x080060ac   0x00000060   Code   RO         4077    i.xTaskCreateStatic  tasks.o
    0x0800610c   0x0800610c   0x000000d4   Code   RO         4084    i.xTaskIncrementTick  tasks.o
    0x080061e0   0x080061e0   0x000000cc   Code   RO         4090    i.xTaskResumeAll    tasks.o
    0x080062ac   0x080062ac   0x000000c0   Data   RO           64    .constdata          main.o
    0x0800636c   0x0800636c   0x00000054   Data   RO          315    .constdata          freertos.o
    0x080063c0   0x080063c0   0x00000008   Data   RO         1501    .constdata          stm32f4xx_hal_dma.o
    0x080063c8   0x080063c8   0x00000010   Data   RO         3533    .constdata          system_stm32f4xx.o
    0x080063d8   0x080063d8   0x00000008   Data   RO         3534    .constdata          system_stm32f4xx.o
    0x080063e0   0x080063e0   0x00000030   Data   RO         5451    .constdata          m_wm.l(expf.o)
    0x08006410   0x08006410   0x00000088   Data   RO         5465    .constdata          m_wm.l(pow.o)
    0x08006498   0x08006498   0x00000008   Data   RO         5853    .constdata          m_wm.l(qnan.o)
    0x080064a0   0x080064a0   0x00000025   Data   RO          316    .conststring        freertos.o
    0x080064c5   0x080064c5   0x00000003   PAD
    0x080064c8   0x080064c8   0x00000020   Data   RO         5906    Region$$Table       anon$$obj.o


    Execution Region RW_IRAM2 (Exec base: 0x10000000, Load base: 0x08006504, Size: 0x00000000, Max: 0x00010000, ABSOLUTE)

    **** No section assigned to this execution region ****


    Execution Region RW_IRAM1 (Exec base: 0x20000000, Load base: 0x080064e8, Size: 0x00004d30, Max: 0x00030000, ABSOLUTE, COMPRESSED[0x0000001c])

    Exec Addr    Load Addr    Size         Type   Attr      Idx    E Section Name        Object

    0x20000000   COMPRESSED   0x00000004   Data   RW           65    .data               main.o
    0x20000004   COMPRESSED   0x00000010   Data   RW           66    .data               main.o
    0x20000014   COMPRESSED   0x00000004   Data   RW           67    .data               main.o
    0x20000018   COMPRESSED   0x00000004   Data   RW           68    .data               main.o
    0x2000001c   COMPRESSED   0x00000004   Data   RW           69    .data               main.o
    0x20000020   COMPRESSED   0x00000048   Data   RW          317    .data               freertos.o
    0x20000068   COMPRESSED   0x00000004   Data   RW          398    .data               can.o
    0x2000006c   COMPRESSED   0x00000004   Data   RW          481    .data               usart.o
    0x20000070   COMPRESSED   0x00000030   Data   RW          483    .data               usart.o
    0x200000a0   COMPRESSED   0x0000000c   Data   RW         1954    .data               stm32f4xx_hal.o
    0x200000ac   COMPRESSED   0x00000004   Data   RW         3535    .data               system_stm32f4xx.o
    0x200000b0   COMPRESSED   0x0000003c   Data   RW         4093    .data               tasks.o
    0x200000ec   COMPRESSED   0x00000020   Data   RW         4746    .data               heap_4.o
    0x2000010c   COMPRESSED   0x0000000c   Data   RW         4814    .data               port.o
    0x20000118   COMPRESSED   0x00000019   Data   RW         5032    .data               can_receive.o
    0x20000131   COMPRESSED   0x00000003   PAD
    0x20000134   COMPRESSED   0x00000028   Data   RW         5266    .data               imu.o
    0x2000015c   COMPRESSED   0x00000028   Data   RW         5333    .data               move_way.o
    0x20000184   COMPRESSED   0x00000004   Data   RW         5883    .data               mc_w.l(errno.o)
    0x20000188        -       0x00000228   Zero   RW           63    .bss                main.o
    0x200003b0        -       0x00000254   Zero   RW          314    .bss                freertos.o
    0x20000604        -       0x00000050   Zero   RW          397    .bss                can.o
    0x20000654        -       0x00000322   Zero   RW          477    .bss                usart.o
    0x20000976   COMPRESSED   0x00000002   PAD
    0x20000978        -       0x00000048   Zero   RW          705    .bss                stm32f4xx_hal_timebase_tim.o
    0x200009c0        -       0x000000f0   Zero   RW         4092    .bss                tasks.o
    0x20000ab0        -       0x00003c00   Zero   RW         4745    .bss                heap_4.o
    0x200046b0        -       0x000000b0   Zero   RW         4980    .bss                pid.o
    0x20004760        -       0x00000058   Zero   RW         5031    .bss                can_receive.o
    0x200047b8        -       0x00000128   Zero   RW         5264    .bss                imu.o
    0x200048e0        -       0x00000040   Zero   RW         5265    .bss                imu.o
    0x20004920        -       0x00000010   Zero   RW         5331    .bss                move_way.o
    0x20004930        -       0x00000400   Zero   RW            1    STACK               startup_stm32f427xx.o


==============================================================================

Image component sizes


      Code (inc. data)   RO Data    RW Data    ZI Data      Debug   Object Name

         0          0          0          0          0       2920   adc_dc.o
        88          8          0          0          0     611966   bsp_can.o
       424         40          0          4         80       2426   can.o
       368         38          0         25         88       4267   can_receive.o
       130          0          0          0          0      22923   cmsis_os.o
        60          4          0          0          0        750   dma.o
         0          0          0          0          0      15356   event_groups.o
      1164        214        121         72        596       6493   freertos.o
       140          8          0          0          0        963   gpio.o
       504         32          0         32      15360       7455   heap_4.o
       656         44          0         40        360       5063   imu.o
       144          0          0          0          0       3486   list.o
       480         62        192         32        552     788301   main.o
      1176        166          0         40         16       5806   move_way.o
       724         32          0          0        176       4268   pid.o
       730         82          0         12          0      10932   port.o
        16          0          0          0          0        483   qmath.o
        36          8        428          0       1024        820   startup_stm32f427xx.o
        80         14          0         12          0       8134   stm32f4xx_hal.o
      1658          6          0          0          0      13987   stm32f4xx_hal_can.o
       158         14          0          0          0      32958   stm32f4xx_hal_cortex.o
      1084         16          8          0          0       7202   stm32f4xx_hal_dma.o
       574         54          0          0          0       2160   stm32f4xx_hal_gpio.o
        56          4          0          0          0        834   stm32f4xx_hal_msp.o
       112         14          0          0          0       1256   stm32f4xx_hal_pwr_ex.o
      1412         86          0          0          0       5785   stm32f4xx_hal_rcc.o
       748         74          0          0          0       7344   stm32f4xx_hal_tim.o
         4          0          0          0          0       1581   stm32f4xx_hal_tim_ex.o
       152         20          0          0         72       1431   stm32f4xx_hal_timebase_tim.o
      2082         30          0          0          0      15850   stm32f4xx_hal_uart.o
       120         54          0          0          0       6789   stm32f4xx_it.o
         0          0          0          0          0        392   stream_buffer.o
        16          4         24          4          0       1079   system_stm32f4xx.o
      1630        142          0         60        240      20341   tasks.o
      1828        146          0         52        802       8817   usart.o

    ----------------------------------------------------------------------
     18588       1416        808        388      19368    1630618   Object Totals
         0          0         32          0          0          0   (incl. Generated)
        34          0          3          3          2          0   (incl. Padding)

    ----------------------------------------------------------------------

      Code (inc. data)   RO Data    RW Data    ZI Data      Debug   Library Member Name

       164         44          0          0          0        620   dunder.o
       488         62         48          0          0        236   expf.o
        24          0          0          0          0        124   fabs.o
        48          0          0          0          0        124   fpclassify.o
        38          0          0          0          0        116   fpclassifyf.o
        38         12          0          0          0        348   funder.o
       248          0          0          0          0        152   poly.o
      3152        296        136          0          0        352   pow.o
         0          0          8          0          0          0   qnan.o
       110          0          0          0          0        148   sqrt.o
        86          0          0          0          0          0   __dczerorl2.o
         0          0          0          0          0          0   entry.o
         0          0          0          0          0          0   entry10a.o
         0          0          0          0          0          0   entry11a.o
         4          0          0          0          0          0   entry12b.o
         8          4          0          0          0          0   entry2.o
         4          0          0          0          0          0   entry5.o
         0          0          0          0          0          0   entry7b.o
         0          0          0          0          0          0   entry8b.o
         8          4          0          0          0          0   entry9a.o
        12          6          0          4          0         68   errno.o
        30          0          0          0          0          0   handlers.o
        36          8          0          0          0         68   init.o
         0          0          0          0          0          0   iusefp.o
        30          0          0          0          0         68   llshl.o
        36          0          0          0          0         68   llsshr.o
        32          0          0          0          0         68   llushr.o
        36          0          0          0          0         68   memcpya.o
        36          0          0          0          0        108   memseta.o
        98          0          0          0          0         92   uldiv.o
        48          0          0          0          0         68   cdrcmple.o
        56          0          0          0          0         88   d2f.o
       334          0          0          0          0        148   dadd.o
       222          0          0          0          0        100   ddiv.o
       186          0          0          0          0        176   depilogue.o
        34          0          0          0          0         76   dflti.o
       228          0          0          0          0         96   dmul.o
        46          0          0          0          0         80   dscalb.o
       162          0          0          0          0        100   dsqrt.o
        38          0          0          0          0         68   f2d.o
       110          0          0          0          0        168   fepilogue.o

    ----------------------------------------------------------------------
      6244        440        192          4          0       3996   Library Totals
        14          4          0          0          0          0   (incl. Padding)

    ----------------------------------------------------------------------

      Code (inc. data)   RO Data    RW Data    ZI Data      Debug   Library Name

      4310        414        192          0          0       2220   m_wm.l
       456         22          0          4          0        608   mc_w.l
      1464          0          0          0          0       1168   mf_w.l

    ----------------------------------------------------------------------
      6244        440        192          4          0       3996   Library Totals

    ----------------------------------------------------------------------

==============================================================================


      Code (inc. data)   RO Data    RW Data    ZI Data      Debug   

     24832       1856       1000        392      19368    1617066   Grand Totals
     24832       1856       1000         28      19368    1617066   ELF Image Totals (compressed)
     24832       1856       1000         28          0          0   ROM Totals

==============================================================================

    Total RO  Size (Code + RO Data)                25832 (  25.23kB)
    Total RW  Size (RW Data + ZI Data)             19760 (  19.30kB)
    Total ROM Size (Code + RO Data + RW Data)      25860 (  25.25kB)

==============================================================================

